Component: ARM Compiler 5.06 update 7 (build 960) Tool: armlink [4d3601]

==============================================================================

Section Cross References

    startup_stm32g431xx.o(RESET) refers to startup_stm32g431xx.o(STACK) for __initial_sp
    startup_stm32g431xx.o(RESET) refers to startup_stm32g431xx.o(.text) for Reset_Handler
    startup_stm32g431xx.o(RESET) refers to stm32g4xx_it.o(i.NMI_Handler) for NMI_Handler
    startup_stm32g431xx.o(RESET) refers to stm32g4xx_it.o(i.HardFault_Handler) for HardFault_Handler
    startup_stm32g431xx.o(RESET) refers to stm32g4xx_it.o(i.MemManage_Handler) for MemManage_Handler
    startup_stm32g431xx.o(RESET) refers to stm32g4xx_it.o(i.BusFault_Handler) for BusFault_Handler
    startup_stm32g431xx.o(RESET) refers to stm32g4xx_it.o(i.UsageFault_Handler) for UsageFault_Handler
    startup_stm32g431xx.o(RESET) refers to stm32g4xx_it.o(i.SVC_Handler) for SVC_Handler
    startup_stm32g431xx.o(RESET) refers to stm32g4xx_it.o(i.DebugMon_Handler) for DebugMon_Handler
    startup_stm32g431xx.o(RESET) refers to stm32g4xx_it.o(i.PendSV_Handler) for PendSV_Handler
    startup_stm32g431xx.o(RESET) refers to stm32g4xx_it.o(i.SysTick_Handler) for SysTick_Handler
    startup_stm32g431xx.o(RESET) refers to stm32g4xx_it.o(i.TIM1_UP_TIM16_IRQHandler) for TIM1_UP_TIM16_IRQHandler
    startup_stm32g431xx.o(RESET) refers to stm32g4xx_it.o(i.TIM2_IRQHandler) for TIM2_IRQHandler
    startup_stm32g431xx.o(RESET) refers to stm32g4xx_it.o(i.TIM3_IRQHandler) for TIM3_IRQHandler
    startup_stm32g431xx.o(RESET) refers to stm32g4xx_it.o(i.USART2_IRQHandler) for USART2_IRQHandler
    startup_stm32g431xx.o(.text) refers to system_stm32g4xx.o(i.SystemInit) for SystemInit
    startup_stm32g431xx.o(.text) refers to entry.o(.ARM.Collect$$$$00000000) for __main
    main.o(i.SystemClock_Config) refers to memseta.o(.text) for __aeabi_memclr4
    main.o(i.SystemClock_Config) refers to stm32g4xx_hal_pwr_ex.o(i.HAL_PWREx_ControlVoltageScaling) for HAL_PWREx_ControlVoltageScaling
    main.o(i.SystemClock_Config) refers to stm32g4xx_hal_rcc.o(i.HAL_RCC_OscConfig) for HAL_RCC_OscConfig
    main.o(i.SystemClock_Config) refers to stm32g4xx_hal_rcc.o(i.HAL_RCC_ClockConfig) for HAL_RCC_ClockConfig
    main.o(i.main) refers to stm32g4xx_hal.o(i.HAL_Init) for HAL_Init
    main.o(i.main) refers to main.o(i.SystemClock_Config) for SystemClock_Config
    main.o(i.main) refers to gpio.o(i.MX_GPIO_Init) for MX_GPIO_Init
    main.o(i.main) refers to usart.o(i.MX_USART2_UART_Init) for MX_USART2_UART_Init
    main.o(i.main) refers to tim.o(i.MX_TIM1_Init) for MX_TIM1_Init
    main.o(i.main) refers to tim.o(i.MX_TIM2_Init) for MX_TIM2_Init
    main.o(i.main) refers to tim.o(i.MX_TIM3_Init) for MX_TIM3_Init
    main.o(i.main) refers to stm32g4xx_hal_tim.o(i.HAL_TIM_Base_Start_IT) for HAL_TIM_Base_Start_IT
    main.o(i.main) refers to foc.o(i.FOC_Init) for FOC_Init
    main.o(i.main) refers to encoder.o(i.Encoder_Init) for Encoder_Init
    main.o(i.main) refers to tim.o(.bss) for htim2
    gpio.o(i.MX_GPIO_Init) refers to memseta.o(.text) for __aeabi_memclr4
    gpio.o(i.MX_GPIO_Init) refers to stm32g4xx_hal_gpio.o(i.HAL_GPIO_WritePin) for HAL_GPIO_WritePin
    gpio.o(i.MX_GPIO_Init) refers to stm32g4xx_hal_gpio.o(i.HAL_GPIO_Init) for HAL_GPIO_Init
    tim.o(i.HAL_TIM_Base_MspDeInit) refers to stm32g4xx_hal_gpio.o(i.HAL_GPIO_DeInit) for HAL_GPIO_DeInit
    tim.o(i.HAL_TIM_Base_MspDeInit) refers to stm32g4xx_hal_cortex.o(i.HAL_NVIC_DisableIRQ) for HAL_NVIC_DisableIRQ
    tim.o(i.HAL_TIM_Base_MspInit) refers to memseta.o(.text) for __aeabi_memclr4
    tim.o(i.HAL_TIM_Base_MspInit) refers to stm32g4xx_hal_gpio.o(i.HAL_GPIO_Init) for HAL_GPIO_Init
    tim.o(i.HAL_TIM_Base_MspInit) refers to stm32g4xx_hal_cortex.o(i.HAL_NVIC_SetPriority) for HAL_NVIC_SetPriority
    tim.o(i.HAL_TIM_Base_MspInit) refers to stm32g4xx_hal_cortex.o(i.HAL_NVIC_EnableIRQ) for HAL_NVIC_EnableIRQ
    tim.o(i.HAL_TIM_IC_CaptureCallback) refers to encoder.o(i.Encoder_IC_Callback) for Encoder_IC_Callback
    tim.o(i.HAL_TIM_MspPostInit) refers to memseta.o(.text) for __aeabi_memclr4
    tim.o(i.HAL_TIM_MspPostInit) refers to stm32g4xx_hal_gpio.o(i.HAL_GPIO_Init) for HAL_GPIO_Init
    tim.o(i.HAL_TIM_PWM_MspDeInit) refers to stm32g4xx_hal_cortex.o(i.HAL_NVIC_DisableIRQ) for HAL_NVIC_DisableIRQ
    tim.o(i.HAL_TIM_PWM_MspInit) refers to stm32g4xx_hal_cortex.o(i.HAL_NVIC_SetPriority) for HAL_NVIC_SetPriority
    tim.o(i.HAL_TIM_PWM_MspInit) refers to stm32g4xx_hal_cortex.o(i.HAL_NVIC_EnableIRQ) for HAL_NVIC_EnableIRQ
    tim.o(i.HAL_TIM_PeriodElapsedCallback) refers to foc.o(i.FOC_velocityOpenLoop) for FOC_velocityOpenLoop
    tim.o(i.HAL_TIM_PeriodElapsedCallback) refers to encoder.o(i.Encoder_GetHallState) for Encoder_GetHallState
    tim.o(i.HAL_TIM_PeriodElapsedCallback) refers to encoder.o(i.Encoder_GetSpeed) for Encoder_GetSpeed
    tim.o(i.HAL_TIM_PeriodElapsedCallback) refers to f2d.o(.text) for __aeabi_f2d
[...]
    ../mathlib/cos.c                         0x00000000   Number         0  cos_x.o ABSOLUTE
    ../mathlib/cos.c                         0x00000000   Number         0  cos.o ABSOLUTE
    ../mathlib/cos_i.c                       0x00000000   Number         0  cos_i.o ABSOLUTE
    ../mathlib/dunder.c                      0x00000000   Number         0  dunder.o ABSOLUTE
    ../mathlib/fabs.c                        0x00000000   Number         0  fabs.o ABSOLUTE
    ../mathlib/fmodf.c                       0x00000000   Number         0  fmodf.o ABSOLUTE
    ../mathlib/fmodf.c                       0x00000000   Number         0  fmodf_x.o ABSOLUTE
    ../mathlib/fpclassify.c                  0x00000000   Number         0  fpclassify.o ABSOLUTE
    ../mathlib/funder.c                      0x00000000   Number         0  funder.o ABSOLUTE
    ../mathlib/poly.c                        0x00000000   Number         0  poly.o ABSOLUTE
    ../mathlib/rred.c                        0x00000000   Number         0  rred.o ABSOLUTE
    ../mathlib/sin.c                         0x00000000   Number         0  sin_x.o ABSOLUTE
    ../mathlib/sin.c                         0x00000000   Number         0  sin.o ABSOLUTE
    ../mathlib/sin_i.c                       0x00000000   Number         0  sin_i_x.o ABSOLUTE
    ../mathlib/sin_i.c                       0x00000000   Number         0  sin_i.o ABSOLUTE
    ../mathlib/sqrt.c                        0x00000000   Number         0  sqrt.o ABSOLUTE
    ../mathlib/sqrt.c                        0x00000000   Number         0  sqrt_x.o ABSOLUTE
    ..\Core\Src\gpio.c                       0x00000000   Number         0  gpio.o ABSOLUTE
    ..\Core\Src\main.c                       0x00000000   Number         0  main.o ABSOLUTE
    ..\Core\Src\stm32g4xx_hal_msp.c          0x00000000   Number         0  stm32g4xx_hal_msp.o ABSOLUTE
    ..\Core\Src\stm32g4xx_it.c               0x00000000   Number         0  stm32g4xx_it.o ABSOLUTE
    ..\Core\Src\system_stm32g4xx.c           0x00000000   Number         0  system_stm32g4xx.o ABSOLUTE
    ..\Core\Src\tim.c                        0x00000000   Number         0  tim.o ABSOLUTE
    ..\Core\Src\usart.c                      0x00000000   Number         0  usart.o ABSOLUTE
    ..\Drivers\STM32G4xx_HAL_Driver\Src\stm32g4xx_hal.c 0x00000000   Number         0  stm32g4xx_hal.o ABSOLUTE
    ..\Drivers\STM32G4xx_HAL_Driver\Src\stm32g4xx_hal_cortex.c 0x00000000   Number         0  stm32g4xx_hal_cortex.o ABSOLUTE
    ..\Drivers\STM32G4xx_HAL_Driver\Src\stm32g4xx_hal_dma.c 0x00000000   Number         0  stm32g4xx_hal_dma.o ABSOLUTE
    ..\Drivers\STM32G4xx_HAL_Driver\Src\stm32g4xx_hal_dma_ex.c 0x00000000   Number         0  stm32g4xx_hal_dma_ex.o ABSOLUTE
    ..\Drivers\STM32G4xx_HAL_Driver\Src\stm32g4xx_hal_exti.c 0x00000000   Number         0  stm32g4xx_hal_exti.o ABSOLUTE
    ..\Drivers\STM32G4xx_HAL_Driver\Src\stm32g4xx_hal_flash.c 0x00000000   Number         0  stm32g4xx_hal_flash.o ABSOLUTE
    ..\Drivers\STM32G4xx_HAL_Driver\Src\stm32g4xx_hal_flash_ex.c 0x00000000   Number         0  stm32g4xx_hal_flash_ex.o ABSOLUTE
    ..\Drivers\STM32G4xx_HAL_Driver\Src\stm32g4xx_hal_flash_ramfunc.c 0x00000000   Number         0  stm32g4xx_hal_flash_ramfunc.o ABSOLUTE
    ..\Drivers\STM32G4xx_HAL_Driver\Src\stm32g4xx_hal_gpio.c 0x00000000   Number         0  stm32g4xx_hal_gpio.o ABSOLUTE
    ..\Drivers\STM32G4xx_HAL_Driver\Src\stm32g4xx_hal_pwr.c 0x00000000   Number         0  stm32g4xx_hal_pwr.o ABSOLUTE
    ..\Drivers\STM32G4xx_HAL_Driver\Src\stm32g4xx_hal_pwr_ex.c 0x00000000   Number         0  stm32g4xx_hal_pwr_ex.o ABSOLUTE
    ..\Drivers\STM32G4xx_HAL_Driver\Src\stm32g4xx_hal_rcc.c 0x00000000   Number         0  stm32g4xx_hal_rcc.o ABSOLUTE
    ..\Drivers\STM32G4xx_HAL_Driver\Src\stm32g4xx_hal_rcc_ex.c 0x00000000   Number         0  stm32g4xx_hal_rcc_ex.o ABSOLUTE
    ..\Drivers\STM32G4xx_HAL_Driver\Src\stm32g4xx_hal_tim.c 0x00000000   Number         0  stm32g4xx_hal_tim.o ABSOLUTE
    ..\Drivers\STM32G4xx_HAL_Driver\Src\stm32g4xx_hal_tim_ex.c 0x00000000   Number         0  stm32g4xx_hal_tim_ex.o ABSOLUTE
    ..\Drivers\STM32G4xx_HAL_Driver\Src\stm32g4xx_hal_uart.c 0x00000000   Number         0  stm32g4xx_hal_uart.o ABSOLUTE
    ..\Drivers\STM32G4xx_HAL_Driver\Src\stm32g4xx_hal_uart_ex.c 0x00000000   Number         0  stm32g4xx_hal_uart_ex.o ABSOLUTE
    cdcmple.s                                0x00000000   Number         0  cdcmple.o ABSOLUTE
    cdrcmple.s                               0x00000000   Number         0  cdrcmple.o ABSOLUTE
    dc.s                                     0x00000000   Number         0  dc.o ABSOLUTE
    handlers.s                               0x00000000   Number         0  handlers.o ABSOLUTE
    init.s                                   0x00000000   Number         0  init.o ABSOLUTE
    startup_stm32g431xx.s                    0x00000000   Number         0  startup_stm32g431xx.o ABSOLUTE
    user\BLDC_motor\BLDC_motor.c             0x00000000   Number         0  bldc_motor.o ABSOLUTE
    user\\BLDC_motor\\BLDC_motor.c           0x00000000   Number         0  bldc_motor.o ABSOLUTE
    user\\bms\\bms.c                         0x00000000   Number         0  bms.o ABSOLUTE
    user\\comm\\comm.c                       0x00000000   Number         0  comm.o ABSOLUTE
    user\\display\\display.c                 0x00000000   Number         0  display.o ABSOLUTE
    user\\encoder\\encoder.c                 0x00000000   Number         0  encoder.o ABSOLUTE
    user\\foc\\foc.c                         0x00000000   Number         0  foc.o ABSOLUTE
    user\\key\\key.c                         0x00000000   Number         0  key.o ABSOLUTE
    user\bms\bms.c                           0x00000000   Number         0  bms.o ABSOLUTE
    user\comm\comm.c                         0x00000000   Number         0  comm.o ABSOLUTE
    user\display\display.c                   0x00000000   Number         0  display.o ABSOLUTE
    user\encoder\encoder.c                   0x00000000   Number         0  encoder.o ABSOLUTE
    user\foc\foc.c                           0x00000000   Number         0  foc.o ABSOLUTE
    user\key\key.c                           0x00000000   Number         0  key.o ABSOLUTE
    RESET                                    0x08000000   Section      472  startup_stm32g431xx.o(RESET)
    .ARM.Collect$$$$00000000                 0x080001d8   Section        0  entry.o(.ARM.Collect$$$$00000000)
    .ARM.Collect$$$$00000001                 0x080001d8   Section        4  entry2.o(.ARM.Collect$$$$00000001)
    .ARM.Collect$$$$00000004                 0x080001dc   Section        4  entry5.o(.ARM.Collect$$$$00000004)
    .ARM.Collect$$$$00000008                 0x080001e0   Section        0  entry7b.o(.ARM.Collect$$$$00000008)
    .ARM.Collect$$$$0000000A                 0x080001e0   Section        0  entry8b.o(.ARM.Collect$$$$0000000A)
    .ARM.Collect$$$$0000000B                 0x080001e0   Section        8  entry9a.o(.ARM.Collect$$$$0000000B)
    .ARM.Collect$$$$0000000E                 0x080001e8   Section        4  entry12b.o(.ARM.Collect$$$$0000000E)
    .ARM.Collect$$$$0000000F                 0x080001ec   Section        0  entry10a.o(.ARM.Collect$$$$0000000F)
    .ARM.Collect$$$$00000011                 0x080001ec   Section        0  entry11a.o(.ARM.Collect$$$$00000011)
    .ARM.Collect$$$$00002712                 0x080001ec   Section        4  entry2.o(.ARM.Collect$$$$00002712)
    __lit__00000000                          0x080001ec   Data           4  entry2.o(.ARM.Collect$$$$00002712)
    .text                                    0x080001f0   Section       36  startup_stm32g431xx.o(.text)
    $v0                                      0x080001f0   Number         0  startup_stm32g431xx.o(.text)
    .text                                    0x08000214   Section        0  uldiv.o(.text)
    .text                                    0x08000276   Section        0  memseta.o(.text)
    .text                                    0x0800029a   Section        0  dadd.o(.text)
    .text                                    0x080003e8   Section        0  dmul.o(.text)
    .text                                    0x080004cc   Section        0  f2d.o(.text)
    .text                                    0x080004f2   Section        0  d2f.o(.text)
    .text                                    0x0800052a   Section        0  uidiv.o(.text)
    .text                                    0x08000556   Section        0  llshl.o(.text)
    .text                                    0x08000574   Section        0  llushr.o(.text)
    .text                                    0x08000594   Section        0  llsshr.o(.text)
    .text                                    0x080005b8   Section        0  fepilogue.o(.text)
    .text                                    0x080005b8   Section        0  iusefp.o(.text)
    .text                                    0x08000626   Section        0  frem.o(.text)
    .text                                    0x08000678   Section        0  depilogue.o(.text)
    .text                                    0x08000732   Section        0  ddiv.o(.text)
    .text                                    0x08000810   Section        0  dsqrt.o(.text)
    .text                                    0x080008b2   Section        0  dfixul.o(.text)
    .text                                    0x080008e4   Section       48  cdrcmple.o(.text)
    .text                                    0x08000914   Section       36  init.o(.text)
    .text                                    0x08000938   Section        0  dflti.o(.text)
    .text                                    0x0800095a   Section        0  dfltui.o(.text)
    .text                                    0x08000974   Section        0  dfixi.o(.text)
    i.BusFault_Handler                       0x080009b2   Section        0  stm32g4xx_it.o(i.BusFault_Handler)
    i.DebugMon_Handler                       0x080009b4   Section        0  stm32g4xx_it.o(i.DebugMon_Handler)
    i.Encoder_GetHallState                   0x080009b8   Section        0  encoder.o(i.Encoder_GetHallState)
    i.Encoder_GetSpeed                       0x080009c4   Section        0  encoder.o(i.Encoder_GetSpeed)
    i.Encoder_IC_Callback                    0x080009d0   Section        0  encoder.o(i.Encoder_IC_Callback)
    i.Encoder_Init                           0x08000a50   Section        0  encoder.o(i.Encoder_Init)
    i.Error_Handler                          0x08000a90   Section        0  main.o(i.Error_Handler)
    i.FOC_Init                               0x08000a94   Section        0  foc.o(i.FOC_Init)
    i.FOC_SetPWM                             0x08000ad0   Section        0  foc.o(i.FOC_SetPWM)
    i.FOC_SetPhaseVoltage                    0x08000b98   Section        0  foc.o(i.FOC_SetPhaseVoltage)
    i.FOC_velocityOpenLoop                   0x08000c1c   Section        0  foc.o(i.FOC_velocityOpenLoop)
    i.HAL_DMA_Abort                          0x08000c94   Section        0  stm32g4xx_hal_dma.o(i.HAL_DMA_Abort)
    i.HAL_DMA_Abort_IT                       0x08000d04   Section        0  stm32g4xx_hal_dma.o(i.HAL_DMA_Abort_IT)
    i.HAL_GPIO_Init                          0x08000d7c   Section        0  stm32g4xx_hal_gpio.o(i.HAL_GPIO_Init)
    i.HAL_GPIO_WritePin                      0x08000fb0   Section        0  stm32g4xx_hal_gpio.o(i.HAL_GPIO_WritePin)
    i.HAL_GetTick                            0x08000fbc   Section        0  stm32g4xx_hal.o(i.HAL_GetTick)
    i.HAL_IncTick                            0x08000fc8   Section        0  stm32g4xx_hal.o(i.HAL_IncTick)
    i.HAL_Init                               0x08000fd8   Section        0  stm32g4xx_hal.o(i.HAL_Init)
    i.HAL_InitTick                           0x08000ff8   Section        0  stm32g4xx_hal.o(i.HAL_InitTick)
    i.HAL_MspInit                            0x0800103c   Section        0  stm32g4xx_hal_msp.o(i.HAL_MspInit)
    i.HAL_NVIC_EnableIRQ                     0x0800106c   Section        0  stm32g4xx_hal_cortex.o(i.HAL_NVIC_EnableIRQ)
    i.HAL_NVIC_SetPriority                   0x08001088   Section        0  stm32g4xx_hal_cortex.o(i.HAL_NVIC_SetPriority)
    i.HAL_NVIC_SetPriorityGrouping           0x080010c8   Section        0  stm32g4xx_hal_cortex.o(i.HAL_NVIC_SetPriorityGrouping)
    i.HAL_PWREx_ControlVoltageScaling        0x080010ec   Section        0  stm32g4xx_hal_pwr_ex.o(i.HAL_PWREx_ControlVoltageScaling)
    i.HAL_PWREx_DisableUCPDDeadBattery       0x080011a8   Section        0  stm32g4xx_hal_pwr_ex.o(i.HAL_PWREx_DisableUCPDDeadBattery)
    i.HAL_RCCEx_PeriphCLKConfig              0x080011b8   Section        0  stm32g4xx_hal_rcc_ex.o(i.HAL_RCCEx_PeriphCLKConfig)
    i.HAL_RCC_ClockConfig                    0x08001440   Section        0  stm32g4xx_hal_rcc.o(i.HAL_RCC_ClockConfig)
    i.HAL_RCC_GetPCLK1Freq                   0x0800161c   Section        0  stm32g4xx_hal_rcc.o(i.HAL_RCC_GetPCLK1Freq)
    i.HAL_RCC_GetPCLK2Freq                   0x08001640   Section        0  stm32g4xx_hal_rcc.o(i.HAL_RCC_GetPCLK2Freq)
    i.HAL_RCC_GetSysClockFreq                0x08001664   Section        0  stm32g4xx_hal_rcc.o(i.HAL_RCC_GetSysClockFreq)
    i.HAL_RCC_OscConfig                      0x080016d0   Section        0  stm32g4xx_hal_rcc.o(i.HAL_RCC_OscConfig)
    i.HAL_SYSTICK_Config                     0x08001ad4   Section        0  stm32g4xx_hal_cortex.o(i.HAL_SYSTICK_Config)
    i.HAL_TIMEx_Break2Callback               0x08001afc   Section        0  stm32g4xx_hal_tim_ex.o(i.HAL_TIMEx_Break2Callback)
    i.HAL_TIMEx_BreakCallback                0x08001afe   Section        0  stm32g4xx_hal_tim_ex.o(i.HAL_TIMEx_BreakCallback)
    i.HAL_TIMEx_CommutCallback               0x08001b00   Section        0  stm32g4xx_hal_tim_ex.o(i.HAL_TIMEx_CommutCallback)
    i.HAL_TIMEx_ConfigBreakDeadTime          0x08001b04   Section        0  stm32g4xx_hal_tim_ex.o(i.HAL_TIMEx_ConfigBreakDeadTime)
    i.HAL_TIMEx_DirectionChangeCallback      0x08001ba0   Section        0  stm32g4xx_hal_tim_ex.o(i.HAL_TIMEx_DirectionChangeCallback)
    i.HAL_TIMEx_EncoderIndexCallback         0x08001ba2   Section        0  stm32g4xx_hal_tim_ex.o(i.HAL_TIMEx_EncoderIndexCallback)
    i.HAL_TIMEx_HallSensor_Init              0x08001ba4   Section        0  stm32g4xx_hal_tim_ex.o(i.HAL_TIMEx_HallSensor_Init)
    i.HAL_TIMEx_HallSensor_MspInit           0x08001c80   Section        0  stm32g4xx_hal_tim_ex.o(i.HAL_TIMEx_HallSensor_MspInit)
    i.HAL_TIMEx_HallSensor_Start_IT          0x08001c84   Section        0  stm32g4xx_hal_tim_ex.o(i.HAL_TIMEx_HallSensor_Start_IT)
    i.HAL_TIMEx_IndexErrorCallback           0x08001d2c   Section        0  stm32g4xx_hal_tim_ex.o(i.HAL_TIMEx_IndexErrorCallback)
    i.HAL_TIMEx_MasterConfigSynchronization  0x08001d30   Section        0  stm32g4xx_hal_tim_ex.o(i.HAL_TIMEx_MasterConfigSynchronization)
    i.HAL_TIMEx_PWMN_Start                   0x08001dcc   Section        0  stm32g4xx_hal_tim_ex.o(i.HAL_TIMEx_PWMN_Start)
    i.HAL_TIMEx_TransitionErrorCallback      0x08001e84   Section        0  stm32g4xx_hal_tim_ex.o(i.HAL_TIMEx_TransitionErrorCallback)
    i.HAL_TIM_Base_Init                      0x08001e86   Section        0  stm32g4xx_hal_tim.o(i.HAL_TIM_Base_Init)
    i.HAL_TIM_Base_MspInit                   0x08001ee8   Section        0  tim.o(i.HAL_TIM_Base_MspInit)
    i.HAL_TIM_Base_Start_IT                  0x08001f80   Section        0  stm32g4xx_hal_tim.o(i.HAL_TIM_Base_Start_IT)
    i.HAL_TIM_ConfigClockSource              0x08001ff8   Section        0  stm32g4xx_hal_tim.o(i.HAL_TIM_ConfigClockSource)
    i.HAL_TIM_IC_CaptureCallback             0x080020f8   Section        0  tim.o(i.HAL_TIM_IC_CaptureCallback)
    i.HAL_TIM_IRQHandler                     0x0800210c   Section        0  stm32g4xx_hal_tim.o(i.HAL_TIM_IRQHandler)
    i.HAL_TIM_MspPostInit                    0x080022b0   Section        0  tim.o(i.HAL_TIM_MspPostInit)
    i.HAL_TIM_OC_DelayElapsedCallback        0x08002344   Section        0  stm32g4xx_hal_tim.o(i.HAL_TIM_OC_DelayElapsedCallback)
    i.HAL_TIM_PWM_ConfigChannel              0x08002346   Section        0  stm32g4xx_hal_tim.o(i.HAL_TIM_PWM_ConfigChannel)
    i.HAL_TIM_PWM_Init                       0x0800246a   Section        0  stm32g4xx_hal_tim.o(i.HAL_TIM_PWM_Init)
    i.HAL_TIM_PWM_MspInit                    0x080024cc   Section        0  tim.o(i.HAL_TIM_PWM_MspInit)
    i.HAL_TIM_PWM_PulseFinishedCallback      0x08002508   Section        0  stm32g4xx_hal_tim.o(i.HAL_TIM_PWM_PulseFinishedCallback)
    i.HAL_TIM_PWM_Start                      0x0800250c   Section        0  stm32g4xx_hal_tim.o(i.HAL_TIM_PWM_Start)
    i.HAL_TIM_PeriodElapsedCallback          0x08002608   Section        0  tim.o(i.HAL_TIM_PeriodElapsedCallback)
    i.HAL_TIM_SlaveConfigSynchro             0x08002694   Section        0  stm32g4xx_hal_tim.o(i.HAL_TIM_SlaveConfigSynchro)
    i.HAL_TIM_TriggerCallback                0x080026ea   Section        0  stm32g4xx_hal_tim.o(i.HAL_TIM_TriggerCallback)
    i.HAL_UARTEx_DisableFifoMode             0x080026ec   Section        0  stm32g4xx_hal_uart_ex.o(i.HAL_UARTEx_DisableFifoMode)
    i.HAL_UARTEx_RxEventCallback             0x0800272a   Section        0  stm32g4xx_hal_uart.o(i.HAL_UARTEx_RxEventCallback)
    i.HAL_UARTEx_RxFifoFullCallback          0x0800272c   Section        0  stm32g4xx_hal_uart_ex.o(i.HAL_UARTEx_RxFifoFullCallback)
    i.HAL_UARTEx_SetRxFifoThreshold          0x0800272e   Section        0  stm32g4xx_hal_uart_ex.o(i.HAL_UARTEx_SetRxFifoThreshold)
    i.HAL_UARTEx_SetTxFifoThreshold          0x0800277a   Section        0  stm32g4xx_hal_uart_ex.o(i.HAL_UARTEx_SetTxFifoThreshold)
    i.HAL_UARTEx_TxFifoEmptyCallback         0x080027c6   Section        0  stm32g4xx_hal_uart_ex.o(i.HAL_UARTEx_TxFifoEmptyCallback)
    i.HAL_UARTEx_WakeupCallback              0x080027c8   Section        0  stm32g4xx_hal_uart_ex.o(i.HAL_UARTEx_WakeupCallback)
    i.HAL_UART_ErrorCallback                 0x080027ca   Section        0  stm32g4xx_hal_uart.o(i.HAL_UART_ErrorCallback)
    i.HAL_UART_IRQHandler                    0x080027cc   Section        0  stm32g4xx_hal_uart.o(i.HAL_UART_IRQHandler)
    i.HAL_UART_Init                          0x08002ae8   Section        0  stm32g4xx_hal_uart.o(i.HAL_UART_Init)
    i.HAL_UART_MspInit                       0x08002b54   Section        0  usart.o(i.HAL_UART_MspInit)
    i.HAL_UART_Transmit                      0x08002be0   Section        0  stm32g4xx_hal_uart.o(i.HAL_UART_Transmit)
    i.HAL_UART_TxCpltCallback                0x08002c96   Section        0  stm32g4xx_hal_uart.o(i.HAL_UART_TxCpltCallback)
    i.HardFault_Handler                      0x08002c98   Section        0  stm32g4xx_it.o(i.HardFault_Handler)
    i.MX_GPIO_Init                           0x08002c9c   Section        0  gpio.o(i.MX_GPIO_Init)
    i.MX_TIM1_Init                           0x08002d80   Section        0  tim.o(i.MX_TIM1_Init)
    i.MX_TIM2_Init                           0x08002e58   Section        0  tim.o(i.MX_TIM2_Init)
    i.MX_TIM3_Init                           0x08002ec0   Section        0  tim.o(i.MX_TIM3_Init)
    i.MX_USART2_UART_Init                    0x08002f68   Section        0  usart.o(i.MX_USART2_UART_Init)
    i.MemManage_Handler                      0x08002fd0   Section        0  stm32g4xx_it.o(i.MemManage_Handler)
    i.NMI_Handler                            0x08002fd2   Section        0  stm32g4xx_it.o(i.NMI_Handler)
    i.PendSV_Handler                         0x08002fd4   Section        0  stm32g4xx_it.o(i.PendSV_Handler)
    i.SVC_Handler                            0x08002fd6   Section        0  stm32g4xx_it.o(i.SVC_Handler)
    i.SysTick_Handler                        0x08002fd8   Section        0  stm32g4xx_it.o(i.SysTick_Handler)
    i.SystemClock_Config                     0x08002fdc   Section        0  main.o(i.SystemClock_Config)
    i.SystemInit                             0x08003044   Section        0  system_stm32g4xx.o(i.SystemInit)
    i.TIM1_UP_TIM16_IRQHandler               0x08003054   Section        0  stm32g4xx_it.o(i.TIM1_UP_TIM16_IRQHandler)
    i.TIM2_IRQHandler                        0x08003060   Section        0  stm32g4xx_it.o(i.TIM2_IRQHandler)
    i.TIM3_IRQHandler                        0x0800306c   Section        0  stm32g4xx_it.o(i.TIM3_IRQHandler)
    i.TIM_Base_SetConfig                     0x08003078   Section        0  stm32g4xx_hal_tim.o(i.TIM_Base_SetConfig)
    i.TIM_CCxChannelCmd                      0x08003130   Section        0  stm32g4xx_hal_tim.o(i.TIM_CCxChannelCmd)
    i.TIM_CCxNChannelCmd                     0x0800314a   Section        0  stm32g4xx_hal_tim_ex.o(i.TIM_CCxNChannelCmd)
    TIM_CCxNChannelCmd                       0x0800314b   Thumb Code    26  stm32g4xx_hal_tim_ex.o(i.TIM_CCxNChannelCmd)
    i.TIM_ETR_SetConfig                      0x08003164   Section        0  stm32g4xx_hal_tim.o(i.TIM_ETR_SetConfig)
    i.TIM_ITRx_SetConfig                     0x08003178   Section        0  stm32g4xx_hal_tim.o(i.TIM_ITRx_SetConfig)
    TIM_ITRx_SetConfig                       0x08003179   Thumb Code    16  stm32g4xx_hal_tim.o(i.TIM_ITRx_SetConfig)
    i.TIM_OC1_SetConfig                      0x0800318c   Section        0  stm32g4xx_hal_tim.o(i.TIM_OC1_SetConfig)
    TIM_OC1_SetConfig                        0x0800318d   Thumb Code   140  stm32g4xx_hal_tim.o(i.TIM_OC1_SetConfig)
    i.TIM_OC2_SetConfig                      0x08003230   Section        0  stm32g4xx_hal_tim.o(i.TIM_OC2_SetConfig)
    i.TIM_OC3_SetConfig                      0x080032c4   Section        0  stm32g4xx_hal_tim.o(i.TIM_OC3_SetConfig)
    TIM_OC3_SetConfig                        0x080032c5   Thumb Code   122  stm32g4xx_hal_tim.o(i.TIM_OC3_SetConfig)
    i.TIM_OC4_SetConfig                      0x08003358   Section        0  stm32g4xx_hal_tim.o(i.TIM_OC4_SetConfig)
    TIM_OC4_SetConfig                        0x08003359   Thumb Code   124  stm32g4xx_hal_tim.o(i.TIM_OC4_SetConfig)
    i.TIM_OC5_SetConfig                      0x080033ec   Section        0  stm32g4xx_hal_tim.o(i.TIM_OC5_SetConfig)
    TIM_OC5_SetConfig                        0x080033ed   Thumb Code    86  stm32g4xx_hal_tim.o(i.TIM_OC5_SetConfig)
    i.TIM_OC6_SetConfig                      0x0800345c   Section        0  stm32g4xx_hal_tim.o(i.TIM_OC6_SetConfig)
    TIM_OC6_SetConfig                        0x0800345d   Thumb Code    88  stm32g4xx_hal_tim.o(i.TIM_OC6_SetConfig)
    i.TIM_SlaveTimer_SetConfig               0x080034cc   Section        0  stm32g4xx_hal_tim.o(i.TIM_SlaveTimer_SetConfig)
    TIM_SlaveTimer_SetConfig                 0x080034cd   Thumb Code   194  stm32g4xx_hal_tim.o(i.TIM_SlaveTimer_SetConfig)
    i.TIM_TI1_ConfigInputStage               0x0800359c   Section        0  stm32g4xx_hal_tim.o(i.TIM_TI1_ConfigInputStage)
    TIM_TI1_ConfigInputStage                 0x0800359d   Thumb Code    72  stm32g4xx_hal_tim.o(i.TIM_TI1_ConfigInputStage)
    i.TIM_TI1_SetConfig                      0x080035f8   Section        0  stm32g4xx_hal_tim.o(i.TIM_TI1_SetConfig)
    i.TIM_TI2_ConfigInputStage               0x08003690   Section        0  stm32g4xx_hal_tim.o(i.TIM_TI2_ConfigInputStage)
    TIM_TI2_ConfigInputStage                 0x08003691   Thumb Code    56  stm32g4xx_hal_tim.o(i.TIM_TI2_ConfigInputStage)
    i.UARTEx_SetNbDataToProcess              0x080036d0   Section        0  stm32g4xx_hal_uart_ex.o(i.UARTEx_SetNbDataToProcess)
    UARTEx_SetNbDataToProcess                0x080036d1   Thumb Code    62  stm32g4xx_hal_uart_ex.o(i.UARTEx_SetNbDataToProcess)
    i.UART_AdvFeatureConfig                  0x08003714   Section        0  stm32g4xx_hal_uart.o(i.UART_AdvFeatureConfig)
    i.UART_CheckIdleState                    0x080037dc   Section        0  stm32g4xx_hal_uart.o(i.UART_CheckIdleState)
    i.UART_DMAAbortOnError                   0x08003888   Section        0  stm32g4xx_hal_uart.o(i.UART_DMAAbortOnError)
    UART_DMAAbortOnError                     0x08003889   Thumb Code    10  stm32g4xx_hal_uart.o(i.UART_DMAAbortOnError)
    i.UART_EndRxTransfer                     0x08003894   Section        0  stm32g4xx_hal_uart.o(i.UART_EndRxTransfer)
    UART_EndRxTransfer                       0x08003895   Thumb Code    78  stm32g4xx_hal_uart.o(i.UART_EndRxTransfer)
    i.UART_SetConfig                         0x080038e8   Section        0  stm32g4xx_hal_uart.o(i.UART_SetConfig)
    i.UART_WaitOnFlagUntilTimeout            0x08003b5c   Section        0  stm32g4xx_hal_uart.o(i.UART_WaitOnFlagUntilTimeout)
    i.USART2_IRQHandler                      0x08003bf0   Section        0  stm32g4xx_it.o(i.USART2_IRQHandler)
    i.UsageFault_Handler                     0x08003bfc   Section        0  stm32g4xx_it.o(i.UsageFault_Handler)
    i.__0printf                              0x08003c00   Section        0  printfa.o(i.__0printf)
    i.__ARM_fpclassify                       0x08003c20   Section        0  fpclassify.o(i.__ARM_fpclassify)
    i.__NVIC_SetPriority                     0x08003c50   Section        0  stm32g4xx_hal_cortex.o(i.__NVIC_SetPriority)
    __NVIC_SetPriority                       0x08003c51   Thumb Code    32  stm32g4xx_hal_cortex.o(i.__NVIC_SetPriority)
    i.__hardfp_cos                           0x08003c70   Section        0  cos.o(i.__hardfp_cos)
    i.__hardfp_fmodf                         0x08003d38   Section        0  fmodf.o(i.__hardfp_fmodf)
    i.__hardfp_sin                           0x08003de8   Section        0  sin.o(i.__hardfp_sin)
    i.__hardfp_sqrt                          0x08003eb0   Section        0  sqrt.o(i.__hardfp_sqrt)
    i.__ieee754_rem_pio2                     0x08003f30   Section        0  rred.o(i.__ieee754_rem_pio2)
    i.__kernel_cos                           0x08004368   Section        0  cos_i.o(i.__kernel_cos)
    i.__kernel_poly                          0x080044d8   Section        0  poly.o(i.__kernel_poly)
    i.__kernel_sin                           0x080045d0   Section        0  sin_i.o(i.__kernel_sin)
    i.__mathlib_dbl_infnan                   0x08004700   Section        0  dunder.o(i.__mathlib_dbl_infnan)
    i.__mathlib_dbl_invalid                  0x08004718   Section        0  dunder.o(i.__mathlib_dbl_invalid)
    i.__mathlib_dbl_underflow                0x08004738   Section        0  dunder.o(i.__mathlib_dbl_underflow)
    i.__mathlib_flt_invalid                  0x08004758   Section        0  funder.o(i.__mathlib_flt_invalid)
    i.__scatterload_copy                     0x08004768   Section       14  handlers.o(i.__scatterload_copy)
    i.__scatterload_null                     0x08004776   Section        2  handlers.o(i.__scatterload_null)
    i.__scatterload_zeroinit                 0x08004778   Section       14  handlers.o(i.__scatterload_zeroinit)
    i.__set_errno                            0x08004788   Section        0  errno.o(i.__set_errno)
    i._fp_digits                             0x08004794   Section        0  printfa.o(i._fp_digits)
    _fp_digits                               0x08004795   Thumb Code   366  printfa.o(i._fp_digits)
    i._printf_core                           0x08004918   Section        0  printfa.o(i._printf_core)
    _printf_core                             0x08004919   Thumb Code  1704  printfa.o(i._printf_core)
    i._printf_post_padding                   0x08004fcc   Section        0  printfa.o(i._printf_post_padding)
    _printf_post_padding                     0x08004fcd   Thumb Code    36  printfa.o(i._printf_post_padding)
    i._printf_pre_padding                    0x08004ff0   Section        0  printfa.o(i._printf_pre_padding)
    _printf_pre_padding                      0x08004ff1   Thumb Code    46  printfa.o(i._printf_pre_padding)
    i.fabs                                   0x0800501e   Section        0  fabs.o(i.fabs)
    i.fputc                                  0x08005038   Section        0  usart.o(i.fputc)
    i.inverseClarke                          0x08005050   Section        0  foc.o(i.inverseClarke)
    inverseClarke                            0x08005051   Thumb Code   184  foc.o(i.inverseClarke)
    i.inversePark                            0x08005118   Section        0  foc.o(i.inversePark)
    inversePark                              0x08005119   Thumb Code   224  foc.o(i.inversePark)
    i.main                                   0x080051f8   Section        0  main.o(i.main)
    i.normalizeAngle                         0x08005228   Section        0  foc.o(i.normalizeAngle)
    normalizeAngle                           0x08005229   Thumb Code    38  foc.o(i.normalizeAngle)
    .constdata                               0x08005254   Section       24  stm32g4xx_hal_uart.o(.constdata)
    .constdata                               0x0800526c   Section       16  stm32g4xx_hal_uart_ex.o(.constdata)
    numerator                                0x0800526c   Data           8  stm32g4xx_hal_uart_ex.o(.constdata)
    denominator                              0x08005274   Data           8  stm32g4xx_hal_uart_ex.o(.constdata)
    .constdata                               0x0800527c   Section       16  system_stm32g4xx.o(.constdata)
    .constdata                               0x0800528c   Section        8  system_stm32g4xx.o(.constdata)
    .constdata                               0x08005294   Section       44  encoder.o(.constdata)
    forward_next                             0x08005294   Data           7  encoder.o(.constdata)
    hall_map                                 0x0800529b   Data           8  encoder.o(.constdata)
    hall_angle_rad                           0x080052a4   Data          28  encoder.o(.constdata)
    .constdata                               0x080052c0   Section       48  cos_i.o(.constdata)
    C                                        0x080052c0   Data          48  cos_i.o(.constdata)
    .constdata                               0x080052f0   Section      200  rred.o(.constdata)
    pio2s                                    0x080052f0   Data          48  rred.o(.constdata)
    twooverpi                                0x08005320   Data         152  rred.o(.constdata)
    .constdata                               0x080053b8   Section       40  sin_i.o(.constdata)
    S                                        0x080053b8   Data          40  sin_i.o(.constdata)
    .data                                    0x20000000   Section        2  tim.o(.data)
    print_tick                               0x20000000   Data           2  tim.o(.data)
    .data                                    0x20000004   Section       12  stm32g4xx_hal.o(.data)
    .data                                    0x20000010   Section        4  system_stm32g4xx.o(.data)
    .data                                    0x20000014   Section       20  foc.o(.data)
    .data                                    0x20000028   Section        4  stdout.o(.data)
    .data                                    0x2000002c   Section        4  errno.o(.data)
    _errno                                   0x2000002c   Data           4  errno.o(.data)
    .bss                                     0x20000030   Section      228  tim.o(.bss)
    .bss                                     0x20000114   Section      148  usart.o(.bss)
    .bss                                     0x200001a8   Section       16  encoder.o(.bss)
    STACK                                    0x200001b8   Section     1024  startup_stm32g431xx.o(STACK)

    Global Symbols

    Symbol Name                              Value     Ov Type        Size  Object(Section)

    BuildAttributes$$THM_ISAv4$E$P$D$K$B$S$7EM$VFPi3$EXTD16$VFPS$VFMA$PE$A:L22UL41UL21$X:L11$S22US41US21$IEEE1$IW$USESV6$~STKCKD$USESV7$~SHL$OTIME$ROPI$IEEEX$EBA8$MICROLIB$REQ8$PRES8$EABIv2 0x00000000   Number         0  anon$$obj.o ABSOLUTE
    __ARM_use_no_argv                        0x00000000   Number         0  main.o ABSOLUTE
    _printf_a                                0x00000000   Number         0  stubs.o ABSOLUTE
    _printf_c                                0x00000000   Number         0  stubs.o ABSOLUTE
    _printf_charcount                        0x00000000   Number         0  stubs.o ABSOLUTE
    _printf_d                                0x00000000   Number         0  stubs.o ABSOLUTE
    _printf_e                                0x00000000   Number         0  stubs.o ABSOLUTE
    _printf_f                                0x00000000   Number         0  stubs.o ABSOLUTE
    _printf_flags                            0x00000000   Number         0  stubs.o ABSOLUTE
    _printf_fp_dec                           0x00000000   Number         0  stubs.o ABSOLUTE
    _printf_fp_hex                           0x00000000   Number         0  stubs.o ABSOLUTE
    _printf_g                                0x00000000   Number         0  stubs.o ABSOLUTE
    _printf_i                                0x00000000   Number         0  stubs.o ABSOLUTE
    _printf_int_dec                          0x00000000   Number         0  stubs.o ABSOLUTE
    _printf_l                                0x00000000   Number         0  stubs.o ABSOLUTE
    _printf_lc                               0x00000000   Number         0  stubs.o ABSOLUTE
    _printf_ll                               0x00000000   Number         0  stubs.o ABSOLUTE
    _printf_lld                              0x00000000   Number         0  stubs.o ABSOLUTE
    _printf_lli                              0x00000000   Number         0  stubs.o ABSOLUTE
    _printf_llo                              0x00000000   Number         0  stubs.o ABSOLUTE
    _printf_llu                              0x00000000   Number         0  stubs.o ABSOLUTE
    _printf_llx                              0x00000000   Number         0  stubs.o ABSOLUTE
    _printf_longlong_dec                     0x00000000   Number         0  stubs.o ABSOLUTE
    _printf_longlong_hex                     0x00000000   Number         0  stubs.o ABSOLUTE
    _printf_longlong_oct                     0x00000000   Number         0  stubs.o ABSOLUTE
    _printf_ls                               0x00000000   Number         0  stubs.o ABSOLUTE
    _printf_mbtowc                           0x00000000   Number         0  stubs.o ABSOLUTE
    _printf_n                                0x00000000   Number         0  stubs.o ABSOLUTE
    _printf_o                                0x00000000   Number         0  stubs.o ABSOLUTE
    _printf_p                                0x00000000   Number         0  stubs.o ABSOLUTE
    _printf_percent                          0x00000000   Number         0  stubs.o ABSOLUTE
    _printf_pre_padding                      0x00000000   Number         0  stubs.o ABSOLUTE
    _printf_return_value                     0x00000000   Number         0  stubs.o ABSOLUTE
    _printf_s                                0x00000000   Number         0  stubs.o ABSOLUTE
    _printf_sizespec                         0x00000000   Number         0  stubs.o ABSOLUTE
    _printf_str                              0x00000000   Number         0  stubs.o ABSOLUTE
    _printf_truncate_signed                  0x00000000   Number         0  stubs.o ABSOLUTE
    _printf_truncate_unsigned                0x00000000   Number         0  stubs.o ABSOLUTE
    _printf_u                                0x00000000   Number         0  stubs.o ABSOLUTE
    _printf_wc                               0x00000000   Number         0  stubs.o ABSOLUTE
    _printf_wctomb                           0x00000000   Number         0  stubs.o ABSOLUTE
    _printf_widthprec                        0x00000000   Number         0  stubs.o ABSOLUTE
    _printf_x                                0x00000000   Number         0  stubs.o ABSOLUTE
    __arm_fini_                               - Undefined Weak Reference
    __cpp_initialize__aeabi_                  - Undefined Weak Reference
    __cxa_finalize                            - Undefined Weak Reference
    __decompress                              - Undefined Weak Reference
    _clock_init                               - Undefined Weak Reference
    _microlib_exit                            - Undefined Weak Reference
    __Vectors_Size                           0x000001d8   Number         0  startup_stm32g431xx.o ABSOLUTE
    __Vectors                                0x08000000   Data           4  startup_stm32g431xx.o(RESET)
    __Vectors_End                            0x080001d8   Data           0  startup_stm32g431xx.o(RESET)
    __main                                   0x080001d9   Thumb Code     0  entry.o(.ARM.Collect$$$$00000000)
    _main_stk                                0x080001d9   Thumb Code     0  entry2.o(.ARM.Collect$$$$00000001)
    _main_scatterload                        0x080001dd   Thumb Code     0  entry5.o(.ARM.Collect$$$$00000004)
    __main_after_scatterload                 0x080001e1   Thumb Code     0  entry5.o(.ARM.Collect$$$$00000004)
    _main_clock                              0x080001e1   Thumb Code     0  entry7b.o(.ARM.Collect$$$$00000008)
    _main_cpp_init                           0x080001e1   Thumb Code     0  entry8b.o(.ARM.Collect$$$$0000000A)
    _main_init                               0x080001e1   Thumb Code     0  entry9a.o(.ARM.Collect$$$$0000000B)
    __rt_lib_shutdown_fini                   0x080001e9   Thumb Code     0  entry12b.o(.ARM.Collect$$$$0000000E)
    __rt_final_cpp                           0x080001ed   Thumb Code     0  entry10a.o(.ARM.Collect$$$$0000000F)
    __rt_final_exit                          0x080001ed   Thumb Code     0  entry11a.o(.ARM.Collect$$$$00000011)
    Reset_Handler                            0x080001f1   Thumb Code     8  startup_stm32g431xx.o(.text)
    ADC1_2_IRQHandler                        0x0800020b   Thumb Code     0  startup_stm32g431xx.o(.text)
    COMP1_2_3_IRQHandler                     0x0800020b   Thumb Code     0  startup_stm32g431xx.o(.text)
    COMP4_IRQHandler                         0x0800020b   Thumb Code     0  startup_stm32g431xx.o(.text)
    CORDIC_IRQHandler                        0x0800020b   Thumb Code     0  startup_stm32g431xx.o(.text)
    CRS_IRQHandler                           0x0800020b   Thumb Code     0  startup_stm32g431xx.o(.text)
    DMA1_Channel1_IRQHandler                 0x0800020b   Thumb Code     0  startup_stm32g431xx.o(.text)
    DMA1_Channel2_IRQHandler                 0x0800020b   Thumb Code     0  startup_stm32g431xx.o(.text)
    DMA1_Channel3_IRQHandler                 0x0800020b   Thumb Code     0  startup_stm32g431xx.o(.text)
    DMA1_Channel4_IRQHandler                 0x0800020b   Thumb Code     0  startup_stm32g431xx.o(.text)
    DMA1_Channel5_IRQHandler                 0x0800020b   Thumb Code     0  startup_stm32g431xx.o(.text)
    DMA1_Channel6_IRQHandler                 0x0800020b   Thumb Code     0  startup_stm32g431xx.o(.text)
    DMA2_Channel1_IRQHandler                 0x0800020b   Thumb Code     0  startup_stm32g431xx.o(.text)
    DMA2_Channel2_IRQHandler                 0x0800020b   Thumb Code     0  startup_stm32g431xx.o(.text)
    DMA2_Channel3_IRQHandler                 0x0800020b   Thumb Code     0  startup_stm32g431xx.o(.text)
    DMA2_Channel4_IRQHandler                 0x0800020b   Thumb Code     0  startup_stm32g431xx.o(.text)
    DMA2_Channel5_IRQHandler                 0x0800020b   Thumb Code     0  startup_stm32g431xx.o(.text)
    DMA2_Channel6_IRQHandler                 0x0800020b   Thumb Code     0  startup_stm32g431xx.o(.text)
    DMAMUX_OVR_IRQHandler                    0x0800020b   Thumb Code     0  startup_stm32g431xx.o(.text)
    EXTI0_IRQHandler                         0x0800020b   Thumb Code     0  startup_stm32g431xx.o(.text)
    EXTI15_10_IRQHandler                     0x0800020b   Thumb Code     0  startup_stm32g431xx.o(.text)
    EXTI1_IRQHandler                         0x0800020b   Thumb Code     0  startup_stm32g431xx.o(.text)
    EXTI2_IRQHandler                         0x0800020b   Thumb Code     0  startup_stm32g431xx.o(.text)
    EXTI3_IRQHandler                         0x0800020b   Thumb Code     0  startup_stm32g431xx.o(.text)
    EXTI4_IRQHandler                         0x0800020b   Thumb Code     0  startup_stm32g431xx.o(.text)
    EXTI9_5_IRQHandler                       0x0800020b   Thumb Code     0  startup_stm32g431xx.o(.text)
    FDCAN1_IT0_IRQHandler                    0x0800020b   Thumb Code     0  startup_stm32g431xx.o(.text)
    FDCAN1_IT1_IRQHandler                    0x0800020b   Thumb Code     0  startup_stm32g431xx.o(.text)
    FLASH_IRQHandler                         0x0800020b   Thumb Code     0  startup_stm32g431xx.o(.text)
    FMAC_IRQHandler                          0x0800020b   Thumb Code     0  startup_stm32g431xx.o(.text)
    FPU_IRQHandler                           0x0800020b   Thumb Code     0  startup_stm32g431xx.o(.text)
    I2C1_ER_IRQHandler                       0x0800020b   Thumb Code     0  startup_stm32g431xx.o(.text)
    I2C1_EV_IRQHandler                       0x0800020b   Thumb Code     0  startup_stm32g431xx.o(.text)
    I2C2_ER_IRQHandler                       0x0800020b   Thumb Code     0  startup_stm32g431xx.o(.text)
    I2C2_EV_IRQHandler                       0x0800020b   Thumb Code     0  startup_stm32g431xx.o(.text)
    I2C3_ER_IRQHandler                       0x0800020b   Thumb Code     0  startup_stm32g431xx.o(.text)
    I2C3_EV_IRQHandler                       0x0800020b   Thumb Code     0  startup_stm32g431xx.o(.text)
    LPTIM1_IRQHandler                        0x0800020b   Thumb Code     0  startup_stm32g431xx.o(.text)
    LPUART1_IRQHandler                       0x0800020b   Thumb Code     0  startup_stm32g431xx.o(.text)
    PVD_PVM_IRQHandler                       0x0800020b   Thumb Code     0  startup_stm32g431xx.o(.text)
    RCC_IRQHandler                           0x0800020b   Thumb Code     0  startup_stm32g431xx.o(.text)
    RNG_IRQHandler                           0x0800020b   Thumb Code     0  startup_stm32g431xx.o(.text)
    RTC_Alarm_IRQHandler                     0x0800020b   Thumb Code     0  startup_stm32g431xx.o(.text)
    RTC_TAMP_LSECSS_IRQHandler               0x0800020b   Thumb Code     0  startup_stm32g431xx.o(.text)
    RTC_WKUP_IRQHandler                      0x0800020b   Thumb Code     0  startup_stm32g431xx.o(.text)
    SAI1_IRQHandler                          0x0800020b   Thumb Code     0  startup_stm32g431xx.o(.text)
    SPI1_IRQHandler                          0x0800020b   Thumb Code     0  startup_stm32g431xx.o(.text)
    SPI2_IRQHandler                          0x0800020b   Thumb Code     0  startup_stm32g431xx.o(.text)
    SPI3_IRQHandler                          0x0800020b   Thumb Code     0  startup_stm32g431xx.o(.text)
    TIM1_BRK_TIM15_IRQHandler                0x0800020b   Thumb Code     0  startup_stm32g431xx.o(.text)
    TIM1_CC_IRQHandler                       0x0800020b   Thumb Code     0  startup_stm32g431xx.o(.text)
    TIM1_TRG_COM_TIM17_IRQHandler            0x0800020b   Thumb Code     0  startup_stm32g431xx.o(.text)
    TIM4_IRQHandler                          0x0800020b   Thumb Code     0  startup_stm32g431xx.o(.text)
    TIM6_DAC_IRQHandler                      0x0800020b   Thumb Code     0  startup_stm32g431xx.o(.text)
    TIM7_IRQHandler                          0x0800020b   Thumb Code     0  startup_stm32g431xx.o(.text)
    TIM8_BRK_IRQHandler                      0x0800020b   Thumb Code     0  startup_stm32g431xx.o(.text)
    TIM8_CC_IRQHandler                       0x0800020b   Thumb Code     0  startup_stm32g431xx.o(.text)
    TIM8_TRG_COM_IRQHandler                  0x0800020b   Thumb Code     0  startup_stm32g431xx.o(.text)
    TIM8_UP_IRQHandler                       0x0800020b   Thumb Code     0  startup_stm32g431xx.o(.text)
    UART4_IRQHandler                         0x0800020b   Thumb Code     0  startup_stm32g431xx.o(.text)
    UCPD1_IRQHandler                         0x0800020b   Thumb Code     0  startup_stm32g431xx.o(.text)
    USART1_IRQHandler                        0x0800020b   Thumb Code     0  startup_stm32g431xx.o(.text)
    USART3_IRQHandler                        0x0800020b   Thumb Code     0  startup_stm32g431xx.o(.text)
    USBWakeUp_IRQHandler                     0x0800020b   Thumb Code     0  startup_stm32g431xx.o(.text)
    USB_HP_IRQHandler                        0x0800020b   Thumb Code     0  startup_stm32g431xx.o(.text)
    USB_LP_IRQHandler                        0x0800020b   Thumb Code     0  startup_stm32g431xx.o(.text)
    WWDG_IRQHandler                          0x0800020b   Thumb Code     0  startup_stm32g431xx.o(.text)
    __aeabi_uldivmod                         0x08000215   Thumb Code    98  uldiv.o(.text)
    __aeabi_memset                           0x08000277   Thumb Code    14  memseta.o(.text)
    __aeabi_memset4                          0x08000277   Thumb Code     0  memseta.o(.text)
    __aeabi_memset8                          0x08000277   Thumb Code     0  memseta.o(.text)
    __aeabi_memclr                           0x08000285   Thumb Code     4  memseta.o(.text)
    __aeabi_memclr4                          0x08000285   Thumb Code     0  memseta.o(.text)
    __aeabi_memclr8                          0x08000285   Thumb Code     0  memseta.o(.text)
    _memset$wrapper                          0x08000289   Thumb Code    18  memseta.o(.text)
    __aeabi_dadd                             0x0800029b   Thumb Code   322  dadd.o(.text)
    __aeabi_dsub                             0x080003dd   Thumb Code     6  dadd.o(.text)
    __aeabi_drsub                            0x080003e3   Thumb Code     6  dadd.o(.text)
    __aeabi_dmul                             0x080003e9   Thumb Code   228  dmul.o(.text)
    __aeabi_f2d                              0x080004cd   Thumb Code    38  f2d.o(.text)
    __aeabi_d2f                              0x080004f3   Thumb Code    56  d2f.o(.text)
    __aeabi_uidiv                            0x0800052b   Thumb Code     0  uidiv.o(.text)
    __aeabi_uidivmod                         0x0800052b   Thumb Code    44  uidiv.o(.text)
    __aeabi_llsl                             0x08000557   Thumb Code    30  llshl.o(.text)
    _ll_shift_l                              0x08000557   Thumb Code     0  llshl.o(.text)
    __aeabi_llsr                             0x08000575   Thumb Code    32  llushr.o(.text)
    _ll_ushift_r                             0x08000575   Thumb Code     0  llushr.o(.text)
    __aeabi_lasr                             0x08000595   Thumb Code    36  llsshr.o(.text)
    _ll_sshift_r                             0x08000595   Thumb Code     0  llsshr.o(.text)
    __I$use$fp                               0x080005b9   Thumb Code     0  iusefp.o(.text)
    _float_round                             0x080005b9   Thumb Code    18  fepilogue.o(.text)
    _float_epilogue                          0x080005cb   Thumb Code    92  fepilogue.o(.text)
    _frem                                    0x08000627   Thumb Code    82  frem.o(.text)
    _double_round                            0x08000679   Thumb Code    30  depilogue.o(.text)
    _double_epilogue                         0x08000697   Thumb Code   156  depilogue.o(.text)
    __aeabi_ddiv                             0x08000733   Thumb Code   222  ddiv.o(.text)
    _dsqrt                                   0x08000811   Thumb Code   162  dsqrt.o(.text)
    __aeabi_d2ulz                            0x080008b3   Thumb Code    48  dfixul.o(.text)
    __aeabi_cdrcmple                         0x080008e5   Thumb Code    48  cdrcmple.o(.text)
    __scatterload                            0x08000915   Thumb Code    28  init.o(.text)
    __scatterload_rt2                        0x08000915   Thumb Code     0  init.o(.text)
    __aeabi_i2d                              0x08000939   Thumb Code    34  dflti.o(.text)
    __aeabi_ui2d                             0x0800095b   Thumb Code    26  dfltui.o(.text)
    __aeabi_d2iz                             0x08000975   Thumb Code    62  dfixi.o(.text)
    BusFault_Handler                         0x080009b3   Thumb Code     2  stm32g4xx_it.o(i.BusFault_Handler)
    DebugMon_Handler                         0x080009b5   Thumb Code     2  stm32g4xx_it.o(i.DebugMon_Handler)
    Encoder_GetHallState                     0x080009b9   Thumb Code     6  encoder.o(i.Encoder_GetHallState)
    Encoder_GetSpeed                         0x080009c5   Thumb Code     8  encoder.o(i.Encoder_GetSpeed)
    Encoder_IC_Callback                      0x080009d1   Thumb Code   110  encoder.o(i.Encoder_IC_Callback)
    Encoder_Init                             0x08000a51   Thumb Code    42  encoder.o(i.Encoder_Init)
    Error_Handler                            0x08000a91   Thumb Code     4  main.o(i.Error_Handler)
    FOC_Init                                 0x08000a95   Thumb Code    54  foc.o(i.FOC_Init)
    FOC_SetPWM                               0x08000ad1   Thumb Code   188  foc.o(i.FOC_SetPWM)
    FOC_SetPhaseVoltage                      0x08000b99   Thumb Code   128  foc.o(i.FOC_SetPhaseVoltage)
    FOC_velocityOpenLoop                     0x08000c1d   Thumb Code   100  foc.o(i.FOC_velocityOpenLoop)
    HAL_DMA_Abort                            0x08000c95   Thumb Code   112  stm32g4xx_hal_dma.o(i.HAL_DMA_Abort)
    HAL_DMA_Abort_IT                         0x08000d05   Thumb Code   120  stm32g4xx_hal_dma.o(i.HAL_DMA_Abort_IT)
    HAL_GPIO_Init                            0x08000d7d   Thumb Code   532  stm32g4xx_hal_gpio.o(i.HAL_GPIO_Init)
    HAL_GPIO_WritePin                        0x08000fb1   Thumb Code    10  stm32g4xx_hal_gpio.o(i.HAL_GPIO_WritePin)
    HAL_GetTick                              0x08000fbd   Thumb Code     6  stm32g4xx_hal.o(i.HAL_GetTick)
    HAL_IncTick                              0x08000fc9   Thumb Code    12  stm32g4xx_hal.o(i.HAL_IncTick)
    HAL_Init                                 0x08000fd9   Thumb Code    30  stm32g4xx_hal.o(i.HAL_Init)
    HAL_InitTick                             0x08000ff9   Thumb Code    58  stm32g4xx_hal.o(i.HAL_InitTick)
    HAL_MspInit                              0x0800103d   Thumb Code    42  stm32g4xx_hal_msp.o(i.HAL_MspInit)
    HAL_NVIC_EnableIRQ                       0x0800106d   Thumb Code    26  stm32g4xx_hal_cortex.o(i.HAL_NVIC_EnableIRQ)
    HAL_NVIC_SetPriority                     0x08001089   Thumb Code    60  stm32g4xx_hal_cortex.o(i.HAL_NVIC_SetPriority)
    HAL_NVIC_SetPriorityGrouping             0x080010c9   Thumb Code    26  stm32g4xx_hal_cortex.o(i.HAL_NVIC_SetPriorityGrouping)
    HAL_PWREx_ControlVoltageScaling          0x080010ed   Thumb Code   174  stm32g4xx_hal_pwr_ex.o(i.HAL_PWREx_ControlVoltageScaling)
    HAL_PWREx_DisableUCPDDeadBattery         0x080011a9   Thumb Code    12  stm32g4xx_hal_pwr_ex.o(i.HAL_PWREx_DisableUCPDDeadBattery)
    HAL_RCCEx_PeriphCLKConfig                0x080011b9   Thumb Code   638  stm32g4xx_hal_rcc_ex.o(i.HAL_RCCEx_PeriphCLKConfig)
    HAL_RCC_ClockConfig                      0x08001441   Thumb Code   444  stm32g4xx_hal_rcc.o(i.HAL_RCC_ClockConfig)
    HAL_RCC_GetPCLK1Freq                     0x0800161d   Thumb Code    24  stm32g4xx_hal_rcc.o(i.HAL_RCC_GetPCLK1Freq)
    HAL_RCC_GetPCLK2Freq                     0x08001641   Thumb Code    24  stm32g4xx_hal_rcc.o(i.HAL_RCC_GetPCLK2Freq)
    HAL_RCC_GetSysClockFreq                  0x08001665   Thumb Code    98  stm32g4xx_hal_rcc.o(i.HAL_RCC_GetSysClockFreq)
    HAL_RCC_OscConfig                        0x080016d1   Thumb Code  1028  stm32g4xx_hal_rcc.o(i.HAL_RCC_OscConfig)
    HAL_SYSTICK_Config                       0x08001ad5   Thumb Code    40  stm32g4xx_hal_cortex.o(i.HAL_SYSTICK_Config)
    HAL_TIMEx_Break2Callback                 0x08001afd   Thumb Code     2  stm32g4xx_hal_tim_ex.o(i.HAL_TIMEx_Break2Callback)
    HAL_TIMEx_BreakCallback                  0x08001aff   Thumb Code     2  stm32g4xx_hal_tim_ex.o(i.HAL_TIMEx_BreakCallback)
    HAL_TIMEx_CommutCallback                 0x08001b01   Thumb Code     2  stm32g4xx_hal_tim_ex.o(i.HAL_TIMEx_CommutCallback)
    HAL_TIMEx_ConfigBreakDeadTime            0x08001b05   Thumb Code   148  stm32g4xx_hal_tim_ex.o(i.HAL_TIMEx_ConfigBreakDeadTime)
    HAL_TIMEx_DirectionChangeCallback        0x08001ba1   Thumb Code     2  stm32g4xx_hal_tim_ex.o(i.HAL_TIMEx_DirectionChangeCallback)
    HAL_TIMEx_EncoderIndexCallback           0x08001ba3   Thumb Code     2  stm32g4xx_hal_tim_ex.o(i.HAL_TIMEx_EncoderIndexCallback)
    HAL_TIMEx_HallSensor_Init                0x08001ba5   Thumb Code   208  stm32g4xx_hal_tim_ex.o(i.HAL_TIMEx_HallSensor_Init)
    HAL_TIMEx_HallSensor_MspInit             0x08001c81   Thumb Code     2  stm32g4xx_hal_tim_ex.o(i.HAL_TIMEx_HallSensor_MspInit)
    HAL_TIMEx_HallSensor_Start_IT            0x08001c85   Thumb Code   144  stm32g4xx_hal_tim_ex.o(i.HAL_TIMEx_HallSensor_Start_IT)
    HAL_TIMEx_IndexErrorCallback             0x08001d2d   Thumb Code     2  stm32g4xx_hal_tim_ex.o(i.HAL_TIMEx_IndexErrorCallback)
    HAL_TIMEx_MasterConfigSynchronization    0x08001d31   Thumb Code   132  stm32g4xx_hal_tim_ex.o(i.HAL_TIMEx_MasterConfigSynchronization)
    HAL_TIMEx_PWMN_Start                     0x08001dcd   Thumb Code   158  stm32g4xx_hal_tim_ex.o(i.HAL_TIMEx_PWMN_Start)
    HAL_TIMEx_TransitionErrorCallback        0x08001e85   Thumb Code     2  stm32g4xx_hal_tim_ex.o(i.HAL_TIMEx_TransitionErrorCallback)
    HAL_TIM_Base_Init                        0x08001e87   Thumb Code    98  stm32g4xx_hal_tim.o(i.HAL_TIM_Base_Init)
    HAL_TIM_Base_MspInit                     0x08001ee9   Thumb Code   138  tim.o(i.HAL_TIM_Base_MspInit)
    HAL_TIM_Base_Start_IT                    0x08001f81   Thumb Code    94  stm32g4xx_hal_tim.o(i.HAL_TIM_Base_Start_IT)
    HAL_TIM_ConfigClockSource                0x08001ff9   Thumb Code   246  stm32g4xx_hal_tim.o(i.HAL_TIM_ConfigClockSource)
    HAL_TIM_IC_CaptureCallback               0x080020f9   Thumb Code    14  tim.o(i.HAL_TIM_IC_CaptureCallback)
    HAL_TIM_IRQHandler                       0x0800210d   Thumb Code   418  stm32g4xx_hal_tim.o(i.HAL_TIM_IRQHandler)
    HAL_TIM_MspPostInit                      0x080022b1   Thumb Code   136  tim.o(i.HAL_TIM_MspPostInit)
    HAL_TIM_OC_DelayElapsedCallback          0x08002345   Thumb Code     2  stm32g4xx_hal_tim.o(i.HAL_TIM_OC_DelayElapsedCallback)
    HAL_TIM_PWM_ConfigChannel                0x08002347   Thumb Code   292  stm32g4xx_hal_tim.o(i.HAL_TIM_PWM_ConfigChannel)
    HAL_TIM_PWM_Init                         0x0800246b   Thumb Code    98  stm32g4xx_hal_tim.o(i.HAL_TIM_PWM_Init)
    HAL_TIM_PWM_MspInit                      0x080024cd   Thumb Code    50  tim.o(i.HAL_TIM_PWM_MspInit)
    HAL_TIM_PWM_PulseFinishedCallback        0x08002509   Thumb Code     2  stm32g4xx_hal_tim.o(i.HAL_TIM_PWM_PulseFinishedCallback)
    HAL_TIM_PWM_Start                        0x0800250d   Thumb Code   218  stm32g4xx_hal_tim.o(i.HAL_TIM_PWM_Start)
    HAL_TIM_PeriodElapsedCallback            0x08002609   Thumb Code    86  tim.o(i.HAL_TIM_PeriodElapsedCallback)
    HAL_TIM_SlaveConfigSynchro               0x08002695   Thumb Code    86  stm32g4xx_hal_tim.o(i.HAL_TIM_SlaveConfigSynchro)
    HAL_TIM_TriggerCallback                  0x080026eb   Thumb Code     2  stm32g4xx_hal_tim.o(i.HAL_TIM_TriggerCallback)
    HAL_UARTEx_DisableFifoMode               0x080026ed   Thumb Code    62  stm32g4xx_hal_uart_ex.o(i.HAL_UARTEx_DisableFifoMode)
    HAL_UARTEx_RxEventCallback               0x0800272b   Thumb Code     2  stm32g4xx_hal_uart.o(i.HAL_UARTEx_RxEventCallback)
    HAL_UARTEx_RxFifoFullCallback            0x0800272d   Thumb Code     2  stm32g4xx_hal_uart_ex.o(i.HAL_UARTEx_RxFifoFullCallback)
    HAL_UARTEx_SetRxFifoThreshold            0x0800272f   Thumb Code    76  stm32g4xx_hal_uart_ex.o(i.HAL_UARTEx_SetRxFifoThreshold)
    HAL_UARTEx_SetTxFifoThreshold            0x0800277b   Thumb Code    76  stm32g4xx_hal_uart_ex.o(i.HAL_UARTEx_SetTxFifoThreshold)
    HAL_UARTEx_TxFifoEmptyCallback           0x080027c7   Thumb Code     2  stm32g4xx_hal_uart_ex.o(i.HAL_UARTEx_TxFifoEmptyCallback)
    HAL_UARTEx_WakeupCallback                0x080027c9   Thumb Code     2  stm32g4xx_hal_uart_ex.o(i.HAL_UARTEx_WakeupCallback)
    HAL_UART_ErrorCallback                   0x080027cb   Thumb Code     2  stm32g4xx_hal_uart.o(i.HAL_UART_ErrorCallback)
    HAL_UART_IRQHandler                      0x080027cd   Thumb Code   782  stm32g4xx_hal_uart.o(i.HAL_UART_IRQHandler)
    HAL_UART_Init                            0x08002ae9   Thumb Code   106  stm32g4xx_hal_uart.o(i.HAL_UART_Init)
    HAL_UART_MspInit                         0x08002b55   Thumb Code   126  usart.o(i.HAL_UART_MspInit)
    HAL_UART_Transmit                        0x08002be1   Thumb Code   182  stm32g4xx_hal_uart.o(i.HAL_UART_Transmit)
    HAL_UART_TxCpltCallback                  0x08002c97   Thumb Code     2  stm32g4xx_hal_uart.o(i.HAL_UART_TxCpltCallback)
    HardFault_Handler                        0x08002c99   Thumb Code     2  stm32g4xx_it.o(i.HardFault_Handler)
    MX_GPIO_Init                             0x08002c9d   Thumb Code   210  gpio.o(i.MX_GPIO_Init)
    MX_TIM1_Init                             0x08002d81   Thumb Code   206  tim.o(i.MX_TIM1_Init)
    MX_TIM2_Init                             0x08002e59   Thumb Code    98  tim.o(i.MX_TIM2_Init)
    MX_TIM3_Init                             0x08002ec1   Thumb Code   158  tim.o(i.MX_TIM3_Init)
    MX_USART2_UART_Init                      0x08002f69   Thumb Code    94  usart.o(i.MX_USART2_UART_Init)
    MemManage_Handler                        0x08002fd1   Thumb Code     2  stm32g4xx_it.o(i.MemManage_Handler)
    NMI_Handler                              0x08002fd3   Thumb Code     2  stm32g4xx_it.o(i.NMI_Handler)
    PendSV_Handler                           0x08002fd5   Thumb Code     2  stm32g4xx_it.o(i.PendSV_Handler)
    SVC_Handler                              0x08002fd7   Thumb Code     2  stm32g4xx_it.o(i.SVC_Handler)
    SysTick_Handler                          0x08002fd9   Thumb Code     4  stm32g4xx_it.o(i.SysTick_Handler)
    SystemClock_Config                       0x08002fdd   Thumb Code   104  main.o(i.SystemClock_Config)
    SystemInit                               0x08003045   Thumb Code    12  system_stm32g4xx.o(i.SystemInit)
    TIM1_UP_TIM16_IRQHandler                 0x08003055   Thumb Code     6  stm32g4xx_it.o(i.TIM1_UP_TIM16_IRQHandler)
    TIM2_IRQHandler                          0x08003061   Thumb Code     6  stm32g4xx_it.o(i.TIM2_IRQHandler)
    TIM3_IRQHandler                          0x0800306d   Thumb Code     6  stm32g4xx_it.o(i.TIM3_IRQHandler)
    TIM_Base_SetConfig                       0x08003079   Thumb Code   154  stm32g4xx_hal_tim.o(i.TIM_Base_SetConfig)
    TIM_CCxChannelCmd                        0x08003131   Thumb Code    26  stm32g4xx_hal_tim.o(i.TIM_CCxChannelCmd)
    TIM_ETR_SetConfig                        0x08003165   Thumb Code    20  stm32g4xx_hal_tim.o(i.TIM_ETR_SetConfig)
    TIM_OC2_SetConfig                        0x08003231   Thumb Code   124  stm32g4xx_hal_tim.o(i.TIM_OC2_SetConfig)
    TIM_TI1_SetConfig                        0x080035f9   Thumb Code   122  stm32g4xx_hal_tim.o(i.TIM_TI1_SetConfig)
    UART_AdvFeatureConfig                    0x08003715   Thumb Code   200  stm32g4xx_hal_uart.o(i.UART_AdvFeatureConfig)
    UART_CheckIdleState                      0x080037dd   Thumb Code   172  stm32g4xx_hal_uart.o(i.UART_CheckIdleState)
    UART_SetConfig                           0x080038e9   Thumb Code   582  stm32g4xx_hal_uart.o(i.UART_SetConfig)
    UART_WaitOnFlagUntilTimeout              0x08003b5d   Thumb Code   148  stm32g4xx_hal_uart.o(i.UART_WaitOnFlagUntilTimeout)
    USART2_IRQHandler                        0x08003bf1   Thumb Code     6  stm32g4xx_it.o(i.USART2_IRQHandler)
    UsageFault_Handler                       0x08003bfd   Thumb Code     2  stm32g4xx_it.o(i.UsageFault_Handler)
    __0printf                                0x08003c01   Thumb Code    22  printfa.o(i.__0printf)
    __1printf                                0x08003c01   Thumb Code     0  printfa.o(i.__0printf)
    __2printf                                0x08003c01   Thumb Code     0  printfa.o(i.__0printf)
    __c89printf                              0x08003c01   Thumb Code     0  printfa.o(i.__0printf)
    printf                                   0x08003c01   Thumb Code     0  printfa.o(i.__0printf)
    __ARM_fpclassify                         0x08003c21   Thumb Code    48  fpclassify.o(i.__ARM_fpclassify)
    __hardfp_cos                             0x08003c71   Thumb Code   180  cos.o(i.__hardfp_cos)
    __hardfp_fmodf                           0x08003d39   Thumb Code   176  fmodf.o(i.__hardfp_fmodf)
    __hardfp_sin                             0x08003de9   Thumb Code   180  sin.o(i.__hardfp_sin)
    __hardfp_sqrt                            0x08003eb1   Thumb Code   122  sqrt.o(i.__hardfp_sqrt)
    __ieee754_rem_pio2                       0x08003f31   Thumb Code   938  rred.o(i.__ieee754_rem_pio2)
    __kernel_cos                             0x08004369   Thumb Code   322  cos_i.o(i.__kernel_cos)
    __kernel_poly                            0x080044d9   Thumb Code   248  poly.o(i.__kernel_poly)
    __kernel_sin                             0x080045d1   Thumb Code   280  sin_i.o(i.__kernel_sin)
    __mathlib_dbl_infnan                     0x08004701   Thumb Code    20  dunder.o(i.__mathlib_dbl_infnan)
    __mathlib_dbl_invalid                    0x08004719   Thumb Code    24  dunder.o(i.__mathlib_dbl_invalid)
    __mathlib_dbl_underflow                  0x08004739   Thumb Code    24  dunder.o(i.__mathlib_dbl_underflow)
    __mathlib_flt_invalid                    0x08004759   Thumb Code    10  funder.o(i.__mathlib_flt_invalid)
    __scatterload_copy                       0x08004769   Thumb Code    14  handlers.o(i.__scatterload_copy)
    __scatterload_null                       0x08004777   Thumb Code     2  handlers.o(i.__scatterload_null)
    __scatterload_zeroinit                   0x08004779   Thumb Code    14  handlers.o(i.__scatterload_zeroinit)
    __set_errno                              0x08004789   Thumb Code     6  errno.o(i.__set_errno)
    fabs                                     0x0800501f   Thumb Code    24  fabs.o(i.fabs)
    fputc                                    0x08005039   Thumb Code    20  usart.o(i.fputc)
    main                                     0x080051f9   Thumb Code    44  main.o(i.main)
    UARTPrescTable                           0x08005254   Data          24  stm32g4xx_hal_uart.o(.constdata)
    AHBPrescTable                            0x0800527c   Data          16  system_stm32g4xx.o(.constdata)
    APBPrescTable                            0x0800528c   Data           8  system_stm32g4xx.o(.constdata)
    Region$$Table$$Base                      0x080053e0   Number         0  anon$$obj.o(Region$$Table)
    Region$$Table$$Limit                     0x08005400   Number         0  anon$$obj.o(Region$$Table)
    uwTickPrio                               0x20000004   Data           4  stm32g4xx_hal.o(.data)
    uwTickFreq                               0x20000008   Data           4  stm32g4xx_hal.o(.data)
    uwTick                                   0x2000000c   Data           4  stm32g4xx_hal.o(.data)
    SystemCoreClock                          0x20000010   Data           4  system_stm32g4xx.o(.data)
    shaft_angle                              0x20000014   Data           4  foc.o(.data)
    electrical_angle                         0x20000018   Data           4  foc.o(.data)
    foc                                      0x2000001c   Data          12  foc.o(.data)
    __stdout                                 0x20000028   Data           4  stdout.o(.data)
    htim1                                    0x20000030   Data          76  tim.o(.bss)
    htim2                                    0x2000007c   Data          76  tim.o(.bss)
    htim3                                    0x200000c8   Data          76  tim.o(.bss)
    huart2                                   0x20000114   Data         148  usart.o(.bss)
    encoder                                  0x200001a8   Data          16  encoder.o(.bss)
    __initial_sp                             0x200005b8   Data           0  startup_stm32g431xx.o(STACK)



==============================================================================

Memory Map of the image

  Image Entry point : 0x080001d9

  Load Region LR_IROM1 (Base: 0x08000000, Size: 0x00005430, Max: 0x00020000, ABSOLUTE)

    Execution Region ER_IROM1 (Exec base: 0x08000000, Load base: 0x08000000, Size: 0x00005400, Max: 0x00020000, ABSOLUTE)

    Exec Addr    Load Addr    Size         Type   Attr      Idx    E Section Name        Object

    0x08000000   0x08000000   0x000001d8   Data   RO            3    RESET               startup_stm32g431xx.o
    0x080001d8   0x080001d8   0x00000000   Code   RO         4166  * .ARM.Collect$$$$00000000  mc_w.l(entry.o)
    0x080001d8   0x080001d8   0x00000004   Code   RO         4488    .ARM.Collect$$$$00000001  mc_w.l(entry2.o)
    0x080001dc   0x080001dc   0x00000004   Code   RO         4491    .ARM.Collect$$$$00000004  mc_w.l(entry5.o)
    0x080001e0   0x080001e0   0x00000000   Code   RO         4493    .ARM.Collect$$$$00000008  mc_w.l(entry7b.o)
    0x080001e0   0x080001e0   0x00000000   Code   RO         4495    .ARM.Collect$$$$0000000A  mc_w.l(entry8b.o)
    0x080001e0   0x080001e0   0x00000008   Code   RO         4496    .ARM.Collect$$$$0000000B  mc_w.l(entry9a.o)
    0x080001e8   0x080001e8   0x00000004   Code   RO         4503    .ARM.Collect$$$$0000000E  mc_w.l(entry12b.o)
    0x080001ec   0x080001ec   0x00000000   Code   RO         4498    .ARM.Collect$$$$0000000F  mc_w.l(entry10a.o)
    0x080001ec   0x080001ec   0x00000000   Code   RO         4500    .ARM.Collect$$$$00000011  mc_w.l(entry11a.o)
    0x080001ec   0x080001ec   0x00000004   Code   RO         4489    .ARM.Collect$$$$00002712  mc_w.l(entry2.o)
    0x080001f0   0x080001f0   0x00000024   Code   RO            4    .text               startup_stm32g431xx.o
    0x08000214   0x08000214   0x00000062   Code   RO         4169    .text               mc_w.l(uldiv.o)
    0x08000276   0x08000276   0x00000024   Code   RO         4173    .text               mc_w.l(memseta.o)
    0x0800029a   0x0800029a   0x0000014e   Code   RO         4438    .text               mf_w.l(dadd.o)
    0x080003e8   0x080003e8   0x000000e4   Code   RO         4440    .text               mf_w.l(dmul.o)
    0x080004cc   0x080004cc   0x00000026   Code   RO         4442    .text               mf_w.l(f2d.o)
    0x080004f2   0x080004f2   0x00000038   Code   RO         4444    .text               mf_w.l(d2f.o)
    0x0800052a   0x0800052a   0x0000002c   Code   RO         4505    .text               mc_w.l(uidiv.o)
    0x08000556   0x08000556   0x0000001e   Code   RO         4507    .text               mc_w.l(llshl.o)
    0x08000574   0x08000574   0x00000020   Code   RO         4509    .text               mc_w.l(llushr.o)
    0x08000594   0x08000594   0x00000024   Code   RO         4511    .text               mc_w.l(llsshr.o)
    0x080005b8   0x080005b8   0x00000000   Code   RO         4520    .text               mc_w.l(iusefp.o)
    0x080005b8   0x080005b8   0x0000006e   Code   RO         4521    .text               mf_w.l(fepilogue.o)
    0x08000626   0x08000626   0x00000052   Code   RO         4523    .text               mf_w.l(frem.o)
    0x08000678   0x08000678   0x000000ba   Code   RO         4525    .text               mf_w.l(depilogue.o)
    0x08000732   0x08000732   0x000000de   Code   RO         4527    .text               mf_w.l(ddiv.o)
    0x08000810   0x08000810   0x000000a2   Code   RO         4531    .text               mf_w.l(dsqrt.o)
    0x080008b2   0x080008b2   0x00000030   Code   RO         4533    .text               mf_w.l(dfixul.o)
    0x080008e2   0x080008e2   0x00000002   PAD
    0x080008e4   0x080008e4   0x00000030   Code   RO         4537    .text               mf_w.l(cdrcmple.o)
    0x08000914   0x08000914   0x00000024   Code   RO         4549    .text               mc_w.l(init.o)
    0x08000938   0x08000938   0x00000022   Code   RO         4551    .text               mf_w.l(dflti.o)
    0x0800095a   0x0800095a   0x0000001a   Code   RO         4553    .text               mf_w.l(dfltui.o)
    0x08000974   0x08000974   0x0000003e   Code   RO         4555    .text               mf_w.l(dfixi.o)
    0x080009b2   0x080009b2   0x00000002   Code   RO          349    i.BusFault_Handler  stm32g4xx_it.o
    0x080009b4   0x080009b4   0x00000002   Code   RO          350    i.DebugMon_Handler  stm32g4xx_it.o
    0x080009b6   0x080009b6   0x00000002   PAD
    0x080009b8   0x080009b8   0x0000000c   Code   RO         4067    i.Encoder_GetHallState  encoder.o
    0x080009c4   0x080009c4   0x0000000c   Code   RO         4068    i.Encoder_GetSpeed  encoder.o
    0x080009d0   0x080009d0   0x00000080   Code   RO         4069    i.Encoder_IC_Callback  encoder.o
    0x08000a50   0x08000a50   0x00000040   Code   RO         4070    i.Encoder_Init      encoder.o
    0x08000a90   0x08000a90   0x00000004   Code   RO           13    i.Error_Handler     main.o
    0x08000a94   0x08000a94   0x0000003c   Code   RO         3699    i.FOC_Init          foc.o
    0x08000ad0   0x08000ad0   0x000000c8   Code   RO         3700    i.FOC_SetPWM        foc.o
    0x08000b98   0x08000b98   0x00000084   Code   RO         3701    i.FOC_SetPhaseVoltage  foc.o
    0x08000c1c   0x08000c1c   0x00000078   Code   RO         3702    i.FOC_velocityOpenLoop  foc.o
    0x08000c94   0x08000c94   0x00000070   Code   RO         2712    i.HAL_DMA_Abort     stm32g4xx_hal_dma.o
    0x08000d04   0x08000d04   0x00000078   Code   RO         2713    i.HAL_DMA_Abort_IT  stm32g4xx_hal_dma.o
    0x08000d7c   0x08000d7c   0x00000234   Code   RO         2574    i.HAL_GPIO_Init     stm32g4xx_hal_gpio.o
    0x08000fb0   0x08000fb0   0x0000000a   Code   RO         2578    i.HAL_GPIO_WritePin  stm32g4xx_hal_gpio.o
    0x08000fba   0x08000fba   0x00000002   PAD
    0x08000fbc   0x08000fbc   0x0000000c   Code   RO         1869    i.HAL_GetTick       stm32g4xx_hal.o
    0x08000fc8   0x08000fc8   0x00000010   Code   RO         1875    i.HAL_IncTick       stm32g4xx_hal.o
    0x08000fd8   0x08000fd8   0x0000001e   Code   RO         1876    i.HAL_Init          stm32g4xx_hal.o
    0x08000ff6   0x08000ff6   0x00000002   PAD
    0x08000ff8   0x08000ff8   0x00000044   Code   RO         1877    i.HAL_InitTick      stm32g4xx_hal.o
    0x0800103c   0x0800103c   0x00000030   Code   RO          449    i.HAL_MspInit       stm32g4xx_hal_msp.o
    0x0800106c   0x0800106c   0x0000001a   Code   RO         2983    i.HAL_NVIC_EnableIRQ  stm32g4xx_hal_cortex.o
    0x08001086   0x08001086   0x00000002   PAD
    0x08001088   0x08001088   0x00000040   Code   RO         2989    i.HAL_NVIC_SetPriority  stm32g4xx_hal_cortex.o
    0x080010c8   0x080010c8   0x00000024   Code   RO         2990    i.HAL_NVIC_SetPriorityGrouping  stm32g4xx_hal_cortex.o
    0x080010ec   0x080010ec   0x000000bc   Code   RO          474    i.HAL_PWREx_ControlVoltageScaling  stm32g4xx_hal_pwr_ex.o
    0x080011a8   0x080011a8   0x00000010   Code   RO          486    i.HAL_PWREx_DisableUCPDDeadBattery  stm32g4xx_hal_pwr_ex.o
    0x080011b8   0x080011b8   0x00000288   Code   RO         2236    i.HAL_RCCEx_PeriphCLKConfig  stm32g4xx_hal_rcc_ex.o
    0x08001440   0x08001440   0x000001dc   Code   RO         2111    i.HAL_RCC_ClockConfig  stm32g4xx_hal_rcc.o
    0x0800161c   0x0800161c   0x00000024   Code   RO         2119    i.HAL_RCC_GetPCLK1Freq  stm32g4xx_hal_rcc.o
    0x08001640   0x08001640   0x00000024   Code   RO         2120    i.HAL_RCC_GetPCLK2Freq  stm32g4xx_hal_rcc.o
    0x08001664   0x08001664   0x0000006c   Code   RO         2121    i.HAL_RCC_GetSysClockFreq  stm32g4xx_hal_rcc.o
    0x080016d0   0x080016d0   0x00000404   Code   RO         2124    i.HAL_RCC_OscConfig  stm32g4xx_hal_rcc.o
    0x08001ad4   0x08001ad4   0x00000028   Code   RO         2994    i.HAL_SYSTICK_Config  stm32g4xx_hal_cortex.o
    0x08001afc   0x08001afc   0x00000002   Code   RO         1429    i.HAL_TIMEx_Break2Callback  stm32g4xx_hal_tim_ex.o
    0x08001afe   0x08001afe   0x00000002   Code   RO         1430    i.HAL_TIMEx_BreakCallback  stm32g4xx_hal_tim_ex.o
    0x08001b00   0x08001b00   0x00000002   Code   RO         1431    i.HAL_TIMEx_CommutCallback  stm32g4xx_hal_tim_ex.o
    0x08001b02   0x08001b02   0x00000002   PAD
    0x08001b04   0x08001b04   0x0000009c   Code   RO         1434    i.HAL_TIMEx_ConfigBreakDeadTime  stm32g4xx_hal_tim_ex.o
    0x08001ba0   0x08001ba0   0x00000002   Code   RO         1442    i.HAL_TIMEx_DirectionChangeCallback  stm32g4xx_hal_tim_ex.o
    0x08001ba2   0x08001ba2   0x00000002   Code   RO         1456    i.HAL_TIMEx_EncoderIndexCallback  stm32g4xx_hal_tim_ex.o
    0x08001ba4   0x08001ba4   0x000000dc   Code   RO         1461    i.HAL_TIMEx_HallSensor_Init  stm32g4xx_hal_tim_ex.o
    0x08001c80   0x08001c80   0x00000002   Code   RO         1463    i.HAL_TIMEx_HallSensor_MspInit  stm32g4xx_hal_tim_ex.o
    0x08001c82   0x08001c82   0x00000002   PAD
    0x08001c84   0x08001c84   0x000000a8   Code   RO         1466    i.HAL_TIMEx_HallSensor_Start_IT  stm32g4xx_hal_tim_ex.o
    0x08001d2c   0x08001d2c   0x00000002   Code   RO         1470    i.HAL_TIMEx_IndexErrorCallback  stm32g4xx_hal_tim_ex.o
    0x08001d2e   0x08001d2e   0x00000002   PAD
    0x08001d30   0x08001d30   0x0000009c   Code   RO         1471    i.HAL_TIMEx_MasterConfigSynchronization  stm32g4xx_hal_tim_ex.o
    0x08001dcc   0x08001dcc   0x000000b8   Code   RO         1483    i.HAL_TIMEx_PWMN_Start  stm32g4xx_hal_tim_ex.o
    0x08001e84   0x08001e84   0x00000002   Code   RO         1492    i.HAL_TIMEx_TransitionErrorCallback  stm32g4xx_hal_tim_ex.o
    0x08001e86   0x08001e86   0x00000062   Code   RO          715    i.HAL_TIM_Base_Init  stm32g4xx_hal_tim.o
    0x08001ee8   0x08001ee8   0x00000098   Code   RO          213    i.HAL_TIM_Base_MspInit  tim.o
    0x08001f80   0x08001f80   0x00000078   Code   RO          720    i.HAL_TIM_Base_Start_IT  stm32g4xx_hal_tim.o
    0x08001ff8   0x08001ff8   0x00000100   Code   RO          724    i.HAL_TIM_ConfigClockSource  stm32g4xx_hal_tim.o
    0x080020f8   0x080020f8   0x00000014   Code   RO          214    i.HAL_TIM_IC_CaptureCallback  tim.o
    0x0800210c   0x0800210c   0x000001a2   Code   RO          763    i.HAL_TIM_IRQHandler  stm32g4xx_hal_tim.o
    0x080022ae   0x080022ae   0x00000002   PAD
    0x080022b0   0x080022b0   0x00000094   Code   RO          215    i.HAL_TIM_MspPostInit  tim.o
    0x08002344   0x08002344   0x00000002   Code   RO          766    i.HAL_TIM_OC_DelayElapsedCallback  stm32g4xx_hal_tim.o
    0x08002346   0x08002346   0x00000124   Code   RO          787    i.HAL_TIM_PWM_ConfigChannel  stm32g4xx_hal_tim.o
    0x0800246a   0x0800246a   0x00000062   Code   RO          790    i.HAL_TIM_PWM_Init  stm32g4xx_hal_tim.o
    0x080024cc   0x080024cc   0x0000003c   Code   RO          217    i.HAL_TIM_PWM_MspInit  tim.o
    0x08002508   0x08002508   0x00000002   Code   RO          793    i.HAL_TIM_PWM_PulseFinishedCallback  stm32g4xx_hal_tim.o
    0x0800250a   0x0800250a   0x00000002   PAD
    0x0800250c   0x0800250c   0x000000fc   Code   RO          795    i.HAL_TIM_PWM_Start  stm32g4xx_hal_tim.o
    0x08002608   0x08002608   0x0000008c   Code   RO          218    i.HAL_TIM_PeriodElapsedCallback  tim.o
    0x08002694   0x08002694   0x00000056   Code   RO          804    i.HAL_TIM_SlaveConfigSynchro  stm32g4xx_hal_tim.o
    0x080026ea   0x080026ea   0x00000002   Code   RO          806    i.HAL_TIM_TriggerCallback  stm32g4xx_hal_tim.o
    0x080026ec   0x080026ec   0x0000003e   Code   RO         3543    i.HAL_UARTEx_DisableFifoMode  stm32g4xx_hal_uart_ex.o
    0x0800272a   0x0800272a   0x00000002   Code   RO         3132    i.HAL_UARTEx_RxEventCallback  stm32g4xx_hal_uart.o
    0x0800272c   0x0800272c   0x00000002   Code   RO         3551    i.HAL_UARTEx_RxFifoFullCallback  stm32g4xx_hal_uart_ex.o
    0x0800272e   0x0800272e   0x0000004c   Code   RO         3552    i.HAL_UARTEx_SetRxFifoThreshold  stm32g4xx_hal_uart_ex.o
    0x0800277a   0x0800277a   0x0000004c   Code   RO         3553    i.HAL_UARTEx_SetTxFifoThreshold  stm32g4xx_hal_uart_ex.o
    0x080027c6   0x080027c6   0x00000002   Code   RO         3555    i.HAL_UARTEx_TxFifoEmptyCallback  stm32g4xx_hal_uart_ex.o
    0x080027c8   0x080027c8   0x00000002   Code   RO         3556    i.HAL_UARTEx_WakeupCallback  stm32g4xx_hal_uart_ex.o
    0x080027ca   0x080027ca   0x00000002   Code   RO         3148    i.HAL_UART_ErrorCallback  stm32g4xx_hal_uart.o
    0x080027cc   0x080027cc   0x0000031c   Code   RO         3151    i.HAL_UART_IRQHandler  stm32g4xx_hal_uart.o
    0x08002ae8   0x08002ae8   0x0000006a   Code   RO         3152    i.HAL_UART_Init     stm32g4xx_hal_uart.o
    0x08002b52   0x08002b52   0x00000002   PAD
    0x08002b54   0x08002b54   0x0000008c   Code   RO          302    i.HAL_UART_MspInit  usart.o
    0x08002be0   0x08002be0   0x000000b6   Code   RO         3161    i.HAL_UART_Transmit  stm32g4xx_hal_uart.o
    0x08002c96   0x08002c96   0x00000002   Code   RO         3164    i.HAL_UART_TxCpltCallback  stm32g4xx_hal_uart.o
    0x08002c98   0x08002c98   0x00000002   Code   RO          351    i.HardFault_Handler  stm32g4xx_it.o
    0x08002c9a   0x08002c9a   0x00000002   PAD
    0x08002c9c   0x08002c9c   0x000000e4   Code   RO          188    i.MX_GPIO_Init      gpio.o
    0x08002d80   0x08002d80   0x000000d8   Code   RO          219    i.MX_TIM1_Init      tim.o
    0x08002e58   0x08002e58   0x00000068   Code   RO          220    i.MX_TIM2_Init      tim.o
    0x08002ec0   0x08002ec0   0x000000a8   Code   RO          221    i.MX_TIM3_Init      tim.o
    0x08002f68   0x08002f68   0x00000068   Code   RO          303    i.MX_USART2_UART_Init  usart.o
    0x08002fd0   0x08002fd0   0x00000002   Code   RO          352    i.MemManage_Handler  stm32g4xx_it.o
    0x08002fd2   0x08002fd2   0x00000002   Code   RO          353    i.NMI_Handler       stm32g4xx_it.o
    0x08002fd4   0x08002fd4   0x00000002   Code   RO          354    i.PendSV_Handler    stm32g4xx_it.o
    0x08002fd6   0x08002fd6   0x00000002   Code   RO          355    i.SVC_Handler       stm32g4xx_it.o
    0x08002fd8   0x08002fd8   0x00000004   Code   RO          356    i.SysTick_Handler   stm32g4xx_it.o
    0x08002fdc   0x08002fdc   0x00000068   Code   RO           14    i.SystemClock_Config  main.o
    0x08003044   0x08003044   0x00000010   Code   RO         3662    i.SystemInit        system_stm32g4xx.o
    0x08003054   0x08003054   0x0000000c   Code   RO          357    i.TIM1_UP_TIM16_IRQHandler  stm32g4xx_it.o
    0x08003060   0x08003060   0x0000000c   Code   RO          358    i.TIM2_IRQHandler   stm32g4xx_it.o
    0x0800306c   0x0800306c   0x0000000c   Code   RO          359    i.TIM3_IRQHandler   stm32g4xx_it.o
    0x08003078   0x08003078   0x000000b8   Code   RO          808    i.TIM_Base_SetConfig  stm32g4xx_hal_tim.o
    0x08003130   0x08003130   0x0000001a   Code   RO          809    i.TIM_CCxChannelCmd  stm32g4xx_hal_tim.o
    0x0800314a   0x0800314a   0x0000001a   Code   RO         1495    i.TIM_CCxNChannelCmd  stm32g4xx_hal_tim_ex.o
    0x08003164   0x08003164   0x00000014   Code   RO          819    i.TIM_ETR_SetConfig  stm32g4xx_hal_tim.o
    0x08003178   0x08003178   0x00000014   Code   RO          820    i.TIM_ITRx_SetConfig  stm32g4xx_hal_tim.o
    0x0800318c   0x0800318c   0x000000a4   Code   RO          821    i.TIM_OC1_SetConfig  stm32g4xx_hal_tim.o
    0x08003230   0x08003230   0x00000094   Code   RO          822    i.TIM_OC2_SetConfig  stm32g4xx_hal_tim.o
    0x080032c4   0x080032c4   0x00000094   Code   RO          823    i.TIM_OC3_SetConfig  stm32g4xx_hal_tim.o
    0x08003358   0x08003358   0x00000094   Code   RO          824    i.TIM_OC4_SetConfig  stm32g4xx_hal_tim.o
    0x080033ec   0x080033ec   0x00000070   Code   RO          825    i.TIM_OC5_SetConfig  stm32g4xx_hal_tim.o
    0x0800345c   0x0800345c   0x00000070   Code   RO          826    i.TIM_OC6_SetConfig  stm32g4xx_hal_tim.o
    0x080034cc   0x080034cc   0x000000d0   Code   RO          827    i.TIM_SlaveTimer_SetConfig  stm32g4xx_hal_tim.o
    0x0800359c   0x0800359c   0x0000005c   Code   RO          828    i.TIM_TI1_ConfigInputStage  stm32g4xx_hal_tim.o
    0x080035f8   0x080035f8   0x00000098   Code   RO          829    i.TIM_TI1_SetConfig  stm32g4xx_hal_tim.o
    0x08003690   0x08003690   0x00000040   Code   RO          830    i.TIM_TI2_ConfigInputStage  stm32g4xx_hal_tim.o
    0x080036d0   0x080036d0   0x00000044   Code   RO         3557    i.UARTEx_SetNbDataToProcess  stm32g4xx_hal_uart_ex.o
    0x08003714   0x08003714   0x000000c8   Code   RO         3166    i.UART_AdvFeatureConfig  stm32g4xx_hal_uart.o
    0x080037dc   0x080037dc   0x000000ac   Code   RO         3167    i.UART_CheckIdleState  stm32g4xx_hal_uart.o
    0x08003888   0x08003888   0x0000000a   Code   RO         3168    i.UART_DMAAbortOnError  stm32g4xx_hal_uart.o
    0x08003892   0x08003892   0x00000002   PAD
    0x08003894   0x08003894   0x00000054   Code   RO         3178    i.UART_EndRxTransfer  stm32g4xx_hal_uart.o
    0x080038e8   0x080038e8   0x00000274   Code   RO         3184    i.UART_SetConfig    stm32g4xx_hal_uart.o
    0x08003b5c   0x08003b5c   0x00000094   Code   RO         3191    i.UART_WaitOnFlagUntilTimeout  stm32g4xx_hal_uart.o
    0x08003bf0   0x08003bf0   0x0000000c   Code   RO          360    i.USART2_IRQHandler  stm32g4xx_it.o
    0x08003bfc   0x08003bfc   0x00000002   Code   RO          361    i.UsageFault_Handler  stm32g4xx_it.o
    0x08003bfe   0x08003bfe   0x00000002   PAD
    0x08003c00   0x08003c00   0x00000020   Code   RO         4410    i.__0printf         mc_w.l(printfa.o)
    0x08003c20   0x08003c20   0x00000030   Code   RO         4545    i.__ARM_fpclassify  m_wm.l(fpclassify.o)
    0x08003c50   0x08003c50   0x00000020   Code   RO         2996    i.__NVIC_SetPriority  stm32g4xx_hal_cortex.o
    0x08003c70   0x08003c70   0x000000c8   Code   RO         4118    i.__hardfp_cos      m_wm.l(cos.o)
    0x08003d38   0x08003d38   0x000000b0   Code   RO         4130    i.__hardfp_fmodf    m_wm.l(fmodf.o)
    0x08003de8   0x08003de8   0x000000c8   Code   RO         4142    i.__hardfp_sin      m_wm.l(sin.o)
    0x08003eb0   0x08003eb0   0x0000007a   Code   RO         4154    i.__hardfp_sqrt     m_wm.l(sqrt.o)
    0x08003f2a   0x08003f2a   0x00000006   PAD
    0x08003f30   0x08003f30   0x00000438   Code   RO         4477    i.__ieee754_rem_pio2  m_wm.l(rred.o)
    0x08004368   0x08004368   0x00000170   Code   RO         4446    i.__kernel_cos      m_wm.l(cos_i.o)
    0x080044d8   0x080044d8   0x000000f8   Code   RO         4547    i.__kernel_poly     m_wm.l(poly.o)
    0x080045d0   0x080045d0   0x00000130   Code   RO         4482    i.__kernel_sin      m_wm.l(sin_i.o)
    0x08004700   0x08004700   0x00000014   Code   RO         4450    i.__mathlib_dbl_infnan  m_wm.l(dunder.o)
    0x08004714   0x08004714   0x00000004   PAD
    0x08004718   0x08004718   0x00000020   Code   RO         4452    i.__mathlib_dbl_invalid  m_wm.l(dunder.o)
    0x08004738   0x08004738   0x00000020   Code   RO         4455    i.__mathlib_dbl_underflow  m_wm.l(dunder.o)
    0x08004758   0x08004758   0x00000010   Code   RO         4466    i.__mathlib_flt_invalid  m_wm.l(funder.o)
    0x08004768   0x08004768   0x0000000e   Code   RO         4559    i.__scatterload_copy  mc_w.l(handlers.o)
    0x08004776   0x08004776   0x00000002   Code   RO         4560    i.__scatterload_null  mc_w.l(handlers.o)
    0x08004778   0x08004778   0x0000000e   Code   RO         4561    i.__scatterload_zeroinit  mc_w.l(handlers.o)
    0x08004786   0x08004786   0x00000002   PAD
    0x08004788   0x08004788   0x0000000c   Code   RO         4515    i.__set_errno       mc_w.l(errno.o)
    0x08004794   0x08004794   0x00000184   Code   RO         4417    i._fp_digits        mc_w.l(printfa.o)
    0x08004918   0x08004918   0x000006b4   Code   RO         4418    i._printf_core      mc_w.l(printfa.o)
    0x08004fcc   0x08004fcc   0x00000024   Code   RO         4419    i._printf_post_padding  mc_w.l(printfa.o)
    0x08004ff0   0x08004ff0   0x0000002e   Code   RO         4420    i._printf_pre_padding  mc_w.l(printfa.o)
    0x0800501e   0x0800501e   0x00000018   Code   RO         4541    i.fabs              m_wm.l(fabs.o)
    0x08005036   0x08005036   0x00000002   PAD
    0x08005038   0x08005038   0x00000018   Code   RO          304    i.fputc             usart.o
    0x08005050   0x08005050   0x000000c8   Code   RO         3703    i.inverseClarke     foc.o
    0x08005118   0x08005118   0x000000e0   Code   RO         3704    i.inversePark       foc.o
    0x080051f8   0x080051f8   0x00000030   Code   RO           15    i.main              main.o
    0x08005228   0x08005228   0x0000002c   Code   RO         3705    i.normalizeAngle    foc.o
    0x08005254   0x08005254   0x00000018   Data   RO         3192    .constdata          stm32g4xx_hal_uart.o
    0x0800526c   0x0800526c   0x00000010   Data   RO         3558    .constdata          stm32g4xx_hal_uart_ex.o
    0x0800527c   0x0800527c   0x00000010   Data   RO         3663    .constdata          system_stm32g4xx.o
    0x0800528c   0x0800528c   0x00000008   Data   RO         3664    .constdata          system_stm32g4xx.o
    0x08005294   0x08005294   0x0000002c   Data   RO         4072    .constdata          encoder.o
    0x080052c0   0x080052c0   0x00000030   Data   RO         4447    .constdata          m_wm.l(cos_i.o)
    0x080052f0   0x080052f0   0x000000c8   Data   RO         4479    .constdata          m_wm.l(rred.o)
    0x080053b8   0x080053b8   0x00000028   Data   RO         4483    .constdata          m_wm.l(sin_i.o)
    0x080053e0   0x080053e0   0x00000020   Data   RO         4557    Region$$Table       anon$$obj.o


    Execution Region RW_IRAM1 (Exec base: 0x20000000, Load base: 0x08005400, Size: 0x000005b8, Max: 0x00008000, ABSOLUTE)

    Exec Addr    Load Addr    Size         Type   Attr      Idx    E Section Name        Object

    0x20000000   0x08005400   0x00000002   Data   RW          223    .data               tim.o
    0x20000002   0x08005402   0x00000002   PAD
    0x20000004   0x08005404   0x0000000c   Data   RW         1896    .data               stm32g4xx_hal.o
    0x20000010   0x08005410   0x00000004   Data   RW         3665    .data               system_stm32g4xx.o
    0x20000014   0x08005414   0x00000014   Data   RW         3706    .data               foc.o
    0x20000028   0x08005428   0x00000004   Data   RW         4504    .data               mc_w.l(stdout.o)
    0x2000002c   0x0800542c   0x00000004   Data   RW         4516    .data               mc_w.l(errno.o)
    0x20000030        -       0x000000e4   Zero   RW          222    .bss                tim.o
    0x20000114        -       0x00000094   Zero   RW          305    .bss                usart.o
    0x200001a8        -       0x00000010   Zero   RW         4071    .bss                encoder.o
    0x200001b8        -       0x00000400   Zero   RW            1    STACK               startup_stm32g431xx.o


==============================================================================

Image component sizes


      Code (inc. data)   RO Data    RW Data    ZI Data      Debug   Object Name

       216         50         44          0         16       3837   encoder.o
       980         64          0         20          0       6356   foc.o
       228         18          0          0          0       1147   gpio.o
       156          4          0          0          0     644605   main.o
        36          8        472          0       1024        880   startup_stm32g431xx.o
       126         20          0         12          0       4061   stm32g4xx_hal.o
       198         14          0          0          0      34235   stm32g4xx_hal_cortex.o
       232          0          0          0          0       2179   stm32g4xx_hal_dma.o
       574         32          0          0          0       2500   stm32g4xx_hal_gpio.o
        48          6          0          0          0        994   stm32g4xx_hal_msp.o
       204         18          0          0          0       1529   stm32g4xx_hal_pwr_ex.o
      1684         88          0          0          0       6668   stm32g4xx_hal_rcc.o
       648         10          0          0          0       2024   stm32g4xx_hal_rcc_ex.o
      3224        332          0          0          0      21940   stm32g4xx_hal_tim.o
       926         94          0          0          0      11270   stm32g4xx_hal_tim_ex.o
      2332         86         24          0          0      31508   stm32g4xx_hal_uart.o
       288          6         16          0          0       5882   stm32g4xx_hal_uart_ex.o
        68         24          0          0          0       6857   stm32g4xx_it.o
        16          4         24          4          0       1319   system_stm32g4xx.o
      1008        122          0          2        228       7961   tim.o
       268         28          0          0        148       2702   usart.o

    ----------------------------------------------------------------------
     13486       1028        612         40       1416     800454   Object Totals
         0          0         32          0          0          0   (incl. Generated)
        26          0          0          2          0          0   (incl. Padding)

    ----------------------------------------------------------------------

      Code (inc. data)   RO Data    RW Data    ZI Data      Debug   Library Member Name

       200         20          0          0          0        164   cos.o
       368         46         48          0          0        200   cos_i.o
        84         16          0          0          0        372   dunder.o
        24          0          0          0          0        124   fabs.o
       176          0          0          0          0        168   fmodf.o
        48          0          0          0          0        124   fpclassify.o
        16          6          0          0          0        116   funder.o
       248          0          0          0          0        152   poly.o
      1080        142        200          0          0        188   rred.o
       200         20          0          0          0        164   sin.o
       304         24         40          0          0        208   sin_i.o
       122          0          0          0          0        148   sqrt.o
         0          0          0          0          0          0   entry.o
         0          0          0          0          0          0   entry10a.o
         0          0          0          0          0          0   entry11a.o
         4          0          0          0          0          0   entry12b.o
         8          4          0          0          0          0   entry2.o
         4          0          0          0          0          0   entry5.o
         0          0          0          0          0          0   entry7b.o
         0          0          0          0          0          0   entry8b.o
         8          4          0          0          0          0   entry9a.o
        12          6          0          4          0         68   errno.o
        30          0          0          0          0          0   handlers.o
        36          8          0          0          0         68   init.o
         0          0          0          0          0          0   iusefp.o
        30          0          0          0          0         68   llshl.o
        36          0          0          0          0         68   llsshr.o
        32          0          0          0          0         68   llushr.o
        36          0          0          0          0        108   memseta.o
      2218         90          0          0          0        464   printfa.o
         0          0          0          4          0          0   stdout.o
        44          0          0          0          0         80   uidiv.o
        98          0          0          0          0         92   uldiv.o
        48          0          0          0          0         68   cdrcmple.o
        56          0          0          0          0         88   d2f.o
       334          0          0          0          0        148   dadd.o
       222          0          0          0          0        100   ddiv.o
       186          0          0          0          0        176   depilogue.o
        62          0          0          0          0         80   dfixi.o
        48          0          0          0          0         68   dfixul.o
        34          0          0          0          0         76   dflti.o
        26          0          0          0          0         76   dfltui.o
       228          0          0          0          0         96   dmul.o
       162          0          0          0          0        100   dsqrt.o
        38          0          0          0          0         68   f2d.o
       110          0          0          0          0        168   fepilogue.o
        82          0          0          0          0         96   frem.o

    ----------------------------------------------------------------------
      7118        386        288          8          0       4620   Library Totals
        16          0          0          0          0          0   (incl. Padding)

    ----------------------------------------------------------------------

      Code (inc. data)   RO Data    RW Data    ZI Data      Debug   Library Name

      2870        274        288          0          0       2128   m_wm.l
      2596        112          0          8          0       1084   mc_w.l
      1636          0          0          0          0       1408   mf_w.l

    ----------------------------------------------------------------------
      7118        386        288          8          0       4620   Library Totals

    ----------------------------------------------------------------------

==============================================================================


      Code (inc. data)   RO Data    RW Data    ZI Data      Debug   

     20604       1414        900         48       1416     791630   Grand Totals
     20604       1414        900         48       1416     791630   ELF Image Totals
     20604       1414        900         48          0          0   ROM Totals

==============================================================================

    Total RO  Size (Code + RO Data)                21504 (  21.00kB)
    Total RW  Size (RW Data + ZI Data)              1464 (   1.43kB)
    Total ROM Size (Code + RO Data + RW Data)      21552 (  21.05kB)

==============================================================================

