Component: ARM Compiler 5.06 update 7 (build 960) Tool: armlink [4d3601]

==============================================================================

Section Cross References

    startup_stm32g431xx.o(STACK) refers (Special) to heapauxi.o(.text) for __use_two_region_memory
    startup_stm32g431xx.o(HEAP) refers (Special) to heapauxi.o(.text) for __use_two_region_memory
    startup_stm32g431xx.o(RESET) refers (Special) to heapauxi.o(.text) for __use_two_region_memory
    startup_stm32g431xx.o(RESET) refers to startup_stm32g431xx.o(STACK) for __initial_sp
    startup_stm32g431xx.o(RESET) refers to startup_stm32g431xx.o(.text) for Reset_Handler
    startup_stm32g431xx.o(RESET) refers to stm32g4xx_it.o(i.NMI_Handler) for NMI_Handler
    startup_stm32g431xx.o(RESET) refers to stm32g4xx_it.o(i.HardFault_Handler) for HardFault_Handler
    startup_stm32g431xx.o(RESET) refers to stm32g4xx_it.o(i.MemManage_Handler) for MemManage_Handler
    startup_stm32g431xx.o(RESET) refers to stm32g4xx_it.o(i.BusFault_Handler) for BusFault_Handler
    startup_stm32g431xx.o(RESET) refers to stm32g4xx_it.o(i.UsageFault_Handler) for UsageFault_Handler
    startup_stm32g431xx.o(RESET) refers to stm32g4xx_it.o(i.SVC_Handler) for SVC_Handler
    startup_stm32g431xx.o(RESET) refers to stm32g4xx_it.o(i.DebugMon_Handler) for DebugMon_Handler
    startup_stm32g431xx.o(RESET) refers to stm32g4xx_it.o(i.PendSV_Handler) for PendSV_Handler
    startup_stm32g431xx.o(RESET) refers to stm32g4xx_it.o(i.SysTick_Handler) for SysTick_Handler
    startup_stm32g431xx.o(RESET) refers to stm32g4xx_it.o(i.TIM2_IRQHandler) for TIM2_IRQHandler
    startup_stm32g431xx.o(RESET) refers to stm32g4xx_it.o(i.USART2_IRQHandler) for USART2_IRQHandler
    startup_stm32g431xx.o(.text) refers (Special) to heapauxi.o(.text) for __use_two_region_memory
    startup_stm32g431xx.o(.text) refers to system_stm32g4xx.o(i.SystemInit) for SystemInit
    startup_stm32g431xx.o(.text) refers to __main.o(!!!main) for __main
    startup_stm32g431xx.o(.text) refers to startup_stm32g431xx.o(HEAP) for Heap_Mem
    startup_stm32g431xx.o(.text) refers to startup_stm32g431xx.o(STACK) for Stack_Mem
    main.o(i.SystemClock_Config) refers to rt_memclr_w.o(.text) for __aeabi_memclr4
    main.o(i.SystemClock_Config) refers to stm32g4xx_hal_pwr_ex.o(i.HAL_PWREx_ControlVoltageScaling) for HAL_PWREx_ControlVoltageScaling
    main.o(i.SystemClock_Config) refers to stm32g4xx_hal_rcc.o(i.HAL_RCC_OscConfig) for HAL_RCC_OscConfig
    main.o(i.SystemClock_Config) refers to stm32g4xx_hal_rcc.o(i.HAL_RCC_ClockConfig) for HAL_RCC_ClockConfig
    main.o(i.main) refers to stm32g4xx_hal.o(i.HAL_Init) for HAL_Init
    main.o(i.main) refers to main.o(i.SystemClock_Config) for SystemClock_Config
    main.o(i.main) refers to gpio.o(i.MX_GPIO_Init) for MX_GPIO_Init
    main.o(i.main) refers to usart.o(i.MX_USART2_UART_Init) for MX_USART2_UART_Init
    main.o(i.main) refers to tim.o(i.MX_TIM1_Init) for MX_TIM1_Init
    main.o(i.main) refers to tim.o(i.MX_TIM2_Init) for MX_TIM2_Init
    main.o(i.main) refers to foc.o(i.FOC_Init) for FOC_Init
    main.o(i.main) refers to foc.o(i.FOC_velocityOpenLoop) for FOC_velocityOpenLoop
    gpio.o(i.MX_GPIO_Init) refers to rt_memclr_w.o(.text) for __aeabi_memclr4
    gpio.o(i.MX_GPIO_Init) refers to stm32g4xx_hal_gpio.o(i.HAL_GPIO_WritePin) for HAL_GPIO_WritePin
    gpio.o(i.MX_GPIO_Init) refers to stm32g4xx_hal_gpio.o(i.HAL_GPIO_Init) for HAL_GPIO_Init
    tim.o(i.HAL_TIM_Base_MspDeInit) refers to stm32g4xx_hal_cortex.o(i.HAL_NVIC_DisableIRQ) for HAL_NVIC_DisableIRQ
    tim.o(i.HAL_TIM_Base_MspInit) refers to stm32g4xx_hal_cortex.o(i.HAL_NVIC_SetPriority) for HAL_NVIC_SetPriority
    tim.o(i.HAL_TIM_Base_MspInit) refers to stm32g4xx_hal_cortex.o(i.HAL_NVIC_EnableIRQ) for HAL_NVIC_EnableIRQ
    tim.o(i.HAL_TIM_MspPostInit) refers to rt_memclr_w.o(.text) for __aeabi_memclr4
    tim.o(i.HAL_TIM_MspPostInit) refers to stm32g4xx_hal_gpio.o(i.HAL_GPIO_Init) for HAL_GPIO_Init
    tim.o(i.HAL_TIM_PeriodElapsedCallback) refers to bldc_motor.o(i.BLDC_Motor_Tick) for BLDC_Motor_Tick
    tim.o(i.MX_TIM1_Init) refers to rt_memclr_w.o(.text) for __aeabi_memclr4
    tim.o(i.MX_TIM1_Init) refers to stm32g4xx_hal_tim.o(i.HAL_TIM_PWM_Init) for HAL_TIM_PWM_Init
    tim.o(i.MX_TIM1_Init) refers to main.o(i.Error_Handler) for Error_Handler
    tim.o(i.MX_TIM1_Init) refers to stm32g4xx_hal_tim_ex.o(i.HAL_TIMEx_MasterConfigSynchronization) for HAL_TIMEx_MasterConfigSynchronization
    tim.o(i.MX_TIM1_Init) refers to stm32g4xx_hal_tim.o(i.HAL_TIM_PWM_ConfigChannel) for HAL_TIM_PWM_ConfigChannel
    tim.o(i.MX_TIM1_Init) refers to stm32g4xx_hal_tim_ex.o(i.HAL_TIMEx_ConfigBreakDeadTime) for HAL_TIMEx_ConfigBreakDeadTime
    tim.o(i.MX_TIM1_Init) refers to tim.o(i.HAL_TIM_MspPostInit) for HAL_TIM_MspPostInit
    tim.o(i.MX_TIM1_Init) refers to tim.o(.bss) for .bss
    tim.o(i.MX_TIM2_Init) refers to stm32g4xx_hal_tim.o(i.HAL_TIM_Base_Init) for HAL_TIM_Base_Init
[...]
    .text                                    0x080002b8   Section      238  lludivv7m.o(.text)
    .text                                    0x080003a6   Section       78  rt_memclr_w.o(.text)
    .text                                    0x080003f4   Section        0  heapauxi.o(.text)
    .text                                    0x080003fa   Section        0  _rserrno.o(.text)
    .text                                    0x08000410   Section        8  rt_errno_addr_intlibspace.o(.text)
    .text                                    0x08000418   Section        8  libspace.o(.text)
    .text                                    0x08000420   Section       74  sys_stackheap_outer.o(.text)
    .text                                    0x0800046a   Section        0  exit.o(.text)
    .text                                    0x0800047c   Section        0  sys_exit.o(.text)
    .text                                    0x08000488   Section        2  use_no_semi.o(.text)
    .text                                    0x0800048a   Section        0  indicate_semi.o(.text)
    i.BLDC_ALLPWMChanel_OFF                  0x0800048c   Section        0  bldc_motor.o(i.BLDC_ALLPWMChanel_OFF)
    BLDC_ALLPWMChanel_OFF                    0x0800048d   Thumb Code    62  bldc_motor.o(i.BLDC_ALLPWMChanel_OFF)
    i.BLDC_Motor_ExcuteStep                  0x080004d0   Section        0  bldc_motor.o(i.BLDC_Motor_ExcuteStep)
    i.BLDC_Motor_OnceStep                    0x080004f8   Section        0  bldc_motor.o(i.BLDC_Motor_OnceStep)
    i.BLDC_Motor_Tick                        0x0800056c   Section        0  bldc_motor.o(i.BLDC_Motor_Tick)
    i.BusFault_Handler                       0x080005c0   Section        0  stm32g4xx_it.o(i.BusFault_Handler)
    i.DebugMon_Handler                       0x080005c2   Section        0  stm32g4xx_it.o(i.DebugMon_Handler)
    i.Error_Handler                          0x080005c4   Section        0  main.o(i.Error_Handler)
    i.FOC_Init                               0x080005c8   Section        0  foc.o(i.FOC_Init)
    i.FOC_SetPWM                             0x08000604   Section        0  foc.o(i.FOC_SetPWM)
    i.FOC_SetPhaseVoltage                    0x080006cc   Section        0  foc.o(i.FOC_SetPhaseVoltage)
    i.FOC_velocityOpenLoop                   0x08000750   Section        0  foc.o(i.FOC_velocityOpenLoop)
    i.HAL_DMA_Abort                          0x080007e0   Section        0  stm32g4xx_hal_dma.o(i.HAL_DMA_Abort)
    i.HAL_DMA_Abort_IT                       0x08000850   Section        0  stm32g4xx_hal_dma.o(i.HAL_DMA_Abort_IT)
    i.HAL_GPIO_Init                          0x080008c8   Section        0  stm32g4xx_hal_gpio.o(i.HAL_GPIO_Init)
    i.HAL_GPIO_WritePin                      0x08000afc   Section        0  stm32g4xx_hal_gpio.o(i.HAL_GPIO_WritePin)
    i.HAL_GetTick                            0x08000b08   Section        0  stm32g4xx_hal.o(i.HAL_GetTick)
    i.HAL_IncTick                            0x08000b14   Section        0  stm32g4xx_hal.o(i.HAL_IncTick)
    i.HAL_Init                               0x08000b24   Section        0  stm32g4xx_hal.o(i.HAL_Init)
    i.HAL_InitTick                           0x08000b44   Section        0  stm32g4xx_hal.o(i.HAL_InitTick)
    i.HAL_MspInit                            0x08000b88   Section        0  stm32g4xx_hal_msp.o(i.HAL_MspInit)
    i.HAL_NVIC_EnableIRQ                     0x08000bb8   Section        0  stm32g4xx_hal_cortex.o(i.HAL_NVIC_EnableIRQ)
    i.HAL_NVIC_SetPriority                   0x08000bd4   Section        0  stm32g4xx_hal_cortex.o(i.HAL_NVIC_SetPriority)
    i.HAL_NVIC_SetPriorityGrouping           0x08000c14   Section        0  stm32g4xx_hal_cortex.o(i.HAL_NVIC_SetPriorityGrouping)
    i.HAL_PWREx_ControlVoltageScaling        0x08000c38   Section        0  stm32g4xx_hal_pwr_ex.o(i.HAL_PWREx_ControlVoltageScaling)
    i.HAL_PWREx_DisableUCPDDeadBattery       0x08000cf4   Section        0  stm32g4xx_hal_pwr_ex.o(i.HAL_PWREx_DisableUCPDDeadBattery)
    i.HAL_RCCEx_PeriphCLKConfig              0x08000d04   Section        0  stm32g4xx_hal_rcc_ex.o(i.HAL_RCCEx_PeriphCLKConfig)
    i.HAL_RCC_ClockConfig                    0x08000f8c   Section        0  stm32g4xx_hal_rcc.o(i.HAL_RCC_ClockConfig)
    i.HAL_RCC_GetPCLK1Freq                   0x08001168   Section        0  stm32g4xx_hal_rcc.o(i.HAL_RCC_GetPCLK1Freq)
    i.HAL_RCC_GetPCLK2Freq                   0x0800118c   Section        0  stm32g4xx_hal_rcc.o(i.HAL_RCC_GetPCLK2Freq)
    i.HAL_RCC_GetSysClockFreq                0x080011b0   Section        0  stm32g4xx_hal_rcc.o(i.HAL_RCC_GetSysClockFreq)
    i.HAL_RCC_OscConfig                      0x0800121c   Section        0  stm32g4xx_hal_rcc.o(i.HAL_RCC_OscConfig)
    i.HAL_SYSTICK_Config                     0x08001620   Section        0  stm32g4xx_hal_cortex.o(i.HAL_SYSTICK_Config)
    i.HAL_TIMEx_Break2Callback               0x08001648   Section        0  stm32g4xx_hal_tim_ex.o(i.HAL_TIMEx_Break2Callback)
    i.HAL_TIMEx_BreakCallback                0x0800164a   Section        0  stm32g4xx_hal_tim_ex.o(i.HAL_TIMEx_BreakCallback)
    i.HAL_TIMEx_CommutCallback               0x0800164c   Section        0  stm32g4xx_hal_tim_ex.o(i.HAL_TIMEx_CommutCallback)
    i.HAL_TIMEx_ConfigBreakDeadTime          0x08001650   Section        0  stm32g4xx_hal_tim_ex.o(i.HAL_TIMEx_ConfigBreakDeadTime)
    i.HAL_TIMEx_DirectionChangeCallback      0x080016ec   Section        0  stm32g4xx_hal_tim_ex.o(i.HAL_TIMEx_DirectionChangeCallback)
    i.HAL_TIMEx_EncoderIndexCallback         0x080016ee   Section        0  stm32g4xx_hal_tim_ex.o(i.HAL_TIMEx_EncoderIndexCallback)
    i.HAL_TIMEx_IndexErrorCallback           0x080016f0   Section        0  stm32g4xx_hal_tim_ex.o(i.HAL_TIMEx_IndexErrorCallback)
    i.HAL_TIMEx_MasterConfigSynchronization  0x080016f4   Section        0  stm32g4xx_hal_tim_ex.o(i.HAL_TIMEx_MasterConfigSynchronization)
    i.HAL_TIMEx_PWMN_Start                   0x08001790   Section        0  stm32g4xx_hal_tim_ex.o(i.HAL_TIMEx_PWMN_Start)
    i.HAL_TIMEx_PWMN_Stop                    0x08001848   Section        0  stm32g4xx_hal_tim_ex.o(i.HAL_TIMEx_PWMN_Stop)
    i.HAL_TIMEx_TransitionErrorCallback      0x080018b4   Section        0  stm32g4xx_hal_tim_ex.o(i.HAL_TIMEx_TransitionErrorCallback)
    i.HAL_TIM_Base_Init                      0x080018b6   Section        0  stm32g4xx_hal_tim.o(i.HAL_TIM_Base_Init)
    i.HAL_TIM_Base_MspInit                   0x08001918   Section        0  tim.o(i.HAL_TIM_Base_MspInit)
    i.HAL_TIM_ConfigClockSource              0x08001950   Section        0  stm32g4xx_hal_tim.o(i.HAL_TIM_ConfigClockSource)
    i.HAL_TIM_IC_CaptureCallback             0x08001a50   Section        0  stm32g4xx_hal_tim.o(i.HAL_TIM_IC_CaptureCallback)
    i.HAL_TIM_IRQHandler                     0x08001a52   Section        0  stm32g4xx_hal_tim.o(i.HAL_TIM_IRQHandler)
    i.HAL_TIM_MspPostInit                    0x08001bf4   Section        0  tim.o(i.HAL_TIM_MspPostInit)
    i.HAL_TIM_OC_DelayElapsedCallback        0x08001c88   Section        0  stm32g4xx_hal_tim.o(i.HAL_TIM_OC_DelayElapsedCallback)
    i.HAL_TIM_PWM_ConfigChannel              0x08001c8a   Section        0  stm32g4xx_hal_tim.o(i.HAL_TIM_PWM_ConfigChannel)
    i.HAL_TIM_PWM_Init                       0x08001dae   Section        0  stm32g4xx_hal_tim.o(i.HAL_TIM_PWM_Init)
    i.HAL_TIM_PWM_MspInit                    0x08001e10   Section        0  tim.o(i.HAL_TIM_PWM_MspInit)
    i.HAL_TIM_PWM_PulseFinishedCallback      0x08001e38   Section        0  stm32g4xx_hal_tim.o(i.HAL_TIM_PWM_PulseFinishedCallback)
    i.HAL_TIM_PWM_Start                      0x08001e3c   Section        0  stm32g4xx_hal_tim.o(i.HAL_TIM_PWM_Start)
    i.HAL_TIM_PWM_Stop                       0x08001f38   Section        0  stm32g4xx_hal_tim.o(i.HAL_TIM_PWM_Stop)
    i.HAL_TIM_PeriodElapsedCallback          0x08001fe8   Section        0  tim.o(i.HAL_TIM_PeriodElapsedCallback)
    i.HAL_TIM_TriggerCallback                0x08001ff6   Section        0  stm32g4xx_hal_tim.o(i.HAL_TIM_TriggerCallback)
    i.HAL_UARTEx_DisableFifoMode             0x08001ff8   Section        0  stm32g4xx_hal_uart_ex.o(i.HAL_UARTEx_DisableFifoMode)
    i.HAL_UARTEx_RxEventCallback             0x08002036   Section        0  stm32g4xx_hal_uart.o(i.HAL_UARTEx_RxEventCallback)
    i.HAL_UARTEx_RxFifoFullCallback          0x08002038   Section        0  stm32g4xx_hal_uart_ex.o(i.HAL_UARTEx_RxFifoFullCallback)
    i.HAL_UARTEx_SetRxFifoThreshold          0x0800203a   Section        0  stm32g4xx_hal_uart_ex.o(i.HAL_UARTEx_SetRxFifoThreshold)
    i.HAL_UARTEx_SetTxFifoThreshold          0x08002086   Section        0  stm32g4xx_hal_uart_ex.o(i.HAL_UARTEx_SetTxFifoThreshold)
    i.HAL_UARTEx_TxFifoEmptyCallback         0x080020d2   Section        0  stm32g4xx_hal_uart_ex.o(i.HAL_UARTEx_TxFifoEmptyCallback)
    i.HAL_UARTEx_WakeupCallback              0x080020d4   Section        0  stm32g4xx_hal_uart_ex.o(i.HAL_UARTEx_WakeupCallback)
    i.HAL_UART_ErrorCallback                 0x080020d6   Section        0  stm32g4xx_hal_uart.o(i.HAL_UART_ErrorCallback)
    i.HAL_UART_IRQHandler                    0x080020d8   Section        0  stm32g4xx_hal_uart.o(i.HAL_UART_IRQHandler)
    i.HAL_UART_Init                          0x080023f4   Section        0  stm32g4xx_hal_uart.o(i.HAL_UART_Init)
    i.HAL_UART_MspInit                       0x08002460   Section        0  usart.o(i.HAL_UART_MspInit)
    i.HAL_UART_TxCpltCallback                0x080024e8   Section        0  stm32g4xx_hal_uart.o(i.HAL_UART_TxCpltCallback)
    i.HardFault_Handler                      0x080024ea   Section        0  stm32g4xx_it.o(i.HardFault_Handler)
    i.MX_GPIO_Init                           0x080024ec   Section        0  gpio.o(i.MX_GPIO_Init)
    i.MX_TIM1_Init                           0x080025d0   Section        0  tim.o(i.MX_TIM1_Init)
    i.MX_TIM2_Init                           0x080026a4   Section        0  tim.o(i.MX_TIM2_Init)
    i.MX_USART2_UART_Init                    0x0800270c   Section        0  usart.o(i.MX_USART2_UART_Init)
    i.MemManage_Handler                      0x08002774   Section        0  stm32g4xx_it.o(i.MemManage_Handler)
    i.NMI_Handler                            0x08002776   Section        0  stm32g4xx_it.o(i.NMI_Handler)
    i.PendSV_Handler                         0x08002778   Section        0  stm32g4xx_it.o(i.PendSV_Handler)
    i.SVC_Handler                            0x0800277a   Section        0  stm32g4xx_it.o(i.SVC_Handler)
    i.SysTick_Handler                        0x0800277c   Section        0  stm32g4xx_it.o(i.SysTick_Handler)
    i.SystemClock_Config                     0x08002780   Section        0  main.o(i.SystemClock_Config)
    i.SystemInit                             0x080027e8   Section        0  system_stm32g4xx.o(i.SystemInit)
    i.TIM2_IRQHandler                        0x080027f8   Section        0  stm32g4xx_it.o(i.TIM2_IRQHandler)
    i.TIM_Base_SetConfig                     0x08002804   Section        0  stm32g4xx_hal_tim.o(i.TIM_Base_SetConfig)
    i.TIM_CCxChannelCmd                      0x080028bc   Section        0  stm32g4xx_hal_tim.o(i.TIM_CCxChannelCmd)
    i.TIM_CCxNChannelCmd                     0x080028d6   Section        0  stm32g4xx_hal_tim_ex.o(i.TIM_CCxNChannelCmd)
    TIM_CCxNChannelCmd                       0x080028d7   Thumb Code    26  stm32g4xx_hal_tim_ex.o(i.TIM_CCxNChannelCmd)
    i.TIM_ETR_SetConfig                      0x080028f0   Section        0  stm32g4xx_hal_tim.o(i.TIM_ETR_SetConfig)
    i.TIM_ITRx_SetConfig                     0x08002904   Section        0  stm32g4xx_hal_tim.o(i.TIM_ITRx_SetConfig)
    TIM_ITRx_SetConfig                       0x08002905   Thumb Code    16  stm32g4xx_hal_tim.o(i.TIM_ITRx_SetConfig)
    i.TIM_OC1_SetConfig                      0x08002918   Section        0  stm32g4xx_hal_tim.o(i.TIM_OC1_SetConfig)
    TIM_OC1_SetConfig                        0x08002919   Thumb Code   140  stm32g4xx_hal_tim.o(i.TIM_OC1_SetConfig)
    i.TIM_OC2_SetConfig                      0x080029bc   Section        0  stm32g4xx_hal_tim.o(i.TIM_OC2_SetConfig)
    i.TIM_OC3_SetConfig                      0x08002a50   Section        0  stm32g4xx_hal_tim.o(i.TIM_OC3_SetConfig)
    TIM_OC3_SetConfig                        0x08002a51   Thumb Code   122  stm32g4xx_hal_tim.o(i.TIM_OC3_SetConfig)
    i.TIM_OC4_SetConfig                      0x08002ae4   Section        0  stm32g4xx_hal_tim.o(i.TIM_OC4_SetConfig)
    TIM_OC4_SetConfig                        0x08002ae5   Thumb Code   124  stm32g4xx_hal_tim.o(i.TIM_OC4_SetConfig)
    i.TIM_OC5_SetConfig                      0x08002b78   Section        0  stm32g4xx_hal_tim.o(i.TIM_OC5_SetConfig)
    TIM_OC5_SetConfig                        0x08002b79   Thumb Code    86  stm32g4xx_hal_tim.o(i.TIM_OC5_SetConfig)
    i.TIM_OC6_SetConfig                      0x08002be8   Section        0  stm32g4xx_hal_tim.o(i.TIM_OC6_SetConfig)
    TIM_OC6_SetConfig                        0x08002be9   Thumb Code    88  stm32g4xx_hal_tim.o(i.TIM_OC6_SetConfig)
    i.TIM_TI1_ConfigInputStage               0x08002c58   Section        0  stm32g4xx_hal_tim.o(i.TIM_TI1_ConfigInputStage)
    TIM_TI1_ConfigInputStage                 0x08002c59   Thumb Code    72  stm32g4xx_hal_tim.o(i.TIM_TI1_ConfigInputStage)
    i.TIM_TI2_ConfigInputStage               0x08002cb4   Section        0  stm32g4xx_hal_tim.o(i.TIM_TI2_ConfigInputStage)
    TIM_TI2_ConfigInputStage                 0x08002cb5   Thumb Code    56  stm32g4xx_hal_tim.o(i.TIM_TI2_ConfigInputStage)
    i.UARTEx_SetNbDataToProcess              0x08002cf4   Section        0  stm32g4xx_hal_uart_ex.o(i.UARTEx_SetNbDataToProcess)
    UARTEx_SetNbDataToProcess                0x08002cf5   Thumb Code    62  stm32g4xx_hal_uart_ex.o(i.UARTEx_SetNbDataToProcess)
    i.UART_AdvFeatureConfig                  0x08002d38   Section        0  stm32g4xx_hal_uart.o(i.UART_AdvFeatureConfig)
    i.UART_CheckIdleState                    0x08002e00   Section        0  stm32g4xx_hal_uart.o(i.UART_CheckIdleState)
    i.UART_DMAAbortOnError                   0x08002eac   Section        0  stm32g4xx_hal_uart.o(i.UART_DMAAbortOnError)
    UART_DMAAbortOnError                     0x08002ead   Thumb Code    10  stm32g4xx_hal_uart.o(i.UART_DMAAbortOnError)
    i.UART_EndRxTransfer                     0x08002eb8   Section        0  stm32g4xx_hal_uart.o(i.UART_EndRxTransfer)
    UART_EndRxTransfer                       0x08002eb9   Thumb Code    78  stm32g4xx_hal_uart.o(i.UART_EndRxTransfer)
    i.UART_SetConfig                         0x08002f0c   Section        0  stm32g4xx_hal_uart.o(i.UART_SetConfig)
    i.UART_WaitOnFlagUntilTimeout            0x08003180   Section        0  stm32g4xx_hal_uart.o(i.UART_WaitOnFlagUntilTimeout)
    i.USART2_IRQHandler                      0x08003214   Section        0  stm32g4xx_it.o(i.USART2_IRQHandler)
    i.UsageFault_Handler                     0x08003220   Section        0  stm32g4xx_it.o(i.UsageFault_Handler)
    i.__ARM_fpclassify                       0x08003222   Section        0  fpclassify.o(i.__ARM_fpclassify)
    i.__NVIC_SetPriority                     0x08003252   Section        0  stm32g4xx_hal_cortex.o(i.__NVIC_SetPriority)
    __NVIC_SetPriority                       0x08003253   Thumb Code    32  stm32g4xx_hal_cortex.o(i.__NVIC_SetPriority)
    i.__hardfp_cos                           0x08003278   Section        0  cos.o(i.__hardfp_cos)
    i.__hardfp_fmodf                         0x08003340   Section        0  fmodf.o(i.__hardfp_fmodf)
    i.__hardfp_sin                           0x080033f0   Section        0  sin.o(i.__hardfp_sin)
    i.__hardfp_sqrt                          0x080034b8   Section        0  sqrt.o(i.__hardfp_sqrt)
    i.__ieee754_rem_pio2                     0x08003538   Section        0  rred.o(i.__ieee754_rem_pio2)
    i.__kernel_cos                           0x08003970   Section        0  cos_i.o(i.__kernel_cos)
    i.__kernel_poly                          0x08003ae0   Section        0  poly.o(i.__kernel_poly)
    i.__kernel_sin                           0x08003bd8   Section        0  sin_i.o(i.__kernel_sin)
    i.__mathlib_dbl_infnan                   0x08003d08   Section        0  dunder.o(i.__mathlib_dbl_infnan)
    i.__mathlib_dbl_invalid                  0x08003d20   Section        0  dunder.o(i.__mathlib_dbl_invalid)
    i.__mathlib_dbl_underflow                0x08003d40   Section        0  dunder.o(i.__mathlib_dbl_underflow)
    i.__mathlib_flt_invalid                  0x08003d60   Section        0  funder.o(i.__mathlib_flt_invalid)
    i.fabs                                   0x08003d70   Section        0  fabs.o(i.fabs)
    i.inverseClarke                          0x08003d88   Section        0  foc.o(i.inverseClarke)
    inverseClarke                            0x08003d89   Thumb Code   184  foc.o(i.inverseClarke)
    i.inversePark                            0x08003e50   Section        0  foc.o(i.inversePark)
    inversePark                              0x08003e51   Thumb Code   224  foc.o(i.inversePark)
    i.main                                   0x08003f30   Section        0  main.o(i.main)
    i.normalizeAngle                         0x08003f58   Section        0  foc.o(i.normalizeAngle)
    normalizeAngle                           0x08003f59   Thumb Code    38  foc.o(i.normalizeAngle)
    x$fpl$basic                              0x08003f84   Section       24  basic.o(x$fpl$basic)
    $v0                                      0x08003f84   Number         0  basic.o(x$fpl$basic)
    x$fpl$d2f                                0x08003f9c   Section       98  d2f.o(x$fpl$d2f)
    $v0                                      0x08003f9c   Number         0  d2f.o(x$fpl$d2f)
    x$fpl$dadd                               0x08004000   Section      336  daddsub_clz.o(x$fpl$dadd)
    $v0                                      0x08004000   Number         0  daddsub_clz.o(x$fpl$dadd)
    _dadd1                                   0x08004011   Thumb Code     0  daddsub_clz.o(x$fpl$dadd)
    x$fpl$ddiv                               0x08004150   Section      688  ddiv.o(x$fpl$ddiv)
    $v0                                      0x08004150   Number         0  ddiv.o(x$fpl$ddiv)
    ddiv_entry                               0x08004157   Thumb Code     0  ddiv.o(x$fpl$ddiv)
    x$fpl$dfix                               0x08004400   Section       94  dfix.o(x$fpl$dfix)
    $v0                                      0x08004400   Number         0  dfix.o(x$fpl$dfix)
    x$fpl$dflt                               0x0800445e   Section       46  dflt_clz.o(x$fpl$dflt)
    $v0                                      0x0800445e   Number         0  dflt_clz.o(x$fpl$dflt)
    x$fpl$dfltu                              0x0800448c   Section       38  dflt_clz.o(x$fpl$dfltu)
    $v0                                      0x0800448c   Number         0  dflt_clz.o(x$fpl$dfltu)
    x$fpl$dmul                               0x080044b4   Section      340  dmul.o(x$fpl$dmul)
    $v0                                      0x080044b4   Number         0  dmul.o(x$fpl$dmul)
    x$fpl$dnaninf                            0x08004608   Section      156  dnaninf.o(x$fpl$dnaninf)
    $v0                                      0x08004608   Number         0  dnaninf.o(x$fpl$dnaninf)
    x$fpl$dretinf                            0x080046a4   Section       12  dretinf.o(x$fpl$dretinf)
    $v0                                      0x080046a4   Number         0  dretinf.o(x$fpl$dretinf)
    x$fpl$drsb                               0x080046b0   Section       22  daddsub_clz.o(x$fpl$drsb)
    $v0                                      0x080046b0   Number         0  daddsub_clz.o(x$fpl$drsb)
    x$fpl$dsqrt                              0x080046c8   Section      408  dsqrt_umaal.o(x$fpl$dsqrt)
    $v0                                      0x080046c8   Number         0  dsqrt_umaal.o(x$fpl$dsqrt)
    x$fpl$dsub                               0x08004860   Section      468  daddsub_clz.o(x$fpl$dsub)
    $v0                                      0x08004860   Number         0  daddsub_clz.o(x$fpl$dsub)
    _dsub1                                   0x08004871   Thumb Code     0  daddsub_clz.o(x$fpl$dsub)
    x$fpl$f2d                                0x08004a34   Section       86  f2d.o(x$fpl$f2d)
    $v0                                      0x08004a34   Number         0  f2d.o(x$fpl$f2d)
    x$fpl$fnaninf                            0x08004a8a   Section      140  fnaninf.o(x$fpl$fnaninf)
    $v0                                      0x08004a8a   Number         0  fnaninf.o(x$fpl$fnaninf)
    x$fpl$fpinit                             0x08004b16   Section       10  fpinit.o(x$fpl$fpinit)
    $v0                                      0x08004b16   Number         0  fpinit.o(x$fpl$fpinit)
    x$fpl$frem                               0x08004b20   Section      244  frem_clz.o(x$fpl$frem)
    $v0                                      0x08004b20   Number         0  frem_clz.o(x$fpl$frem)
    x$fpl$fretinf                            0x08004c14   Section       10  fretinf.o(x$fpl$fretinf)
    $v0                                      0x08004c14   Number         0  fretinf.o(x$fpl$fretinf)
    .constdata                               0x08004c1e   Section       24  stm32g4xx_hal_uart.o(.constdata)
    x$fpl$usenofp                            0x08004c1e   Section        0  usenofp.o(x$fpl$usenofp)
    .constdata                               0x08004c36   Section       16  stm32g4xx_hal_uart_ex.o(.constdata)
    numerator                                0x08004c36   Data           8  stm32g4xx_hal_uart_ex.o(.constdata)
    denominator                              0x08004c3e   Data           8  stm32g4xx_hal_uart_ex.o(.constdata)
    .constdata                               0x08004c46   Section       16  system_stm32g4xx.o(.constdata)
    .constdata                               0x08004c56   Section        8  system_stm32g4xx.o(.constdata)
    .constdata                               0x08004c5e   Section       36  bldc_motor.o(.constdata)
    comm_table                               0x08004c5e   Data          36  bldc_motor.o(.constdata)
    .constdata                               0x08004c88   Section       48  cos_i.o(.constdata)
    C                                        0x08004c88   Data          48  cos_i.o(.constdata)
    .constdata                               0x08004cb8   Section      200  rred.o(.constdata)
    pio2s                                    0x08004cb8   Data          48  rred.o(.constdata)
    twooverpi                                0x08004ce8   Data         152  rred.o(.constdata)
    .constdata                               0x08004d80   Section       40  sin_i.o(.constdata)
    S                                        0x08004d80   Data          40  sin_i.o(.constdata)
    .data                                    0x20000000   Section       12  stm32g4xx_hal.o(.data)
    .data                                    0x2000000c   Section        4  system_stm32g4xx.o(.data)
    .data                                    0x20000010   Section       24  foc.o(.data)
    last_time                                0x20000018   Data           4  foc.o(.data)
    .data                                    0x20000028   Section       16  bldc_motor.o(.data)
    BLDC_dir                                 0x20000028   Data           1  bldc_motor.o(.data)
    BLDC_state                               0x20000029   Data           1  bldc_motor.o(.data)
    BLDC_current_step                        0x2000002a   Data           1  bldc_motor.o(.data)
    BLDC_step_time                           0x2000002c   Data           4  bldc_motor.o(.data)
    BLDC_ticks                               0x20000030   Data           4  bldc_motor.o(.data)
    .bss                                     0x20000038   Section      152  tim.o(.bss)
    .bss                                     0x200000d0   Section      148  usart.o(.bss)
    .bss                                     0x20000164   Section       96  libspace.o(.bss)
    HEAP                                     0x200001c8   Section      512  startup_stm32g431xx.o(HEAP)
    Heap_Mem                                 0x200001c8   Data         512  startup_stm32g431xx.o(HEAP)
    STACK                                    0x200003c8   Section     1024  startup_stm32g431xx.o(STACK)
    Stack_Mem                                0x200003c8   Data        1024  startup_stm32g431xx.o(STACK)
    __initial_sp                             0x200007c8   Data           0  startup_stm32g431xx.o(STACK)

    Global Symbols

    Symbol Name                              Value     Ov Type        Size  Object(Section)

    BuildAttributes$$THM_ISAv4$E$P$D$K$B$S$7EM$VFPi3$EXTD16$VFPS$VFMA$PE$A:L22UL41UL21$X:L11$S22US41US21$IEEE1$IW$USESV6$~STKCKD$USESV7$~SHL$OTIME$ROPI$IEEEX$EBA8$UX$STANDARDLIB$REQ8$PRES8$EABIv2 0x00000000   Number         0  anon$$obj.o ABSOLUTE
    __ARM_use_no_argv                        0x00000000   Number         0  main.o ABSOLUTE
    __ARM_exceptions_init                     - Undefined Weak Reference
    __alloca_initialize                       - Undefined Weak Reference
    __arm_fini_                               - Undefined Weak Reference
    __arm_preinit_                            - Undefined Weak Reference
    __cpp_initialize__aeabi_                  - Undefined Weak Reference
    __cxa_finalize                            - Undefined Weak Reference
    __rt_locale                               - Undefined Weak Reference
    __sigvec_lookup                           - Undefined Weak Reference
    _atexit_init                              - Undefined Weak Reference
    _call_atexit_fns                          - Undefined Weak Reference
    _clock_init                               - Undefined Weak Reference
    _fp_trap_init                             - Undefined Weak Reference
    _fp_trap_shutdown                         - Undefined Weak Reference
    _get_lc_collate                           - Undefined Weak Reference
    _get_lc_ctype                             - Undefined Weak Reference
    _get_lc_monetary                          - Undefined Weak Reference
    _get_lc_numeric                           - Undefined Weak Reference
    _get_lc_time                              - Undefined Weak Reference
    _getenv_init                              - Undefined Weak Reference
    _handle_redirection                       - Undefined Weak Reference
    _init_alloc                               - Undefined Weak Reference
    _init_user_alloc                          - Undefined Weak Reference
    _initio                                   - Undefined Weak Reference
    _rand_init                                - Undefined Weak Reference
    _signal_finish                            - Undefined Weak Reference
    _signal_init                              - Undefined Weak Reference
    _terminate_alloc                          - Undefined Weak Reference
    _terminate_user_alloc                     - Undefined Weak Reference
    _terminateio                              - Undefined Weak Reference
    __Vectors_Size                           0x000001d8   Number         0  startup_stm32g431xx.o ABSOLUTE
    __Vectors                                0x08000000   Data           4  startup_stm32g431xx.o(RESET)
    __Vectors_End                            0x080001d8   Data           0  startup_stm32g431xx.o(RESET)
    __main                                   0x080001d9   Thumb Code     8  __main.o(!!!main)
    __scatterload                            0x080001e1   Thumb Code     0  __scatter.o(!!!scatter)
    __scatterload_rt2                        0x080001e1   Thumb Code    44  __scatter.o(!!!scatter)
    __scatterload_rt2_thumb_only             0x080001e1   Thumb Code     0  __scatter.o(!!!scatter)
    __scatterload_null                       0x080001ef   Thumb Code     0  __scatter.o(!!!scatter)
    __scatterload_copy                       0x08000215   Thumb Code    26  __scatter_copy.o(!!handler_copy)
    __scatterload_zeroinit                   0x08000231   Thumb Code    28  __scatter_zi.o(!!handler_zi)
    __rt_lib_init                            0x0800024d   Thumb Code     0  libinit.o(.ARM.Collect$$libinit$$00000000)
    __rt_lib_init_fp_1                       0x0800024f   Thumb Code     0  libinit2.o(.ARM.Collect$$libinit$$00000001)
    __rt_lib_init_alloca_1                   0x08000253   Thumb Code     0  libinit2.o(.ARM.Collect$$libinit$$0000002E)
    __rt_lib_init_argv_1                     0x08000253   Thumb Code     0  libinit2.o(.ARM.Collect$$libinit$$0000002C)
    __rt_lib_init_atexit_1                   0x08000253   Thumb Code     0  libinit2.o(.ARM.Collect$$libinit$$0000001B)
    __rt_lib_init_clock_1                    0x08000253   Thumb Code     0  libinit2.o(.ARM.Collect$$libinit$$00000021)
    __rt_lib_init_cpp_1                      0x08000253   Thumb Code     0  libinit2.o(.ARM.Collect$$libinit$$00000032)
    __rt_lib_init_exceptions_1               0x08000253   Thumb Code     0  libinit2.o(.ARM.Collect$$libinit$$00000030)
    __rt_lib_init_fp_trap_1                  0x08000253   Thumb Code     0  libinit2.o(.ARM.Collect$$libinit$$0000001F)
    __rt_lib_init_getenv_1                   0x08000253   Thumb Code     0  libinit2.o(.ARM.Collect$$libinit$$00000023)
    __rt_lib_init_heap_1                     0x08000253   Thumb Code     0  libinit2.o(.ARM.Collect$$libinit$$0000000A)
    __rt_lib_init_lc_collate_1               0x08000253   Thumb Code     0  libinit2.o(.ARM.Collect$$libinit$$00000011)
    __rt_lib_init_lc_ctype_1                 0x08000253   Thumb Code     0  libinit2.o(.ARM.Collect$$libinit$$00000013)
    __rt_lib_init_lc_monetary_1              0x08000253   Thumb Code     0  libinit2.o(.ARM.Collect$$libinit$$00000015)
    __rt_lib_init_lc_numeric_1               0x08000253   Thumb Code     0  libinit2.o(.ARM.Collect$$libinit$$00000017)
    __rt_lib_init_lc_time_1                  0x08000253   Thumb Code     0  libinit2.o(.ARM.Collect$$libinit$$00000019)
    __rt_lib_init_preinit_1                  0x08000253   Thumb Code     0  libinit2.o(.ARM.Collect$$libinit$$00000004)
    __rt_lib_init_rand_1                     0x08000253   Thumb Code     0  libinit2.o(.ARM.Collect$$libinit$$0000000E)
    __rt_lib_init_return                     0x08000253   Thumb Code     0  libinit2.o(.ARM.Collect$$libinit$$00000033)
    __rt_lib_init_signal_1                   0x08000253   Thumb Code     0  libinit2.o(.ARM.Collect$$libinit$$0000001D)
    __rt_lib_init_stdio_1                    0x08000253   Thumb Code     0  libinit2.o(.ARM.Collect$$libinit$$00000025)
    __rt_lib_init_user_alloc_1               0x08000253   Thumb Code     0  libinit2.o(.ARM.Collect$$libinit$$0000000C)
    __rt_lib_shutdown                        0x08000255   Thumb Code     0  libshutdown.o(.ARM.Collect$$libshutdown$$00000000)
    __rt_lib_shutdown_cpp_1                  0x08000257   Thumb Code     0  libshutdown2.o(.ARM.Collect$$libshutdown$$00000004)
    __rt_lib_shutdown_fini_1                 0x08000257   Thumb Code     0  libshutdown2.o(.ARM.Collect$$libshutdown$$00000002)
    __rt_lib_shutdown_fp_trap_1              0x08000257   Thumb Code     0  libshutdown2.o(.ARM.Collect$$libshutdown$$00000009)
    __rt_lib_shutdown_heap_1                 0x08000257   Thumb Code     0  libshutdown2.o(.ARM.Collect$$libshutdown$$00000011)
    __rt_lib_shutdown_return                 0x08000257   Thumb Code     0  libshutdown2.o(.ARM.Collect$$libshutdown$$00000012)
    __rt_lib_shutdown_signal_1               0x08000257   Thumb Code     0  libshutdown2.o(.ARM.Collect$$libshutdown$$0000000C)
    __rt_lib_shutdown_stdio_1                0x08000257   Thumb Code     0  libshutdown2.o(.ARM.Collect$$libshutdown$$00000006)
    __rt_lib_shutdown_user_alloc_1           0x08000257   Thumb Code     0  libshutdown2.o(.ARM.Collect$$libshutdown$$0000000E)
    __rt_entry                               0x08000259   Thumb Code     0  __rtentry.o(.ARM.Collect$$rtentry$$00000000)
    __rt_entry_presh_1                       0x08000259   Thumb Code     0  __rtentry2.o(.ARM.Collect$$rtentry$$00000002)
    __rt_entry_sh                            0x08000259   Thumb Code     0  __rtentry4.o(.ARM.Collect$$rtentry$$00000004)
    __rt_entry_li                            0x0800025f   Thumb Code     0  __rtentry2.o(.ARM.Collect$$rtentry$$0000000A)
    __rt_entry_postsh_1                      0x0800025f   Thumb Code     0  __rtentry2.o(.ARM.Collect$$rtentry$$00000009)
    __rt_entry_main                          0x08000263   Thumb Code     0  __rtentry2.o(.ARM.Collect$$rtentry$$0000000D)
    __rt_entry_postli_1                      0x08000263   Thumb Code     0  __rtentry2.o(.ARM.Collect$$rtentry$$0000000C)
    __rt_exit                                0x0800026b   Thumb Code     0  rtexit.o(.ARM.Collect$$rtexit$$00000000)
    __rt_exit_ls                             0x0800026d   Thumb Code     0  rtexit2.o(.ARM.Collect$$rtexit$$00000003)
    __rt_exit_prels_1                        0x0800026d   Thumb Code     0  rtexit2.o(.ARM.Collect$$rtexit$$00000002)
    __rt_exit_exit                           0x08000271   Thumb Code     0  rtexit2.o(.ARM.Collect$$rtexit$$00000004)
    Reset_Handler                            0x08000279   Thumb Code     8  startup_stm32g431xx.o(.text)
    ADC1_2_IRQHandler                        0x08000293   Thumb Code     0  startup_stm32g431xx.o(.text)
    COMP1_2_3_IRQHandler                     0x08000293   Thumb Code     0  startup_stm32g431xx.o(.text)
    COMP4_IRQHandler                         0x08000293   Thumb Code     0  startup_stm32g431xx.o(.text)
    CORDIC_IRQHandler                        0x08000293   Thumb Code     0  startup_stm32g431xx.o(.text)
    CRS_IRQHandler                           0x08000293   Thumb Code     0  startup_stm32g431xx.o(.text)
    DMA1_Channel1_IRQHandler                 0x08000293   Thumb Code     0  startup_stm32g431xx.o(.text)
    DMA1_Channel2_IRQHandler                 0x08000293   Thumb Code     0  startup_stm32g431xx.o(.text)
    DMA1_Channel3_IRQHandler                 0x08000293   Thumb Code     0  startup_stm32g431xx.o(.text)
    DMA1_Channel4_IRQHandler                 0x08000293   Thumb Code     0  startup_stm32g431xx.o(.text)
    DMA1_Channel5_IRQHandler                 0x08000293   Thumb Code     0  startup_stm32g431xx.o(.text)
    DMA1_Channel6_IRQHandler                 0x08000293   Thumb Code     0  startup_stm32g431xx.o(.text)
    DMA2_Channel1_IRQHandler                 0x08000293   Thumb Code     0  startup_stm32g431xx.o(.text)
    DMA2_Channel2_IRQHandler                 0x08000293   Thumb Code     0  startup_stm32g431xx.o(.text)
    DMA2_Channel3_IRQHandler                 0x08000293   Thumb Code     0  startup_stm32g431xx.o(.text)
    DMA2_Channel4_IRQHandler                 0x08000293   Thumb Code     0  startup_stm32g431xx.o(.text)
    DMA2_Channel5_IRQHandler                 0x08000293   Thumb Code     0  startup_stm32g431xx.o(.text)
    DMA2_Channel6_IRQHandler                 0x08000293   Thumb Code     0  startup_stm32g431xx.o(.text)
    DMAMUX_OVR_IRQHandler                    0x08000293   Thumb Code     0  startup_stm32g431xx.o(.text)
    EXTI0_IRQHandler                         0x08000293   Thumb Code     0  startup_stm32g431xx.o(.text)
    EXTI15_10_IRQHandler                     0x08000293   Thumb Code     0  startup_stm32g431xx.o(.text)
    EXTI1_IRQHandler                         0x08000293   Thumb Code     0  startup_stm32g431xx.o(.text)
    EXTI2_IRQHandler                         0x08000293   Thumb Code     0  startup_stm32g431xx.o(.text)
    EXTI3_IRQHandler                         0x08000293   Thumb Code     0  startup_stm32g431xx.o(.text)
    EXTI4_IRQHandler                         0x08000293   Thumb Code     0  startup_stm32g431xx.o(.text)
    EXTI9_5_IRQHandler                       0x08000293   Thumb Code     0  startup_stm32g431xx.o(.text)
    FDCAN1_IT0_IRQHandler                    0x08000293   Thumb Code     0  startup_stm32g431xx.o(.text)
    FDCAN1_IT1_IRQHandler                    0x08000293   Thumb Code     0  startup_stm32g431xx.o(.text)
    FLASH_IRQHandler                         0x08000293   Thumb Code     0  startup_stm32g431xx.o(.text)
    FMAC_IRQHandler                          0x08000293   Thumb Code     0  startup_stm32g431xx.o(.text)
    FPU_IRQHandler                           0x08000293   Thumb Code     0  startup_stm32g431xx.o(.text)
    I2C1_ER_IRQHandler                       0x08000293   Thumb Code     0  startup_stm32g431xx.o(.text)
    I2C1_EV_IRQHandler                       0x08000293   Thumb Code     0  startup_stm32g431xx.o(.text)
    I2C2_ER_IRQHandler                       0x08000293   Thumb Code     0  startup_stm32g431xx.o(.text)
    I2C2_EV_IRQHandler                       0x08000293   Thumb Code     0  startup_stm32g431xx.o(.text)
    I2C3_ER_IRQHandler                       0x08000293   Thumb Code     0  startup_stm32g431xx.o(.text)
    I2C3_EV_IRQHandler                       0x08000293   Thumb Code     0  startup_stm32g431xx.o(.text)
    LPTIM1_IRQHandler                        0x08000293   Thumb Code     0  startup_stm32g431xx.o(.text)
    LPUART1_IRQHandler                       0x08000293   Thumb Code     0  startup_stm32g431xx.o(.text)
    PVD_PVM_IRQHandler                       0x08000293   Thumb Code     0  startup_stm32g431xx.o(.text)
    RCC_IRQHandler                           0x08000293   Thumb Code     0  startup_stm32g431xx.o(.text)
    RNG_IRQHandler                           0x08000293   Thumb Code     0  startup_stm32g431xx.o(.text)
    RTC_Alarm_IRQHandler                     0x08000293   Thumb Code     0  startup_stm32g431xx.o(.text)
    RTC_TAMP_LSECSS_IRQHandler               0x08000293   Thumb Code     0  startup_stm32g431xx.o(.text)
    RTC_WKUP_IRQHandler                      0x08000293   Thumb Code     0  startup_stm32g431xx.o(.text)
    SAI1_IRQHandler                          0x08000293   Thumb Code     0  startup_stm32g431xx.o(.text)
    SPI1_IRQHandler                          0x08000293   Thumb Code     0  startup_stm32g431xx.o(.text)
    SPI2_IRQHandler                          0x08000293   Thumb Code     0  startup_stm32g431xx.o(.text)
    SPI3_IRQHandler                          0x08000293   Thumb Code     0  startup_stm32g431xx.o(.text)
    TIM1_BRK_TIM15_IRQHandler                0x08000293   Thumb Code     0  startup_stm32g431xx.o(.text)
    TIM1_CC_IRQHandler                       0x08000293   Thumb Code     0  startup_stm32g431xx.o(.text)
    TIM1_TRG_COM_TIM17_IRQHandler            0x08000293   Thumb Code     0  startup_stm32g431xx.o(.text)
    TIM1_UP_TIM16_IRQHandler                 0x08000293   Thumb Code     0  startup_stm32g431xx.o(.text)
    TIM3_IRQHandler                          0x08000293   Thumb Code     0  startup_stm32g431xx.o(.text)
    TIM4_IRQHandler                          0x08000293   Thumb Code     0  startup_stm32g431xx.o(.text)
    TIM6_DAC_IRQHandler                      0x08000293   Thumb Code     0  startup_stm32g431xx.o(.text)
    TIM7_IRQHandler                          0x08000293   Thumb Code     0  startup_stm32g431xx.o(.text)
    TIM8_BRK_IRQHandler                      0x08000293   Thumb Code     0  startup_stm32g431xx.o(.text)
    TIM8_CC_IRQHandler                       0x08000293   Thumb Code     0  startup_stm32g431xx.o(.text)
    TIM8_TRG_COM_IRQHandler                  0x08000293   Thumb Code     0  startup_stm32g431xx.o(.text)
    TIM8_UP_IRQHandler                       0x08000293   Thumb Code     0  startup_stm32g431xx.o(.text)
    UART4_IRQHandler                         0x08000293   Thumb Code     0  startup_stm32g431xx.o(.text)
    UCPD1_IRQHandler                         0x08000293   Thumb Code     0  startup_stm32g431xx.o(.text)
    USART1_IRQHandler                        0x08000293   Thumb Code     0  startup_stm32g431xx.o(.text)
    USART3_IRQHandler                        0x08000293   Thumb Code     0  startup_stm32g431xx.o(.text)
    USBWakeUp_IRQHandler                     0x08000293   Thumb Code     0  startup_stm32g431xx.o(.text)
    USB_HP_IRQHandler                        0x08000293   Thumb Code     0  startup_stm32g431xx.o(.text)
    USB_LP_IRQHandler                        0x08000293   Thumb Code     0  startup_stm32g431xx.o(.text)
    WWDG_IRQHandler                          0x08000293   Thumb Code     0  startup_stm32g431xx.o(.text)
    __user_initial_stackheap                 0x08000295   Thumb Code     0  startup_stm32g431xx.o(.text)
    __aeabi_uldivmod                         0x080002b9   Thumb Code     0  lludivv7m.o(.text)
    _ll_udiv                                 0x080002b9   Thumb Code   238  lludivv7m.o(.text)
    __aeabi_memclr4                          0x080003a7   Thumb Code     0  rt_memclr_w.o(.text)
    __aeabi_memclr8                          0x080003a7   Thumb Code     0  rt_memclr_w.o(.text)
    __rt_memclr_w                            0x080003a7   Thumb Code    78  rt_memclr_w.o(.text)
    _memset_w                                0x080003ab   Thumb Code     0  rt_memclr_w.o(.text)
    __use_two_region_memory                  0x080003f5   Thumb Code     2  heapauxi.o(.text)
    __rt_heap_escrow$2region                 0x080003f7   Thumb Code     2  heapauxi.o(.text)
    __rt_heap_expand$2region                 0x080003f9   Thumb Code     2  heapauxi.o(.text)
    __read_errno                             0x080003fb   Thumb Code    10  _rserrno.o(.text)
    __set_errno                              0x08000405   Thumb Code    12  _rserrno.o(.text)
    __aeabi_errno_addr                       0x08000411   Thumb Code     8  rt_errno_addr_intlibspace.o(.text)
    __errno$intlibspace                      0x08000411   Thumb Code     0  rt_errno_addr_intlibspace.o(.text)
    __rt_errno_addr$intlibspace              0x08000411   Thumb Code     0  rt_errno_addr_intlibspace.o(.text)
    __user_libspace                          0x08000419   Thumb Code     8  libspace.o(.text)
    __user_perproc_libspace                  0x08000419   Thumb Code     0  libspace.o(.text)
    __user_perthread_libspace                0x08000419   Thumb Code     0  libspace.o(.text)
    __user_setup_stackheap                   0x08000421   Thumb Code    74  sys_stackheap_outer.o(.text)
    exit                                     0x0800046b   Thumb Code    18  exit.o(.text)
    _sys_exit                                0x0800047d   Thumb Code     8  sys_exit.o(.text)
    __I$use$semihosting                      0x08000489   Thumb Code     0  use_no_semi.o(.text)
    __use_no_semihosting_swi                 0x08000489   Thumb Code     2  use_no_semi.o(.text)
    __semihosting_library_function           0x0800048b   Thumb Code     0  indicate_semi.o(.text)
    BLDC_Motor_ExcuteStep                    0x080004d1   Thumb Code    36  bldc_motor.o(i.BLDC_Motor_ExcuteStep)
    BLDC_Motor_OnceStep                      0x080004f9   Thumb Code   106  bldc_motor.o(i.BLDC_Motor_OnceStep)
    BLDC_Motor_Tick                          0x0800056d   Thumb Code    78  bldc_motor.o(i.BLDC_Motor_Tick)
    BusFault_Handler                         0x080005c1   Thumb Code     2  stm32g4xx_it.o(i.BusFault_Handler)
    DebugMon_Handler                         0x080005c3   Thumb Code     2  stm32g4xx_it.o(i.DebugMon_Handler)
    Error_Handler                            0x080005c5   Thumb Code     4  main.o(i.Error_Handler)
    FOC_Init                                 0x080005c9   Thumb Code    54  foc.o(i.FOC_Init)
    FOC_SetPWM                               0x08000605   Thumb Code   188  foc.o(i.FOC_SetPWM)
    FOC_SetPhaseVoltage                      0x080006cd   Thumb Code   128  foc.o(i.FOC_SetPhaseVoltage)
    FOC_velocityOpenLoop                     0x08000751   Thumb Code   130  foc.o(i.FOC_velocityOpenLoop)
    HAL_DMA_Abort                            0x080007e1   Thumb Code   112  stm32g4xx_hal_dma.o(i.HAL_DMA_Abort)
    HAL_DMA_Abort_IT                         0x08000851   Thumb Code   120  stm32g4xx_hal_dma.o(i.HAL_DMA_Abort_IT)
    HAL_GPIO_Init                            0x080008c9   Thumb Code   532  stm32g4xx_hal_gpio.o(i.HAL_GPIO_Init)
    HAL_GPIO_WritePin                        0x08000afd   Thumb Code    10  stm32g4xx_hal_gpio.o(i.HAL_GPIO_WritePin)
    HAL_GetTick                              0x08000b09   Thumb Code     6  stm32g4xx_hal.o(i.HAL_GetTick)
    HAL_IncTick                              0x08000b15   Thumb Code    12  stm32g4xx_hal.o(i.HAL_IncTick)
    HAL_Init                                 0x08000b25   Thumb Code    30  stm32g4xx_hal.o(i.HAL_Init)
    HAL_InitTick                             0x08000b45   Thumb Code    58  stm32g4xx_hal.o(i.HAL_InitTick)
    HAL_MspInit                              0x08000b89   Thumb Code    42  stm32g4xx_hal_msp.o(i.HAL_MspInit)
    HAL_NVIC_EnableIRQ                       0x08000bb9   Thumb Code    26  stm32g4xx_hal_cortex.o(i.HAL_NVIC_EnableIRQ)
    HAL_NVIC_SetPriority                     0x08000bd5   Thumb Code    60  stm32g4xx_hal_cortex.o(i.HAL_NVIC_SetPriority)
    HAL_NVIC_SetPriorityGrouping             0x08000c15   Thumb Code    26  stm32g4xx_hal_cortex.o(i.HAL_NVIC_SetPriorityGrouping)
    HAL_PWREx_ControlVoltageScaling          0x08000c39   Thumb Code   174  stm32g4xx_hal_pwr_ex.o(i.HAL_PWREx_ControlVoltageScaling)
    HAL_PWREx_DisableUCPDDeadBattery         0x08000cf5   Thumb Code    12  stm32g4xx_hal_pwr_ex.o(i.HAL_PWREx_DisableUCPDDeadBattery)
    HAL_RCCEx_PeriphCLKConfig                0x08000d05   Thumb Code   638  stm32g4xx_hal_rcc_ex.o(i.HAL_RCCEx_PeriphCLKConfig)
    HAL_RCC_ClockConfig                      0x08000f8d   Thumb Code   444  stm32g4xx_hal_rcc.o(i.HAL_RCC_ClockConfig)
    HAL_RCC_GetPCLK1Freq                     0x08001169   Thumb Code    24  stm32g4xx_hal_rcc.o(i.HAL_RCC_GetPCLK1Freq)
    HAL_RCC_GetPCLK2Freq                     0x0800118d   Thumb Code    24  stm32g4xx_hal_rcc.o(i.HAL_RCC_GetPCLK2Freq)
    HAL_RCC_GetSysClockFreq                  0x080011b1   Thumb Code    98  stm32g4xx_hal_rcc.o(i.HAL_RCC_GetSysClockFreq)
    HAL_RCC_OscConfig                        0x0800121d   Thumb Code  1028  stm32g4xx_hal_rcc.o(i.HAL_RCC_OscConfig)
    HAL_SYSTICK_Config                       0x08001621   Thumb Code    40  stm32g4xx_hal_cortex.o(i.HAL_SYSTICK_Config)
    HAL_TIMEx_Break2Callback                 0x08001649   Thumb Code     2  stm32g4xx_hal_tim_ex.o(i.HAL_TIMEx_Break2Callback)
    HAL_TIMEx_BreakCallback                  0x0800164b   Thumb Code     2  stm32g4xx_hal_tim_ex.o(i.HAL_TIMEx_BreakCallback)
    HAL_TIMEx_CommutCallback                 0x0800164d   Thumb Code     2  stm32g4xx_hal_tim_ex.o(i.HAL_TIMEx_CommutCallback)
    HAL_TIMEx_ConfigBreakDeadTime            0x08001651   Thumb Code   148  stm32g4xx_hal_tim_ex.o(i.HAL_TIMEx_ConfigBreakDeadTime)
    HAL_TIMEx_DirectionChangeCallback        0x080016ed   Thumb Code     2  stm32g4xx_hal_tim_ex.o(i.HAL_TIMEx_DirectionChangeCallback)
    HAL_TIMEx_EncoderIndexCallback           0x080016ef   Thumb Code     2  stm32g4xx_hal_tim_ex.o(i.HAL_TIMEx_EncoderIndexCallback)
    HAL_TIMEx_IndexErrorCallback             0x080016f1   Thumb Code     2  stm32g4xx_hal_tim_ex.o(i.HAL_TIMEx_IndexErrorCallback)
    HAL_TIMEx_MasterConfigSynchronization    0x080016f5   Thumb Code   132  stm32g4xx_hal_tim_ex.o(i.HAL_TIMEx_MasterConfigSynchronization)
    HAL_TIMEx_PWMN_Start                     0x08001791   Thumb Code   158  stm32g4xx_hal_tim_ex.o(i.HAL_TIMEx_PWMN_Start)
    HAL_TIMEx_PWMN_Stop                      0x08001849   Thumb Code   102  stm32g4xx_hal_tim_ex.o(i.HAL_TIMEx_PWMN_Stop)
    HAL_TIMEx_TransitionErrorCallback        0x080018b5   Thumb Code     2  stm32g4xx_hal_tim_ex.o(i.HAL_TIMEx_TransitionErrorCallback)
    HAL_TIM_Base_Init                        0x080018b7   Thumb Code    98  stm32g4xx_hal_tim.o(i.HAL_TIM_Base_Init)
    HAL_TIM_Base_MspInit                     0x08001919   Thumb Code    50  tim.o(i.HAL_TIM_Base_MspInit)
    HAL_TIM_ConfigClockSource                0x08001951   Thumb Code   246  stm32g4xx_hal_tim.o(i.HAL_TIM_ConfigClockSource)
    HAL_TIM_IC_CaptureCallback               0x08001a51   Thumb Code     2  stm32g4xx_hal_tim.o(i.HAL_TIM_IC_CaptureCallback)
    HAL_TIM_IRQHandler                       0x08001a53   Thumb Code   418  stm32g4xx_hal_tim.o(i.HAL_TIM_IRQHandler)
    HAL_TIM_MspPostInit                      0x08001bf5   Thumb Code   136  tim.o(i.HAL_TIM_MspPostInit)
    HAL_TIM_OC_DelayElapsedCallback          0x08001c89   Thumb Code     2  stm32g4xx_hal_tim.o(i.HAL_TIM_OC_DelayElapsedCallback)
    HAL_TIM_PWM_ConfigChannel                0x08001c8b   Thumb Code   292  stm32g4xx_hal_tim.o(i.HAL_TIM_PWM_ConfigChannel)
    HAL_TIM_PWM_Init                         0x08001daf   Thumb Code    98  stm32g4xx_hal_tim.o(i.HAL_TIM_PWM_Init)
    HAL_TIM_PWM_MspInit                      0x08001e11   Thumb Code    30  tim.o(i.HAL_TIM_PWM_MspInit)
    HAL_TIM_PWM_PulseFinishedCallback        0x08001e39   Thumb Code     2  stm32g4xx_hal_tim.o(i.HAL_TIM_PWM_PulseFinishedCallback)
    HAL_TIM_PWM_Start                        0x08001e3d   Thumb Code   218  stm32g4xx_hal_tim.o(i.HAL_TIM_PWM_Start)
    HAL_TIM_PWM_Stop                         0x08001f39   Thumb Code   150  stm32g4xx_hal_tim.o(i.HAL_TIM_PWM_Stop)
    HAL_TIM_PeriodElapsedCallback            0x08001fe9   Thumb Code    14  tim.o(i.HAL_TIM_PeriodElapsedCallback)
    HAL_TIM_TriggerCallback                  0x08001ff7   Thumb Code     2  stm32g4xx_hal_tim.o(i.HAL_TIM_TriggerCallback)
    HAL_UARTEx_DisableFifoMode               0x08001ff9   Thumb Code    62  stm32g4xx_hal_uart_ex.o(i.HAL_UARTEx_DisableFifoMode)
    HAL_UARTEx_RxEventCallback               0x08002037   Thumb Code     2  stm32g4xx_hal_uart.o(i.HAL_UARTEx_RxEventCallback)
    HAL_UARTEx_RxFifoFullCallback            0x08002039   Thumb Code     2  stm32g4xx_hal_uart_ex.o(i.HAL_UARTEx_RxFifoFullCallback)
    HAL_UARTEx_SetRxFifoThreshold            0x0800203b   Thumb Code    76  stm32g4xx_hal_uart_ex.o(i.HAL_UARTEx_SetRxFifoThreshold)
    HAL_UARTEx_SetTxFifoThreshold            0x08002087   Thumb Code    76  stm32g4xx_hal_uart_ex.o(i.HAL_UARTEx_SetTxFifoThreshold)
    HAL_UARTEx_TxFifoEmptyCallback           0x080020d3   Thumb Code     2  stm32g4xx_hal_uart_ex.o(i.HAL_UARTEx_TxFifoEmptyCallback)
    HAL_UARTEx_WakeupCallback                0x080020d5   Thumb Code     2  stm32g4xx_hal_uart_ex.o(i.HAL_UARTEx_WakeupCallback)
    HAL_UART_ErrorCallback                   0x080020d7   Thumb Code     2  stm32g4xx_hal_uart.o(i.HAL_UART_ErrorCallback)
    HAL_UART_IRQHandler                      0x080020d9   Thumb Code   782  stm32g4xx_hal_uart.o(i.HAL_UART_IRQHandler)
    HAL_UART_Init                            0x080023f5   Thumb Code   106  stm32g4xx_hal_uart.o(i.HAL_UART_Init)
    HAL_UART_MspInit                         0x08002461   Thumb Code   128  usart.o(i.HAL_UART_MspInit)
    HAL_UART_TxCpltCallback                  0x080024e9   Thumb Code     2  stm32g4xx_hal_uart.o(i.HAL_UART_TxCpltCallback)
    HardFault_Handler                        0x080024eb   Thumb Code     2  stm32g4xx_it.o(i.HardFault_Handler)
    MX_GPIO_Init                             0x080024ed   Thumb Code   210  gpio.o(i.MX_GPIO_Init)
    MX_TIM1_Init                             0x080025d1   Thumb Code   204  tim.o(i.MX_TIM1_Init)
    MX_TIM2_Init                             0x080026a5   Thumb Code    98  tim.o(i.MX_TIM2_Init)
    MX_USART2_UART_Init                      0x0800270d   Thumb Code    94  usart.o(i.MX_USART2_UART_Init)
    MemManage_Handler                        0x08002775   Thumb Code     2  stm32g4xx_it.o(i.MemManage_Handler)
    NMI_Handler                              0x08002777   Thumb Code     2  stm32g4xx_it.o(i.NMI_Handler)
    PendSV_Handler                           0x08002779   Thumb Code     2  stm32g4xx_it.o(i.PendSV_Handler)
    SVC_Handler                              0x0800277b   Thumb Code     2  stm32g4xx_it.o(i.SVC_Handler)
    SysTick_Handler                          0x0800277d   Thumb Code     4  stm32g4xx_it.o(i.SysTick_Handler)
    SystemClock_Config                       0x08002781   Thumb Code   104  main.o(i.SystemClock_Config)
    SystemInit                               0x080027e9   Thumb Code    12  system_stm32g4xx.o(i.SystemInit)
    TIM2_IRQHandler                          0x080027f9   Thumb Code     6  stm32g4xx_it.o(i.TIM2_IRQHandler)
    TIM_Base_SetConfig                       0x08002805   Thumb Code   154  stm32g4xx_hal_tim.o(i.TIM_Base_SetConfig)
    TIM_CCxChannelCmd                        0x080028bd   Thumb Code    26  stm32g4xx_hal_tim.o(i.TIM_CCxChannelCmd)
    TIM_ETR_SetConfig                        0x080028f1   Thumb Code    20  stm32g4xx_hal_tim.o(i.TIM_ETR_SetConfig)
    TIM_OC2_SetConfig                        0x080029bd   Thumb Code   124  stm32g4xx_hal_tim.o(i.TIM_OC2_SetConfig)
    UART_AdvFeatureConfig                    0x08002d39   Thumb Code   200  stm32g4xx_hal_uart.o(i.UART_AdvFeatureConfig)
    UART_CheckIdleState                      0x08002e01   Thumb Code   172  stm32g4xx_hal_uart.o(i.UART_CheckIdleState)
    UART_SetConfig                           0x08002f0d   Thumb Code   582  stm32g4xx_hal_uart.o(i.UART_SetConfig)
    UART_WaitOnFlagUntilTimeout              0x08003181   Thumb Code   148  stm32g4xx_hal_uart.o(i.UART_WaitOnFlagUntilTimeout)
    USART2_IRQHandler                        0x08003215   Thumb Code     6  stm32g4xx_it.o(i.USART2_IRQHandler)
    UsageFault_Handler                       0x08003221   Thumb Code     2  stm32g4xx_it.o(i.UsageFault_Handler)
    __ARM_fpclassify                         0x08003223   Thumb Code    48  fpclassify.o(i.__ARM_fpclassify)
    __hardfp_cos                             0x08003279   Thumb Code   180  cos.o(i.__hardfp_cos)
    __hardfp_fmodf                           0x08003341   Thumb Code   176  fmodf.o(i.__hardfp_fmodf)
    __hardfp_sin                             0x080033f1   Thumb Code   180  sin.o(i.__hardfp_sin)
    __hardfp_sqrt                            0x080034b9   Thumb Code   122  sqrt.o(i.__hardfp_sqrt)
    __ieee754_rem_pio2                       0x08003539   Thumb Code   938  rred.o(i.__ieee754_rem_pio2)
    __kernel_cos                             0x08003971   Thumb Code   322  cos_i.o(i.__kernel_cos)
    __kernel_poly                            0x08003ae1   Thumb Code   248  poly.o(i.__kernel_poly)
    __kernel_sin                             0x08003bd9   Thumb Code   280  sin_i.o(i.__kernel_sin)
    __mathlib_dbl_infnan                     0x08003d09   Thumb Code    20  dunder.o(i.__mathlib_dbl_infnan)
    __mathlib_dbl_invalid                    0x08003d21   Thumb Code    24  dunder.o(i.__mathlib_dbl_invalid)
    __mathlib_dbl_underflow                  0x08003d41   Thumb Code    24  dunder.o(i.__mathlib_dbl_underflow)
    __mathlib_flt_invalid                    0x08003d61   Thumb Code    10  funder.o(i.__mathlib_flt_invalid)
    fabs                                     0x08003d71   Thumb Code    24  fabs.o(i.fabs)
    main                                     0x08003f31   Thumb Code    38  main.o(i.main)
    __aeabi_dneg                             0x08003f85   Thumb Code     0  basic.o(x$fpl$basic)
    _dneg                                    0x08003f85   Thumb Code     6  basic.o(x$fpl$basic)
    __aeabi_fneg                             0x08003f8b   Thumb Code     0  basic.o(x$fpl$basic)
    _fneg                                    0x08003f8b   Thumb Code     6  basic.o(x$fpl$basic)
    _dabs                                    0x08003f91   Thumb Code     6  basic.o(x$fpl$basic)
    _fabs                                    0x08003f97   Thumb Code     6  basic.o(x$fpl$basic)
    __aeabi_d2f                              0x08003f9d   Thumb Code     0  d2f.o(x$fpl$d2f)
    _d2f                                     0x08003f9d   Thumb Code    98  d2f.o(x$fpl$d2f)
    __aeabi_dadd                             0x08004001   Thumb Code     0  daddsub_clz.o(x$fpl$dadd)
    _dadd                                    0x08004001   Thumb Code   332  daddsub_clz.o(x$fpl$dadd)
    __aeabi_ddiv                             0x08004151   Thumb Code     0  ddiv.o(x$fpl$ddiv)
    _ddiv                                    0x08004151   Thumb Code   552  ddiv.o(x$fpl$ddiv)
    __aeabi_d2iz                             0x08004401   Thumb Code     0  dfix.o(x$fpl$dfix)
    _dfix                                    0x08004401   Thumb Code    94  dfix.o(x$fpl$dfix)
    __aeabi_i2d                              0x0800445f   Thumb Code     0  dflt_clz.o(x$fpl$dflt)
    _dflt                                    0x0800445f   Thumb Code    46  dflt_clz.o(x$fpl$dflt)
    __aeabi_ui2d                             0x0800448d   Thumb Code     0  dflt_clz.o(x$fpl$dfltu)
    _dfltu                                   0x0800448d   Thumb Code    38  dflt_clz.o(x$fpl$dfltu)
    __aeabi_dmul                             0x080044b5   Thumb Code     0  dmul.o(x$fpl$dmul)
    _dmul                                    0x080044b5   Thumb Code   332  dmul.o(x$fpl$dmul)
    __fpl_dnaninf                            0x08004609   Thumb Code   156  dnaninf.o(x$fpl$dnaninf)
    __fpl_dretinf                            0x080046a5   Thumb Code    12  dretinf.o(x$fpl$dretinf)
    __aeabi_drsub                            0x080046b1   Thumb Code     0  daddsub_clz.o(x$fpl$drsb)
    _drsb                                    0x080046b1   Thumb Code    22  daddsub_clz.o(x$fpl$drsb)
    _dsqrt                                   0x080046c9   Thumb Code   404  dsqrt_umaal.o(x$fpl$dsqrt)
    __aeabi_dsub                             0x08004861   Thumb Code     0  daddsub_clz.o(x$fpl$dsub)
    _dsub                                    0x08004861   Thumb Code   464  daddsub_clz.o(x$fpl$dsub)
    __aeabi_f2d                              0x08004a35   Thumb Code     0  f2d.o(x$fpl$f2d)
    _f2d                                     0x08004a35   Thumb Code    86  f2d.o(x$fpl$f2d)
    __fpl_fnaninf                            0x08004a8b   Thumb Code   140  fnaninf.o(x$fpl$fnaninf)
    _fp_init                                 0x08004b17   Thumb Code    10  fpinit.o(x$fpl$fpinit)
    __fplib_config_fpu_vfp                   0x08004b1f   Thumb Code     0  fpinit.o(x$fpl$fpinit)
    __fplib_config_pureend_doubles           0x08004b1f   Thumb Code     0  fpinit.o(x$fpl$fpinit)
    _frem                                    0x08004b21   Thumb Code   240  frem_clz.o(x$fpl$frem)
    __fpl_fretinf                            0x08004c15   Thumb Code    10  fretinf.o(x$fpl$fretinf)
    UARTPrescTable                           0x08004c1e   Data          24  stm32g4xx_hal_uart.o(.constdata)
    __I$use$fp                               0x08004c1e   Number         0  usenofp.o(x$fpl$usenofp)
    AHBPrescTable                            0x08004c46   Data          16  system_stm32g4xx.o(.constdata)
    APBPrescTable                            0x08004c56   Data           8  system_stm32g4xx.o(.constdata)
    Region$$Table$$Base                      0x08004da8   Number         0  anon$$obj.o(Region$$Table)
    Region$$Table$$Limit                     0x08004dc8   Number         0  anon$$obj.o(Region$$Table)
    uwTickPrio                               0x20000000   Data           4  stm32g4xx_hal.o(.data)
    uwTickFreq                               0x20000004   Data           4  stm32g4xx_hal.o(.data)
    uwTick                                   0x20000008   Data           4  stm32g4xx_hal.o(.data)
    SystemCoreClock                          0x2000000c   Data           4  system_stm32g4xx.o(.data)
    shaft_angle                              0x20000010   Data           4  foc.o(.data)
    electrical_angle                         0x20000014   Data           4  foc.o(.data)
    foc                                      0x2000001c   Data          12  foc.o(.data)
    htim_BLDC                                0x20000034   Data           4  bldc_motor.o(.data)
    htim1                                    0x20000038   Data          76  tim.o(.bss)
    htim2                                    0x20000084   Data          76  tim.o(.bss)
    huart2                                   0x200000d0   Data         148  usart.o(.bss)
    __libspace_start                         0x20000164   Data          96  libspace.o(.bss)
    __temporary_stack_top$libspace           0x200001c4   Data           0  libspace.o(.bss)



==============================================================================

Memory Map of the image

  Image Entry point : 0x080001d9

  Load Region LR_IROM1 (Base: 0x08000000, Size: 0x00004e00, Max: 0x00020000, ABSOLUTE)

    Execution Region ER_IROM1 (Exec base: 0x08000000, Load base: 0x08000000, Size: 0x00004dc8, Max: 0x00020000, ABSOLUTE)

    Exec Addr    Load Addr    Size         Type   Attr      Idx    E Section Name        Object

    0x08000000   0x08000000   0x000001d8   Data   RO            3    RESET               startup_stm32g431xx.o
    0x080001d8   0x080001d8   0x00000008   Code   RO         4038  * !!!main             c_w.l(__main.o)
    0x080001e0   0x080001e0   0x00000034   Code   RO         4359    !!!scatter          c_w.l(__scatter.o)
    0x08000214   0x08000214   0x0000001a   Code   RO         4361    !!handler_copy      c_w.l(__scatter_copy.o)
    0x0800022e   0x0800022e   0x00000002   PAD
    0x08000230   0x08000230   0x0000001c   Code   RO         4363    !!handler_zi        c_w.l(__scatter_zi.o)
    0x0800024c   0x0800024c   0x00000002   Code   RO         4230    .ARM.Collect$$libinit$$00000000  c_w.l(libinit.o)
    0x0800024e   0x0800024e   0x00000004   Code   RO         4239    .ARM.Collect$$libinit$$00000001  c_w.l(libinit2.o)
    0x08000252   0x08000252   0x00000000   Code   RO         4242    .ARM.Collect$$libinit$$00000004  c_w.l(libinit2.o)
    0x08000252   0x08000252   0x00000000   Code   RO         4245    .ARM.Collect$$libinit$$0000000A  c_w.l(libinit2.o)
    0x08000252   0x08000252   0x00000000   Code   RO         4247    .ARM.Collect$$libinit$$0000000C  c_w.l(libinit2.o)
    0x08000252   0x08000252   0x00000000   Code   RO         4249    .ARM.Collect$$libinit$$0000000E  c_w.l(libinit2.o)
    0x08000252   0x08000252   0x00000000   Code   RO         4252    .ARM.Collect$$libinit$$00000011  c_w.l(libinit2.o)
    0x08000252   0x08000252   0x00000000   Code   RO         4254    .ARM.Collect$$libinit$$00000013  c_w.l(libinit2.o)
    0x08000252   0x08000252   0x00000000   Code   RO         4256    .ARM.Collect$$libinit$$00000015  c_w.l(libinit2.o)
    0x08000252   0x08000252   0x00000000   Code   RO         4258    .ARM.Collect$$libinit$$00000017  c_w.l(libinit2.o)
    0x08000252   0x08000252   0x00000000   Code   RO         4260    .ARM.Collect$$libinit$$00000019  c_w.l(libinit2.o)
    0x08000252   0x08000252   0x00000000   Code   RO         4262    .ARM.Collect$$libinit$$0000001B  c_w.l(libinit2.o)
    0x08000252   0x08000252   0x00000000   Code   RO         4264    .ARM.Collect$$libinit$$0000001D  c_w.l(libinit2.o)
    0x08000252   0x08000252   0x00000000   Code   RO         4266    .ARM.Collect$$libinit$$0000001F  c_w.l(libinit2.o)
    0x08000252   0x08000252   0x00000000   Code   RO         4268    .ARM.Collect$$libinit$$00000021  c_w.l(libinit2.o)
    0x08000252   0x08000252   0x00000000   Code   RO         4270    .ARM.Collect$$libinit$$00000023  c_w.l(libinit2.o)
    0x08000252   0x08000252   0x00000000   Code   RO         4272    .ARM.Collect$$libinit$$00000025  c_w.l(libinit2.o)
    0x08000252   0x08000252   0x00000000   Code   RO         4276    .ARM.Collect$$libinit$$0000002C  c_w.l(libinit2.o)
    0x08000252   0x08000252   0x00000000   Code   RO         4278    .ARM.Collect$$libinit$$0000002E  c_w.l(libinit2.o)
    0x08000252   0x08000252   0x00000000   Code   RO         4280    .ARM.Collect$$libinit$$00000030  c_w.l(libinit2.o)
    0x08000252   0x08000252   0x00000000   Code   RO         4282    .ARM.Collect$$libinit$$00000032  c_w.l(libinit2.o)
    0x08000252   0x08000252   0x00000002   Code   RO         4283    .ARM.Collect$$libinit$$00000033  c_w.l(libinit2.o)
    0x08000254   0x08000254   0x00000002   Code   RO         4314    .ARM.Collect$$libshutdown$$00000000  c_w.l(libshutdown.o)
    0x08000256   0x08000256   0x00000000   Code   RO         4340    .ARM.Collect$$libshutdown$$00000002  c_w.l(libshutdown2.o)
    0x08000256   0x08000256   0x00000000   Code   RO         4342    .ARM.Collect$$libshutdown$$00000004  c_w.l(libshutdown2.o)
    0x08000256   0x08000256   0x00000000   Code   RO         4344    .ARM.Collect$$libshutdown$$00000006  c_w.l(libshutdown2.o)
    0x08000256   0x08000256   0x00000000   Code   RO         4347    .ARM.Collect$$libshutdown$$00000009  c_w.l(libshutdown2.o)
    0x08000256   0x08000256   0x00000000   Code   RO         4350    .ARM.Collect$$libshutdown$$0000000C  c_w.l(libshutdown2.o)
    0x08000256   0x08000256   0x00000000   Code   RO         4352    .ARM.Collect$$libshutdown$$0000000E  c_w.l(libshutdown2.o)
    0x08000256   0x08000256   0x00000000   Code   RO         4355    .ARM.Collect$$libshutdown$$00000011  c_w.l(libshutdown2.o)
    0x08000256   0x08000256   0x00000002   Code   RO         4356    .ARM.Collect$$libshutdown$$00000012  c_w.l(libshutdown2.o)
    0x08000258   0x08000258   0x00000000   Code   RO         4100    .ARM.Collect$$rtentry$$00000000  c_w.l(__rtentry.o)
    0x08000258   0x08000258   0x00000000   Code   RO         4167    .ARM.Collect$$rtentry$$00000002  c_w.l(__rtentry2.o)
    0x08000258   0x08000258   0x00000006   Code   RO         4179    .ARM.Collect$$rtentry$$00000004  c_w.l(__rtentry4.o)
    0x0800025e   0x0800025e   0x00000000   Code   RO         4169    .ARM.Collect$$rtentry$$00000009  c_w.l(__rtentry2.o)
    0x0800025e   0x0800025e   0x00000004   Code   RO         4170    .ARM.Collect$$rtentry$$0000000A  c_w.l(__rtentry2.o)
    0x08000262   0x08000262   0x00000000   Code   RO         4172    .ARM.Collect$$rtentry$$0000000C  c_w.l(__rtentry2.o)
    0x08000262   0x08000262   0x00000008   Code   RO         4173    .ARM.Collect$$rtentry$$0000000D  c_w.l(__rtentry2.o)
    0x0800026a   0x0800026a   0x00000002   Code   RO         4231    .ARM.Collect$$rtexit$$00000000  c_w.l(rtexit.o)
    0x0800026c   0x0800026c   0x00000000   Code   RO         4287    .ARM.Collect$$rtexit$$00000002  c_w.l(rtexit2.o)
    0x0800026c   0x0800026c   0x00000004   Code   RO         4288    .ARM.Collect$$rtexit$$00000003  c_w.l(rtexit2.o)
    0x08000270   0x08000270   0x00000006   Code   RO         4289    .ARM.Collect$$rtexit$$00000004  c_w.l(rtexit2.o)
    0x08000276   0x08000276   0x00000002   PAD
    0x08000278   0x08000278   0x00000040   Code   RO            4    .text               startup_stm32g431xx.o
    0x080002b8   0x080002b8   0x000000ee   Code   RO         4030    .text               c_w.l(lludivv7m.o)
    0x080003a6   0x080003a6   0x0000004e   Code   RO         4034    .text               c_w.l(rt_memclr_w.o)
    0x080003f4   0x080003f4   0x00000006   Code   RO         4036    .text               c_w.l(heapauxi.o)
    0x080003fa   0x080003fa   0x00000016   Code   RO         4105    .text               c_w.l(_rserrno.o)
    0x08000410   0x08000410   0x00000008   Code   RO         4186    .text               c_w.l(rt_errno_addr_intlibspace.o)
    0x08000418   0x08000418   0x00000008   Code   RO         4214    .text               c_w.l(libspace.o)
    0x08000420   0x08000420   0x0000004a   Code   RO         4217    .text               c_w.l(sys_stackheap_outer.o)
    0x0800046a   0x0800046a   0x00000012   Code   RO         4219    .text               c_w.l(exit.o)
    0x0800047c   0x0800047c   0x0000000c   Code   RO         4284    .text               c_w.l(sys_exit.o)
    0x08000488   0x08000488   0x00000002   Code   RO         4303    .text               c_w.l(use_no_semi.o)
    0x0800048a   0x0800048a   0x00000000   Code   RO         4305    .text               c_w.l(indicate_semi.o)
    0x0800048a   0x0800048a   0x00000002   PAD
    0x0800048c   0x0800048c   0x00000044   Code   RO         3947    i.BLDC_ALLPWMChanel_OFF  bldc_motor.o
    0x080004d0   0x080004d0   0x00000028   Code   RO         3948    i.BLDC_Motor_ExcuteStep  bldc_motor.o
    0x080004f8   0x080004f8   0x00000074   Code   RO         3952    i.BLDC_Motor_OnceStep  bldc_motor.o
    0x0800056c   0x0800056c   0x00000054   Code   RO         3956    i.BLDC_Motor_Tick   bldc_motor.o
    0x080005c0   0x080005c0   0x00000002   Code   RO          322    i.BusFault_Handler  stm32g4xx_it.o
    0x080005c2   0x080005c2   0x00000002   Code   RO          323    i.DebugMon_Handler  stm32g4xx_it.o
    0x080005c4   0x080005c4   0x00000004   Code   RO           13    i.Error_Handler     main.o
    0x080005c8   0x080005c8   0x0000003c   Code   RO         3660    i.FOC_Init          foc.o
    0x08000604   0x08000604   0x000000c8   Code   RO         3661    i.FOC_SetPWM        foc.o
    0x080006cc   0x080006cc   0x00000084   Code   RO         3662    i.FOC_SetPhaseVoltage  foc.o
    0x08000750   0x08000750   0x00000090   Code   RO         3663    i.FOC_velocityOpenLoop  foc.o
    0x080007e0   0x080007e0   0x00000070   Code   RO         2673    i.HAL_DMA_Abort     stm32g4xx_hal_dma.o
    0x08000850   0x08000850   0x00000078   Code   RO         2674    i.HAL_DMA_Abort_IT  stm32g4xx_hal_dma.o
    0x080008c8   0x080008c8   0x00000234   Code   RO         2535    i.HAL_GPIO_Init     stm32g4xx_hal_gpio.o
    0x08000afc   0x08000afc   0x0000000a   Code   RO         2539    i.HAL_GPIO_WritePin  stm32g4xx_hal_gpio.o
    0x08000b06   0x08000b06   0x00000002   PAD
    0x08000b08   0x08000b08   0x0000000c   Code   RO         1830    i.HAL_GetTick       stm32g4xx_hal.o
    0x08000b14   0x08000b14   0x00000010   Code   RO         1836    i.HAL_IncTick       stm32g4xx_hal.o
    0x08000b24   0x08000b24   0x0000001e   Code   RO         1837    i.HAL_Init          stm32g4xx_hal.o
    0x08000b42   0x08000b42   0x00000002   PAD
    0x08000b44   0x08000b44   0x00000044   Code   RO         1838    i.HAL_InitTick      stm32g4xx_hal.o
    0x08000b88   0x08000b88   0x00000030   Code   RO          410    i.HAL_MspInit       stm32g4xx_hal_msp.o
    0x08000bb8   0x08000bb8   0x0000001a   Code   RO         2944    i.HAL_NVIC_EnableIRQ  stm32g4xx_hal_cortex.o
    0x08000bd2   0x08000bd2   0x00000002   PAD
    0x08000bd4   0x08000bd4   0x00000040   Code   RO         2950    i.HAL_NVIC_SetPriority  stm32g4xx_hal_cortex.o
    0x08000c14   0x08000c14   0x00000024   Code   RO         2951    i.HAL_NVIC_SetPriorityGrouping  stm32g4xx_hal_cortex.o
    0x08000c38   0x08000c38   0x000000bc   Code   RO          435    i.HAL_PWREx_ControlVoltageScaling  stm32g4xx_hal_pwr_ex.o
    0x08000cf4   0x08000cf4   0x00000010   Code   RO          447    i.HAL_PWREx_DisableUCPDDeadBattery  stm32g4xx_hal_pwr_ex.o
    0x08000d04   0x08000d04   0x00000288   Code   RO         2197    i.HAL_RCCEx_PeriphCLKConfig  stm32g4xx_hal_rcc_ex.o
    0x08000f8c   0x08000f8c   0x000001dc   Code   RO         2072    i.HAL_RCC_ClockConfig  stm32g4xx_hal_rcc.o
    0x08001168   0x08001168   0x00000024   Code   RO         2080    i.HAL_RCC_GetPCLK1Freq  stm32g4xx_hal_rcc.o
    0x0800118c   0x0800118c   0x00000024   Code   RO         2081    i.HAL_RCC_GetPCLK2Freq  stm32g4xx_hal_rcc.o
    0x080011b0   0x080011b0   0x0000006c   Code   RO         2082    i.HAL_RCC_GetSysClockFreq  stm32g4xx_hal_rcc.o
    0x0800121c   0x0800121c   0x00000404   Code   RO         2085    i.HAL_RCC_OscConfig  stm32g4xx_hal_rcc.o
    0x08001620   0x08001620   0x00000028   Code   RO         2955    i.HAL_SYSTICK_Config  stm32g4xx_hal_cortex.o
    0x08001648   0x08001648   0x00000002   Code   RO         1390    i.HAL_TIMEx_Break2Callback  stm32g4xx_hal_tim_ex.o
    0x0800164a   0x0800164a   0x00000002   Code   RO         1391    i.HAL_TIMEx_BreakCallback  stm32g4xx_hal_tim_ex.o
    0x0800164c   0x0800164c   0x00000002   Code   RO         1392    i.HAL_TIMEx_CommutCallback  stm32g4xx_hal_tim_ex.o
    0x0800164e   0x0800164e   0x00000002   PAD
    0x08001650   0x08001650   0x0000009c   Code   RO         1395    i.HAL_TIMEx_ConfigBreakDeadTime  stm32g4xx_hal_tim_ex.o
    0x080016ec   0x080016ec   0x00000002   Code   RO         1403    i.HAL_TIMEx_DirectionChangeCallback  stm32g4xx_hal_tim_ex.o
    0x080016ee   0x080016ee   0x00000002   Code   RO         1417    i.HAL_TIMEx_EncoderIndexCallback  stm32g4xx_hal_tim_ex.o
    0x080016f0   0x080016f0   0x00000002   Code   RO         1431    i.HAL_TIMEx_IndexErrorCallback  stm32g4xx_hal_tim_ex.o
    0x080016f2   0x080016f2   0x00000002   PAD
    0x080016f4   0x080016f4   0x0000009c   Code   RO         1432    i.HAL_TIMEx_MasterConfigSynchronization  stm32g4xx_hal_tim_ex.o
    0x08001790   0x08001790   0x000000b8   Code   RO         1444    i.HAL_TIMEx_PWMN_Start  stm32g4xx_hal_tim_ex.o
    0x08001848   0x08001848   0x0000006c   Code   RO         1447    i.HAL_TIMEx_PWMN_Stop  stm32g4xx_hal_tim_ex.o
    0x080018b4   0x080018b4   0x00000002   Code   RO         1453    i.HAL_TIMEx_TransitionErrorCallback  stm32g4xx_hal_tim_ex.o
    0x080018b6   0x080018b6   0x00000062   Code   RO          676    i.HAL_TIM_Base_Init  stm32g4xx_hal_tim.o
    0x08001918   0x08001918   0x00000038   Code   RO          209    i.HAL_TIM_Base_MspInit  tim.o
    0x08001950   0x08001950   0x00000100   Code   RO          685    i.HAL_TIM_ConfigClockSource  stm32g4xx_hal_tim.o
    0x08001a50   0x08001a50   0x00000002   Code   RO          710    i.HAL_TIM_IC_CaptureCallback  stm32g4xx_hal_tim.o
    0x08001a52   0x08001a52   0x000001a2   Code   RO          724    i.HAL_TIM_IRQHandler  stm32g4xx_hal_tim.o
    0x08001bf4   0x08001bf4   0x00000094   Code   RO          210    i.HAL_TIM_MspPostInit  tim.o
    0x08001c88   0x08001c88   0x00000002   Code   RO          727    i.HAL_TIM_OC_DelayElapsedCallback  stm32g4xx_hal_tim.o
    0x08001c8a   0x08001c8a   0x00000124   Code   RO          748    i.HAL_TIM_PWM_ConfigChannel  stm32g4xx_hal_tim.o
    0x08001dae   0x08001dae   0x00000062   Code   RO          751    i.HAL_TIM_PWM_Init  stm32g4xx_hal_tim.o
    0x08001e10   0x08001e10   0x00000028   Code   RO          212    i.HAL_TIM_PWM_MspInit  tim.o
    0x08001e38   0x08001e38   0x00000002   Code   RO          754    i.HAL_TIM_PWM_PulseFinishedCallback  stm32g4xx_hal_tim.o
    0x08001e3a   0x08001e3a   0x00000002   PAD
    0x08001e3c   0x08001e3c   0x000000fc   Code   RO          756    i.HAL_TIM_PWM_Start  stm32g4xx_hal_tim.o
    0x08001f38   0x08001f38   0x000000b0   Code   RO          759    i.HAL_TIM_PWM_Stop  stm32g4xx_hal_tim.o
    0x08001fe8   0x08001fe8   0x0000000e   Code   RO          213    i.HAL_TIM_PeriodElapsedCallback  tim.o
    0x08001ff6   0x08001ff6   0x00000002   Code   RO          767    i.HAL_TIM_TriggerCallback  stm32g4xx_hal_tim.o
    0x08001ff8   0x08001ff8   0x0000003e   Code   RO         3504    i.HAL_UARTEx_DisableFifoMode  stm32g4xx_hal_uart_ex.o
    0x08002036   0x08002036   0x00000002   Code   RO         3093    i.HAL_UARTEx_RxEventCallback  stm32g4xx_hal_uart.o
    0x08002038   0x08002038   0x00000002   Code   RO         3512    i.HAL_UARTEx_RxFifoFullCallback  stm32g4xx_hal_uart_ex.o
    0x0800203a   0x0800203a   0x0000004c   Code   RO         3513    i.HAL_UARTEx_SetRxFifoThreshold  stm32g4xx_hal_uart_ex.o
    0x08002086   0x08002086   0x0000004c   Code   RO         3514    i.HAL_UARTEx_SetTxFifoThreshold  stm32g4xx_hal_uart_ex.o
    0x080020d2   0x080020d2   0x00000002   Code   RO         3516    i.HAL_UARTEx_TxFifoEmptyCallback  stm32g4xx_hal_uart_ex.o
    0x080020d4   0x080020d4   0x00000002   Code   RO         3517    i.HAL_UARTEx_WakeupCallback  stm32g4xx_hal_uart_ex.o
    0x080020d6   0x080020d6   0x00000002   Code   RO         3109    i.HAL_UART_ErrorCallback  stm32g4xx_hal_uart.o
    0x080020d8   0x080020d8   0x0000031c   Code   RO         3112    i.HAL_UART_IRQHandler  stm32g4xx_hal_uart.o
    0x080023f4   0x080023f4   0x0000006a   Code   RO         3113    i.HAL_UART_Init     stm32g4xx_hal_uart.o
    0x0800245e   0x0800245e   0x00000002   PAD
    0x08002460   0x08002460   0x00000088   Code   RO          281    i.HAL_UART_MspInit  usart.o
    0x080024e8   0x080024e8   0x00000002   Code   RO         3125    i.HAL_UART_TxCpltCallback  stm32g4xx_hal_uart.o
    0x080024ea   0x080024ea   0x00000002   Code   RO          324    i.HardFault_Handler  stm32g4xx_it.o
    0x080024ec   0x080024ec   0x000000e4   Code   RO          184    i.MX_GPIO_Init      gpio.o
    0x080025d0   0x080025d0   0x000000d4   Code   RO          214    i.MX_TIM1_Init      tim.o
    0x080026a4   0x080026a4   0x00000068   Code   RO          215    i.MX_TIM2_Init      tim.o
    0x0800270c   0x0800270c   0x00000068   Code   RO          282    i.MX_USART2_UART_Init  usart.o
    0x08002774   0x08002774   0x00000002   Code   RO          325    i.MemManage_Handler  stm32g4xx_it.o
    0x08002776   0x08002776   0x00000002   Code   RO          326    i.NMI_Handler       stm32g4xx_it.o
    0x08002778   0x08002778   0x00000002   Code   RO          327    i.PendSV_Handler    stm32g4xx_it.o
    0x0800277a   0x0800277a   0x00000002   Code   RO          328    i.SVC_Handler       stm32g4xx_it.o
    0x0800277c   0x0800277c   0x00000004   Code   RO          329    i.SysTick_Handler   stm32g4xx_it.o
    0x08002780   0x08002780   0x00000068   Code   RO           14    i.SystemClock_Config  main.o
    0x080027e8   0x080027e8   0x00000010   Code   RO         3623    i.SystemInit        system_stm32g4xx.o
    0x080027f8   0x080027f8   0x0000000c   Code   RO          330    i.TIM2_IRQHandler   stm32g4xx_it.o
    0x08002804   0x08002804   0x000000b8   Code   RO          769    i.TIM_Base_SetConfig  stm32g4xx_hal_tim.o
    0x080028bc   0x080028bc   0x0000001a   Code   RO          770    i.TIM_CCxChannelCmd  stm32g4xx_hal_tim.o
    0x080028d6   0x080028d6   0x0000001a   Code   RO         1456    i.TIM_CCxNChannelCmd  stm32g4xx_hal_tim_ex.o
    0x080028f0   0x080028f0   0x00000014   Code   RO          780    i.TIM_ETR_SetConfig  stm32g4xx_hal_tim.o
    0x08002904   0x08002904   0x00000014   Code   RO          781    i.TIM_ITRx_SetConfig  stm32g4xx_hal_tim.o
    0x08002918   0x08002918   0x000000a4   Code   RO          782    i.TIM_OC1_SetConfig  stm32g4xx_hal_tim.o
    0x080029bc   0x080029bc   0x00000094   Code   RO          783    i.TIM_OC2_SetConfig  stm32g4xx_hal_tim.o
    0x08002a50   0x08002a50   0x00000094   Code   RO          784    i.TIM_OC3_SetConfig  stm32g4xx_hal_tim.o
    0x08002ae4   0x08002ae4   0x00000094   Code   RO          785    i.TIM_OC4_SetConfig  stm32g4xx_hal_tim.o
    0x08002b78   0x08002b78   0x00000070   Code   RO          786    i.TIM_OC5_SetConfig  stm32g4xx_hal_tim.o
    0x08002be8   0x08002be8   0x00000070   Code   RO          787    i.TIM_OC6_SetConfig  stm32g4xx_hal_tim.o
    0x08002c58   0x08002c58   0x0000005c   Code   RO          789    i.TIM_TI1_ConfigInputStage  stm32g4xx_hal_tim.o
    0x08002cb4   0x08002cb4   0x00000040   Code   RO          791    i.TIM_TI2_ConfigInputStage  stm32g4xx_hal_tim.o
    0x08002cf4   0x08002cf4   0x00000044   Code   RO         3518    i.UARTEx_SetNbDataToProcess  stm32g4xx_hal_uart_ex.o
    0x08002d38   0x08002d38   0x000000c8   Code   RO         3127    i.UART_AdvFeatureConfig  stm32g4xx_hal_uart.o
    0x08002e00   0x08002e00   0x000000ac   Code   RO         3128    i.UART_CheckIdleState  stm32g4xx_hal_uart.o
    0x08002eac   0x08002eac   0x0000000a   Code   RO         3129    i.UART_DMAAbortOnError  stm32g4xx_hal_uart.o
    0x08002eb6   0x08002eb6   0x00000002   PAD
    0x08002eb8   0x08002eb8   0x00000054   Code   RO         3139    i.UART_EndRxTransfer  stm32g4xx_hal_uart.o
    0x08002f0c   0x08002f0c   0x00000274   Code   RO         3145    i.UART_SetConfig    stm32g4xx_hal_uart.o
    0x08003180   0x08003180   0x00000094   Code   RO         3152    i.UART_WaitOnFlagUntilTimeout  stm32g4xx_hal_uart.o
    0x08003214   0x08003214   0x0000000c   Code   RO          331    i.USART2_IRQHandler  stm32g4xx_it.o
    0x08003220   0x08003220   0x00000002   Code   RO          332    i.UsageFault_Handler  stm32g4xx_it.o
    0x08003222   0x08003222   0x00000030   Code   RO         4210    i.__ARM_fpclassify  m_wm.l(fpclassify.o)
    0x08003252   0x08003252   0x00000020   Code   RO         2957    i.__NVIC_SetPriority  stm32g4xx_hal_cortex.o
    0x08003272   0x08003272   0x00000006   PAD
    0x08003278   0x08003278   0x000000c8   Code   RO         4052    i.__hardfp_cos      m_wm.l(cos.o)
    0x08003340   0x08003340   0x000000b0   Code   RO         4064    i.__hardfp_fmodf    m_wm.l(fmodf.o)
    0x080033f0   0x080033f0   0x000000c8   Code   RO         4076    i.__hardfp_sin      m_wm.l(sin.o)
    0x080034b8   0x080034b8   0x0000007a   Code   RO         4088    i.__hardfp_sqrt     m_wm.l(sqrt.o)
    0x08003532   0x08003532   0x00000006   PAD
    0x08003538   0x08003538   0x00000438   Code   RO         4155    i.__ieee754_rem_pio2  m_wm.l(rred.o)
    0x08003970   0x08003970   0x00000170   Code   RO         4124    i.__kernel_cos      m_wm.l(cos_i.o)
    0x08003ae0   0x08003ae0   0x000000f8   Code   RO         4212    i.__kernel_poly     m_wm.l(poly.o)
    0x08003bd8   0x08003bd8   0x00000130   Code   RO         4160    i.__kernel_sin      m_wm.l(sin_i.o)
    0x08003d08   0x08003d08   0x00000014   Code   RO         4128    i.__mathlib_dbl_infnan  m_wm.l(dunder.o)
    0x08003d1c   0x08003d1c   0x00000004   PAD
    0x08003d20   0x08003d20   0x00000020   Code   RO         4130    i.__mathlib_dbl_invalid  m_wm.l(dunder.o)
    0x08003d40   0x08003d40   0x00000020   Code   RO         4133    i.__mathlib_dbl_underflow  m_wm.l(dunder.o)
    0x08003d60   0x08003d60   0x00000010   Code   RO         4144    i.__mathlib_flt_invalid  m_wm.l(funder.o)
    0x08003d70   0x08003d70   0x00000018   Code   RO         4206    i.fabs              m_wm.l(fabs.o)
    0x08003d88   0x08003d88   0x000000c8   Code   RO         3664    i.inverseClarke     foc.o
    0x08003e50   0x08003e50   0x000000e0   Code   RO         3665    i.inversePark       foc.o
    0x08003f30   0x08003f30   0x00000026   Code   RO           15    i.main              main.o
    0x08003f56   0x08003f56   0x00000002   PAD
    0x08003f58   0x08003f58   0x0000002c   Code   RO         3666    i.normalizeAngle    foc.o
    0x08003f84   0x08003f84   0x00000018   Code   RO         4107    x$fpl$basic         fz_wm.l(basic.o)
    0x08003f9c   0x08003f9c   0x00000062   Code   RO         4040    x$fpl$d2f           fz_wm.l(d2f.o)
    0x08003ffe   0x08003ffe   0x00000002   PAD
    0x08004000   0x08004000   0x00000150   Code   RO         4042    x$fpl$dadd          fz_wm.l(daddsub_clz.o)
    0x08004150   0x08004150   0x000002b0   Code   RO         4191    x$fpl$ddiv          fz_wm.l(ddiv.o)
    0x08004400   0x08004400   0x0000005e   Code   RO         4194    x$fpl$dfix          fz_wm.l(dfix.o)
    0x0800445e   0x0800445e   0x0000002e   Code   RO         4199    x$fpl$dflt          fz_wm.l(dflt_clz.o)
    0x0800448c   0x0800448c   0x00000026   Code   RO         4198    x$fpl$dfltu         fz_wm.l(dflt_clz.o)
    0x080044b2   0x080044b2   0x00000002   PAD
    0x080044b4   0x080044b4   0x00000154   Code   RO         4048    x$fpl$dmul          fz_wm.l(dmul.o)
    0x08004608   0x08004608   0x0000009c   Code   RO         4111    x$fpl$dnaninf       fz_wm.l(dnaninf.o)
    0x080046a4   0x080046a4   0x0000000c   Code   RO         4113    x$fpl$dretinf       fz_wm.l(dretinf.o)
    0x080046b0   0x080046b0   0x00000016   Code   RO         4043    x$fpl$drsb          fz_wm.l(daddsub_clz.o)
    0x080046c6   0x080046c6   0x00000002   PAD
    0x080046c8   0x080046c8   0x00000198   Code   RO         4115    x$fpl$dsqrt         fz_wm.l(dsqrt_umaal.o)
    0x08004860   0x08004860   0x000001d4   Code   RO         4044    x$fpl$dsub          fz_wm.l(daddsub_clz.o)
    0x08004a34   0x08004a34   0x00000056   Code   RO         4050    x$fpl$f2d           fz_wm.l(f2d.o)
    0x08004a8a   0x08004a8a   0x0000008c   Code   RO         4117    x$fpl$fnaninf       fz_wm.l(fnaninf.o)
    0x08004b16   0x08004b16   0x0000000a   Code   RO         4299    x$fpl$fpinit        fz_wm.l(fpinit.o)
    0x08004b20   0x08004b20   0x000000f4   Code   RO         4119    x$fpl$frem          fz_wm.l(frem_clz.o)
    0x08004c14   0x08004c14   0x0000000a   Code   RO         4121    x$fpl$fretinf       fz_wm.l(fretinf.o)
    0x08004c1e   0x08004c1e   0x00000000   Code   RO         4123    x$fpl$usenofp       fz_wm.l(usenofp.o)
    0x08004c1e   0x08004c1e   0x00000018   Data   RO         3153    .constdata          stm32g4xx_hal_uart.o
    0x08004c36   0x08004c36   0x00000010   Data   RO         3519    .constdata          stm32g4xx_hal_uart_ex.o
    0x08004c46   0x08004c46   0x00000010   Data   RO         3624    .constdata          system_stm32g4xx.o
    0x08004c56   0x08004c56   0x00000008   Data   RO         3625    .constdata          system_stm32g4xx.o
    0x08004c5e   0x08004c5e   0x00000024   Data   RO         3957    .constdata          bldc_motor.o
    0x08004c82   0x08004c82   0x00000006   PAD
    0x08004c88   0x08004c88   0x00000030   Data   RO         4125    .constdata          m_wm.l(cos_i.o)
    0x08004cb8   0x08004cb8   0x000000c8   Data   RO         4157    .constdata          m_wm.l(rred.o)
    0x08004d80   0x08004d80   0x00000028   Data   RO         4161    .constdata          m_wm.l(sin_i.o)
    0x08004da8   0x08004da8   0x00000020   Data   RO         4357    Region$$Table       anon$$obj.o


    Execution Region RW_IRAM1 (Exec base: 0x20000000, Load base: 0x08004dc8, Size: 0x000007c8, Max: 0x00008000, ABSOLUTE)

    Exec Addr    Load Addr    Size         Type   Attr      Idx    E Section Name        Object

    0x20000000   0x08004dc8   0x0000000c   Data   RW         1857    .data               stm32g4xx_hal.o
    0x2000000c   0x08004dd4   0x00000004   Data   RW         3626    .data               system_stm32g4xx.o
    0x20000010   0x08004dd8   0x00000018   Data   RW         3667    .data               foc.o
    0x20000028   0x08004df0   0x00000010   Data   RW         3958    .data               bldc_motor.o
    0x20000038        -       0x00000098   Zero   RW          216    .bss                tim.o
    0x200000d0        -       0x00000094   Zero   RW          283    .bss                usart.o
    0x20000164        -       0x00000060   Zero   RW         4215    .bss                c_w.l(libspace.o)
    0x200001c4   0x08004e00   0x00000004   PAD
    0x200001c8        -       0x00000200   Zero   RW            2    HEAP                startup_stm32g431xx.o
    0x200003c8        -       0x00000400   Zero   RW            1    STACK               startup_stm32g431xx.o


==============================================================================

Image component sizes


      Code (inc. data)   RO Data    RW Data    ZI Data      Debug   Object Name

       308         32         36         16          0       3932   bldc_motor.o
      1004         58          0         24          0       6468   foc.o
       228         18          0          0          0       1147   gpio.o
       146          0          0          0          0     644573   main.o
        64         26        472          0       1536        888   startup_stm32g431xx.o
       126         20          0         12          0       4061   stm32g4xx_hal.o
       198         14          0          0          0      34235   stm32g4xx_hal_cortex.o
       232          0          0          0          0       2179   stm32g4xx_hal_dma.o
       574         32          0          0          0       2500   stm32g4xx_hal_gpio.o
        48          6          0          0          0        994   stm32g4xx_hal_msp.o
       204         18          0          0          0       1529   stm32g4xx_hal_pwr_ex.o
      1684         88          0          0          0       6668   stm32g4xx_hal_rcc.o
       648         10          0          0          0       2024   stm32g4xx_hal_rcc_ex.o
      2836        288          0          0          0      19819   stm32g4xx_hal_tim.o
       644         64          0          0          0       9369   stm32g4xx_hal_tim_ex.o
      2150         86         24          0          0      30296   stm32g4xx_hal_uart.o
       288          6         16          0          0       5882   stm32g4xx_hal_uart_ex.o
        44         12          0          0          0       5788   stm32g4xx_it.o
        16          4         24          4          0       1319   system_stm32g4xx.o
       574         42          0          0        152       4819   tim.o
       240         18          0          0        148       2046   usart.o

    ----------------------------------------------------------------------
     12280        842        610         56       1836     790536   Object Totals
         0          0         32          0          0          0   (incl. Generated)
        24          0          6          0          0          0   (incl. Padding)

    ----------------------------------------------------------------------

      Code (inc. data)   RO Data    RW Data    ZI Data      Debug   Library Member Name

         8          0          0          0          0         68   __main.o
         0          0          0          0          0          0   __rtentry.o
        12          0          0          0          0          0   __rtentry2.o
         6          0          0          0          0          0   __rtentry4.o
        52          8          0          0          0          0   __scatter.o
        26          0          0          0          0          0   __scatter_copy.o
        28          0          0          0          0          0   __scatter_zi.o
        22          0          0          0          0        100   _rserrno.o
        18          0          0          0          0         80   exit.o
         6          0          0          0          0        152   heapauxi.o
         0          0          0          0          0          0   indicate_semi.o
         2          0          0          0          0          0   libinit.o
         6          0          0          0          0          0   libinit2.o
         2          0          0          0          0          0   libshutdown.o
         2          0          0          0          0          0   libshutdown2.o
         8          4          0          0         96         68   libspace.o
       238          0          0          0          0        100   lludivv7m.o
         8          4          0          0          0         68   rt_errno_addr_intlibspace.o
        78          0          0          0          0         80   rt_memclr_w.o
         2          0          0          0          0          0   rtexit.o
        10          0          0          0          0          0   rtexit2.o
        12          4          0          0          0         68   sys_exit.o
        74          0          0          0          0         80   sys_stackheap_outer.o
         2          0          0          0          0         68   use_no_semi.o
        24          0          0          0          0        164   basic.o
        98          4          0          0          0        140   d2f.o
       826         16          0          0          0        492   daddsub_clz.o
       688        140          0          0          0        256   ddiv.o
        94          4          0          0          0        140   dfix.o
        84          0          0          0          0        232   dflt_clz.o
       340         12          0          0          0        152   dmul.o
       156          4          0          0          0        140   dnaninf.o
        12          0          0          0          0        116   dretinf.o
       408         56          0          0          0        168   dsqrt_umaal.o
        86          4          0          0          0        132   f2d.o
       140          4          0          0          0        132   fnaninf.o
        10          0          0          0          0        116   fpinit.o
       244          8          0          0          0        132   frem_clz.o
        10          0          0          0          0        116   fretinf.o
         0          0          0          0          0          0   usenofp.o
       200         20          0          0          0        164   cos.o
       368         46         48          0          0        200   cos_i.o
        84         16          0          0          0        372   dunder.o
        24          0          0          0          0        124   fabs.o
       176          0          0          0          0        168   fmodf.o
        48          0          0          0          0        124   fpclassify.o
        16          6          0          0          0        116   funder.o
       248          0          0          0          0        152   poly.o
      1080        142        200          0          0        188   rred.o
       200         20          0          0          0        164   sin.o
       304         24         40          0          0        208   sin_i.o
       122          0          0          0          0        148   sqrt.o

    ----------------------------------------------------------------------
      6734        546        288          0        100       5688   Library Totals
        22          0          0          0          4          0   (incl. Padding)

    ----------------------------------------------------------------------

      Code (inc. data)   RO Data    RW Data    ZI Data      Debug   Library Name

       622         20          0          0         96        932   c_w.l
      3220        252          0          0          0       2628   fz_wm.l
      2870        274        288          0          0       2128   m_wm.l

    ----------------------------------------------------------------------
      6734        546        288          0        100       5688   Library Totals

    ----------------------------------------------------------------------

==============================================================================


      Code (inc. data)   RO Data    RW Data    ZI Data      Debug   

     19014       1388        898         56       1936     782560   Grand Totals
     19014       1388        898         56       1936     782560   ELF Image Totals
     19014       1388        898         56          0          0   ROM Totals

==============================================================================

    Total RO  Size (Code + RO Data)                19912 (  19.45kB)
    Total RW  Size (RW Data + ZI Data)              1992 (   1.95kB)
    Total ROM Size (Code + RO Data + RW Data)      19968 (  19.50kB)

==============================================================================

